Archive member included to satisfy reference by file (symbol)

../ALARM_CLOCK2_bsp/\libhal_bsp.a(alt_iic.o)
                              obj/default/hello_world_small.o (alt_ic_isr_register)
../ALARM_CLOCK2_bsp/\libhal_bsp.a(alt_iic_isr_register.o)
                              ../ALARM_CLOCK2_bsp/\libhal_bsp.a(alt_iic.o) (alt_iic_isr_register)
../ALARM_CLOCK2_bsp/\libhal_bsp.a(alt_irq_entry.o)
                              ../ALARM_CLOCK2_bsp/\libhal_bsp.a(alt_iic_isr_register.o) (alt_irq_entry)
../ALARM_CLOCK2_bsp/\libhal_bsp.a(alt_irq_handler.o)
                              ../ALARM_CLOCK2_bsp/\libhal_bsp.a(alt_iic_isr_register.o) (alt_irq_handler)
../ALARM_CLOCK2_bsp/\libhal_bsp.a(alt_irq_vars.o)
                              ../ALARM_CLOCK2_bsp/\libhal_bsp.a(alt_iic.o) (alt_irq_active)
../ALARM_CLOCK2_bsp/\libhal_bsp.a(alt_load.o)
                              ../ALARM_CLOCK2_bsp//obj/HAL/src/crt0.o (alt_load)
../ALARM_CLOCK2_bsp/\libhal_bsp.a(alt_main.o)
                              ../ALARM_CLOCK2_bsp//obj/HAL/src/crt0.o (alt_main)
../ALARM_CLOCK2_bsp/\libhal_bsp.a(alt_putstr.o)
                              obj/default/hello_world_small.o (alt_putstr)
../ALARM_CLOCK2_bsp/\libhal_bsp.a(alt_sys_init.o)
                              ../ALARM_CLOCK2_bsp/\libhal_bsp.a(alt_main.o) (alt_irq_init)
../ALARM_CLOCK2_bsp/\libhal_bsp.a(altera_avalon_jtag_uart_write.o)
                              ../ALARM_CLOCK2_bsp/\libhal_bsp.a(alt_putstr.o) (altera_avalon_jtag_uart_write)
../ALARM_CLOCK2_bsp/\libhal_bsp.a(alt_dcache_flush_all.o)
                              ../ALARM_CLOCK2_bsp/\libhal_bsp.a(alt_load.o) (alt_dcache_flush_all)
../ALARM_CLOCK2_bsp/\libhal_bsp.a(alt_exception_entry.o)
                              ../ALARM_CLOCK2_bsp/\libhal_bsp.a(alt_irq_entry.o) (alt_exception)
../ALARM_CLOCK2_bsp/\libhal_bsp.a(alt_icache_flush_all.o)
                              ../ALARM_CLOCK2_bsp/\libhal_bsp.a(alt_load.o) (alt_icache_flush_all)
../ALARM_CLOCK2_bsp/\libhal_bsp.a(alt_instruction_exception_entry.o)
                              ../ALARM_CLOCK2_bsp/\libhal_bsp.a(alt_exception_entry.o) (alt_instruction_exception_entry)
../ALARM_CLOCK2_bsp/\libhal_bsp.a(altera_nios2_gen2_irq.o)
                              ../ALARM_CLOCK2_bsp/\libhal_bsp.a(alt_sys_init.o) (altera_nios2_gen2_irq_init)
f:/intelfpga/nios2eds/bin/gnu/h-x86_64-mingw32/bin/../lib/gcc/nios2-elf/5.3.0/../../../../../H-x86_64-mingw32/nios2-elf/lib/mno-hw-mul\libsmallc.a(lib_a-strlen.o)
                              ../ALARM_CLOCK2_bsp/\libhal_bsp.a(alt_putstr.o) (strlen)

Allocating common symbols
Common symbol       size              file

alt_irq             0x100             ../ALARM_CLOCK2_bsp/\libhal_bsp.a(alt_irq_handler.o)
alarm_H_1           0x4               obj/default/hello_world_small.o
alarm_S_2           0x4               obj/default/hello_world_small.o
alarm_S_1           0x4               obj/default/hello_world_small.o
alarm_H_2           0x4               obj/default/hello_world_small.o
alarm_M_1           0x4               obj/default/hello_world_small.o
alarm_M_2           0x4               obj/default/hello_world_small.o

Memory Configuration

Name             Origin             Length             Attributes
reset            0x0000000000001000 0x0000000000000020
RAM              0x0000000000001020 0x0000000000000fe0
*default*        0x0000000000000000 0xffffffffffffffff

Linker script and memory map

LOAD ../ALARM_CLOCK2_bsp//obj/HAL/src/crt0.o
LOAD obj/default/hello_world_small.o
LOAD f:/intelfpga/nios2eds/bin/gnu/h-x86_64-mingw32/bin/../lib/gcc/nios2-elf/5.3.0/../../../../../H-x86_64-mingw32/nios2-elf/lib/mno-hw-mul\libstdc++.a
LOAD f:/intelfpga/nios2eds/bin/gnu/h-x86_64-mingw32/bin/../lib/gcc/nios2-elf/5.3.0/../../../../../H-x86_64-mingw32/nios2-elf/lib/mno-hw-mul\libm.a
LOAD f:/intelfpga/nios2eds/bin/gnu/h-x86_64-mingw32/bin/../lib/gcc/nios2-elf/5.3.0/mno-hw-mul\libgcc.a
START GROUP
LOAD f:/intelfpga/nios2eds/bin/gnu/h-x86_64-mingw32/bin/../lib/gcc/nios2-elf/5.3.0/../../../../../H-x86_64-mingw32/nios2-elf/lib/mno-hw-mul\libsmallc.a
LOAD f:/intelfpga/nios2eds/bin/gnu/h-x86_64-mingw32/bin/../lib/gcc/nios2-elf/5.3.0/mno-hw-mul\libgcc.a
LOAD ../ALARM_CLOCK2_bsp/\libhal_bsp.a
LOAD f:/intelfpga/nios2eds/bin/gnu/h-x86_64-mingw32/bin/../lib/gcc/nios2-elf/5.3.0/../../../../../H-x86_64-mingw32/nios2-elf/lib/mno-hw-mul\libm.a
END GROUP
LOAD f:/intelfpga/nios2eds/bin/gnu/h-x86_64-mingw32/bin/../lib/gcc/nios2-elf/5.3.0/mno-hw-mul\libgcc.a
                0x0000000000001000                __alt_mem_RAM = 0x1000

.entry          0x0000000000001000       0x20
 *(.entry)
 .entry         0x0000000000001000       0x20 ../ALARM_CLOCK2_bsp//obj/HAL/src/crt0.o
                0x0000000000001000                __reset
                0x000000000000100c                _exit

.exceptions     0x0000000000001020      0x160
                0x0000000000001020                PROVIDE (__ram_exceptions_start, ABSOLUTE (.))
                0x0000000000001020                . = ALIGN (0x20)
 *(.irq)
 *(.exceptions.entry.label)
 .exceptions.entry.label
                0x0000000000001020        0x0 ../ALARM_CLOCK2_bsp/\libhal_bsp.a(alt_irq_entry.o)
                0x0000000000001020                alt_irq_entry
 .exceptions.entry.label
                0x0000000000001020        0x0 ../ALARM_CLOCK2_bsp/\libhal_bsp.a(alt_exception_entry.o)
                0x0000000000001020                alt_exception
 *(.exceptions.entry.user)
 *(.exceptions.entry.ecc_fatal)
 *(.exceptions.entry)
 .exceptions.entry
                0x0000000000001020       0x54 ../ALARM_CLOCK2_bsp/\libhal_bsp.a(alt_exception_entry.o)
 *(.exceptions.irqtest.user)
 *(.exceptions.irqtest)
 .exceptions.irqtest
                0x0000000000001074       0x10 ../ALARM_CLOCK2_bsp/\libhal_bsp.a(alt_irq_entry.o)
 *(.exceptions.irqhandler.user)
 *(.exceptions.irqhandler)
 .exceptions.irqhandler
                0x0000000000001084        0x4 ../ALARM_CLOCK2_bsp/\libhal_bsp.a(alt_irq_entry.o)
 *(.exceptions.irqreturn.user)
 *(.exceptions.irqreturn)
 .exceptions.irqreturn
                0x0000000000001088        0x4 ../ALARM_CLOCK2_bsp/\libhal_bsp.a(alt_irq_entry.o)
 *(.exceptions.notirq.label)
 .exceptions.notirq.label
                0x000000000000108c        0x0 ../ALARM_CLOCK2_bsp/\libhal_bsp.a(alt_irq_entry.o)
 *(.exceptions.notirq.user)
 *(.exceptions.notirq)
 .exceptions.notirq
                0x000000000000108c        0x8 ../ALARM_CLOCK2_bsp/\libhal_bsp.a(alt_exception_entry.o)
 *(.exceptions.soft.user)
 *(.exceptions.soft)
 *(.exceptions.unknown.user)
 *(.exceptions.unknown)
 .exceptions.unknown
                0x0000000000001094       0x14 ../ALARM_CLOCK2_bsp/\libhal_bsp.a(alt_exception_entry.o)
 *(.exceptions.exit.label)
 .exceptions.exit.label
                0x00000000000010a8        0x0 ../ALARM_CLOCK2_bsp/\libhal_bsp.a(alt_irq_entry.o)
 .exceptions.exit.label
                0x00000000000010a8        0x0 ../ALARM_CLOCK2_bsp/\libhal_bsp.a(alt_exception_entry.o)
 *(.exceptions.exit.user)
 *(.exceptions.exit)
 .exceptions.exit
                0x00000000000010a8       0x54 ../ALARM_CLOCK2_bsp/\libhal_bsp.a(alt_exception_entry.o)
 *(.exceptions)
 .exceptions    0x00000000000010fc       0x60 ../ALARM_CLOCK2_bsp/\libhal_bsp.a(alt_irq_handler.o)
                0x00000000000010fc                alt_irq_handler
 .exceptions    0x000000000000115c       0x24 ../ALARM_CLOCK2_bsp/\libhal_bsp.a(alt_instruction_exception_entry.o)
                0x000000000000115c                alt_instruction_exception_entry
                0x0000000000001180                PROVIDE (__ram_exceptions_end, ABSOLUTE (.))
                0x0000000000001020                PROVIDE (__flash_exceptions_start, LOADADDR (.exceptions))

.text           0x0000000000001180      0x514
                [!provide]                        PROVIDE (stext, ABSOLUTE (.))
 *(.interp)
 *(.hash)
 *(.dynsym)
 *(.dynstr)
 *(.gnu.version)
 *(.gnu.version_d)
 *(.gnu.version_r)
 *(.rel.init)
 *(.rela.init)
 *(.rel.text .rel.text.* .rel.gnu.linkonce.t.*)
 *(.rela.text .rela.text.* .rela.gnu.linkonce.t.*)
 *(.rel.fini)
 *(.rela.fini)
 *(.rel.rodata .rel.rodata.* .rel.gnu.linkonce.r.*)
 *(.rela.rodata .rela.rodata.* .rela.gnu.linkonce.r.*)
 *(.rel.data .rel.data.* .rel.gnu.linkonce.d.*)
 *(.rela.data .rela.data.* .rela.gnu.linkonce.d.*)
 *(.rel.tdata .rel.tdata.* .rel.gnu.linkonce.td.*)
 *(.rela.tdata .rela.tdata.* .rela.gnu.linkonce.td.*)
 *(.rel.tbss .rel.tbss.* .rel.gnu.linkonce.tb.*)
 *(.rela.tbss .rela.tbss.* .rela.gnu.linkonce.tb.*)
 *(.rel.ctors)
 *(.rela.ctors)
 *(.rel.dtors)
 *(.rela.dtors)
 *(.rel.got)
 *(.rela.got)
 *(.rel.sdata .rel.sdata.* .rel.gnu.linkonce.s.*)
 *(.rela.sdata .rela.sdata.* .rela.gnu.linkonce.s.*)
 *(.rel.sbss .rel.sbss.* .rel.gnu.linkonce.sb.*)
 *(.rela.sbss .rela.sbss.* .rela.gnu.linkonce.sb.*)
 *(.rel.sdata2 .rel.sdata2.* .rel.gnu.linkonce.s2.*)
 *(.rela.sdata2 .rela.sdata2.* .rela.gnu.linkonce.s2.*)
 *(.rel.sbss2 .rel.sbss2.* .rel.gnu.linkonce.sb2.*)
 *(.rela.sbss2 .rela.sbss2.* .rela.gnu.linkonce.sb2.*)
 *(.rel.bss .rel.bss.* .rel.gnu.linkonce.b.*)
 *(.rela.bss .rela.bss.* .rela.gnu.linkonce.b.*)
 *(.rel.plt)
 *(.rela.plt)
 *(.rel.dyn)
 *(.init)
 *(.plt)
 *(.text .stub .text.* .gnu.linkonce.t.*)
 .text          0x0000000000001180       0x3c ../ALARM_CLOCK2_bsp//obj/HAL/src/crt0.o
                0x0000000000001180                _start
 .text          0x00000000000011bc      0x154 obj/default/hello_world_small.o
                0x00000000000012d4                init_time
 .text.startup  0x0000000000001310       0x54 obj/default/hello_world_small.o
                0x0000000000001310                main
 .text          0x0000000000001364       0x8c ../ALARM_CLOCK2_bsp/\libhal_bsp.a(alt_iic.o)
                0x0000000000001364                alt_ic_isr_register
                0x0000000000001368                alt_ic_irq_enable
                0x00000000000013a0                alt_ic_irq_disable
                0x00000000000013d8                alt_ic_irq_enabled
 .text          0x00000000000013f0       0x68 ../ALARM_CLOCK2_bsp/\libhal_bsp.a(alt_iic_isr_register.o)
                0x00000000000013f0                alt_iic_isr_register
 .text          0x0000000000001458        0x0 ../ALARM_CLOCK2_bsp/\libhal_bsp.a(alt_irq_entry.o)
 .text          0x0000000000001458        0x0 ../ALARM_CLOCK2_bsp/\libhal_bsp.a(alt_irq_handler.o)
 .text          0x0000000000001458        0x0 ../ALARM_CLOCK2_bsp/\libhal_bsp.a(alt_irq_vars.o)
 .text          0x0000000000001458       0xe0 ../ALARM_CLOCK2_bsp/\libhal_bsp.a(alt_load.o)
                0x0000000000001458                alt_load
 .text          0x0000000000001538       0x2c ../ALARM_CLOCK2_bsp/\libhal_bsp.a(alt_main.o)
                0x0000000000001538                alt_main
 .text          0x0000000000001564       0x38 ../ALARM_CLOCK2_bsp/\libhal_bsp.a(alt_putstr.o)
                0x0000000000001564                alt_putstr
 .text          0x000000000000159c       0x24 ../ALARM_CLOCK2_bsp/\libhal_bsp.a(alt_sys_init.o)
                0x000000000000159c                alt_irq_init
                0x00000000000015bc                alt_sys_init
 .text          0x00000000000015c0       0x34 ../ALARM_CLOCK2_bsp/\libhal_bsp.a(altera_avalon_jtag_uart_write.o)
                0x00000000000015c0                altera_avalon_jtag_uart_write
 .text          0x00000000000015f4        0x4 ../ALARM_CLOCK2_bsp/\libhal_bsp.a(alt_dcache_flush_all.o)
                0x00000000000015f4                alt_dcache_flush_all
 .text          0x00000000000015f8        0x0 ../ALARM_CLOCK2_bsp/\libhal_bsp.a(alt_exception_entry.o)
 .text          0x00000000000015f8        0x4 ../ALARM_CLOCK2_bsp/\libhal_bsp.a(alt_icache_flush_all.o)
                0x00000000000015f8                alt_icache_flush_all
 .text          0x00000000000015fc       0x74 ../ALARM_CLOCK2_bsp/\libhal_bsp.a(alt_instruction_exception_entry.o)
                0x00000000000015fc                alt_exception_cause_generated_bad_addr
 .text          0x0000000000001670        0x8 ../ALARM_CLOCK2_bsp/\libhal_bsp.a(altera_nios2_gen2_irq.o)
                0x0000000000001670                altera_nios2_gen2_irq_init
 .text          0x0000000000001678        0x0 f:/intelfpga/nios2eds/bin/gnu/h-x86_64-mingw32/bin/../lib/gcc/nios2-elf/5.3.0/../../../../../H-x86_64-mingw32/nios2-elf/lib/mno-hw-mul\libsmallc.a(lib_a-strlen.o)
 .text.strlen   0x0000000000001678       0x1c f:/intelfpga/nios2eds/bin/gnu/h-x86_64-mingw32/bin/../lib/gcc/nios2-elf/5.3.0/../../../../../H-x86_64-mingw32/nios2-elf/lib/mno-hw-mul\libsmallc.a(lib_a-strlen.o)
                0x0000000000001678                strlen
 *(.gnu.warning.*)
 *(.fini)
                [!provide]                        PROVIDE (__etext, ABSOLUTE (.))
                [!provide]                        PROVIDE (_etext, ABSOLUTE (.))
                [!provide]                        PROVIDE (etext, ABSOLUTE (.))
 *(.eh_frame_hdr)
                0x0000000000001694                . = ALIGN (0x4)
                [!provide]                        PROVIDE (__preinit_array_start, ABSOLUTE (.))
 *(.preinit_array)
                [!provide]                        PROVIDE (__preinit_array_end, ABSOLUTE (.))
                [!provide]                        PROVIDE (__init_array_start, ABSOLUTE (.))
 *(.init_array)
                [!provide]                        PROVIDE (__init_array_end, ABSOLUTE (.))
                [!provide]                        PROVIDE (__fini_array_start, ABSOLUTE (.))
 *(.fini_array)
                [!provide]                        PROVIDE (__fini_array_end, ABSOLUTE (.))
 *(.eh_frame)
 *(.gcc_except_table .gcc_except_table.*)
 *(.dynamic)
                [!provide]                        PROVIDE (__CTOR_LIST__, ABSOLUTE (.))
 *(.ctors)
 *(SORT(.ctors.*))
                [!provide]                        PROVIDE (__CTOR_END__, ABSOLUTE (.))
                [!provide]                        PROVIDE (__DTOR_LIST__, ABSOLUTE (.))
 *(.dtors)
 *(SORT(.dtors.*))
                [!provide]                        PROVIDE (__DTOR_END__, ABSOLUTE (.))
 *(.jcr)
                0x0000000000001694                . = ALIGN (0x4)

.rodata         0x0000000000001694       0x3c
                0x0000000000001694                PROVIDE (__ram_rodata_start, ABSOLUTE (.))
                0x0000000000001694                . = ALIGN (0x4)
 *(.rodata .rodata.* .gnu.linkonce.r.*)
 .rodata.str1.4
                0x0000000000001694       0x3c obj/default/hello_world_small.o
                                         0x3a (size before relaxing)
 *(.rodata1)
                0x00000000000016d0                . = ALIGN (0x4)
                0x00000000000016d0                PROVIDE (__ram_rodata_end, ABSOLUTE (.))
                0x0000000000001694                PROVIDE (__flash_rodata_start, LOADADDR (.rodata))

.rwdata         0x00000000000016d0       0x28 load address 0x00000000000016f8
                0x00000000000016d0                PROVIDE (__ram_rwdata_start, ABSOLUTE (.))
                0x00000000000016d0                . = ALIGN (0x4)
 *(.got.plt)
 *(.got)
 *(.data1)
 *(.data .data.* .gnu.linkonce.d.*)
 .data          0x00000000000016d0        0x0 ../ALARM_CLOCK2_bsp//obj/HAL/src/crt0.o
 .data          0x00000000000016d0        0x0 obj/default/hello_world_small.o
 .data          0x00000000000016d0        0x0 ../ALARM_CLOCK2_bsp/\libhal_bsp.a(alt_iic.o)
 .data          0x00000000000016d0        0x0 ../ALARM_CLOCK2_bsp/\libhal_bsp.a(alt_iic_isr_register.o)
 .data          0x00000000000016d0        0x0 ../ALARM_CLOCK2_bsp/\libhal_bsp.a(alt_irq_entry.o)
 .data          0x00000000000016d0        0x0 ../ALARM_CLOCK2_bsp/\libhal_bsp.a(alt_irq_handler.o)
 .data          0x00000000000016d0        0x0 ../ALARM_CLOCK2_bsp/\libhal_bsp.a(alt_irq_vars.o)
 .data          0x00000000000016d0        0x0 ../ALARM_CLOCK2_bsp/\libhal_bsp.a(alt_load.o)
 .data          0x00000000000016d0        0x0 ../ALARM_CLOCK2_bsp/\libhal_bsp.a(alt_main.o)
 .data          0x00000000000016d0        0x0 ../ALARM_CLOCK2_bsp/\libhal_bsp.a(alt_putstr.o)
 .data          0x00000000000016d0        0x0 ../ALARM_CLOCK2_bsp/\libhal_bsp.a(alt_sys_init.o)
 .data          0x00000000000016d0        0x0 ../ALARM_CLOCK2_bsp/\libhal_bsp.a(altera_avalon_jtag_uart_write.o)
 .data          0x00000000000016d0        0x0 ../ALARM_CLOCK2_bsp/\libhal_bsp.a(alt_dcache_flush_all.o)
 .data          0x00000000000016d0        0x0 ../ALARM_CLOCK2_bsp/\libhal_bsp.a(alt_exception_entry.o)
 .data          0x00000000000016d0        0x0 ../ALARM_CLOCK2_bsp/\libhal_bsp.a(alt_icache_flush_all.o)
 .data          0x00000000000016d0        0x0 ../ALARM_CLOCK2_bsp/\libhal_bsp.a(alt_instruction_exception_entry.o)
 .data          0x00000000000016d0        0x0 ../ALARM_CLOCK2_bsp/\libhal_bsp.a(altera_nios2_gen2_irq.o)
 .data          0x00000000000016d0        0x0 f:/intelfpga/nios2eds/bin/gnu/h-x86_64-mingw32/bin/../lib/gcc/nios2-elf/5.3.0/../../../../../H-x86_64-mingw32/nios2-elf/lib/mno-hw-mul\libsmallc.a(lib_a-strlen.o)
                0x00000000000096d0                _gp = ABSOLUTE ((. + 0x8000))
                [!provide]                        PROVIDE (gp, _gp)
 *(.rwdata .rwdata.*)
 *(.sdata .sdata.* .gnu.linkonce.s.*)
 .sdata         0x00000000000016d0       0x20 obj/default/hello_world_small.o
                0x00000000000016d0                TIMER_IRQ
                0x00000000000016d4                TIMER_BASE
                0x00000000000016d8                S_2
                0x00000000000016dc                S_1
                0x00000000000016e0                M_2
                0x00000000000016e4                M_1
                0x00000000000016e8                H_2
                0x00000000000016ec                H_1
 .sdata         0x00000000000016f0        0x4 ../ALARM_CLOCK2_bsp/\libhal_bsp.a(alt_irq_vars.o)
                0x00000000000016f0                alt_priority_mask
 .sdata         0x00000000000016f4        0x4 ../ALARM_CLOCK2_bsp/\libhal_bsp.a(alt_sys_init.o)
                0x00000000000016f4                UART
 *(.sdata2 .sdata2.* .gnu.linkonce.s2.*)
                0x00000000000016f8                . = ALIGN (0x4)
                0x00000000000016f8                _edata = ABSOLUTE (.)
                [!provide]                        PROVIDE (edata, ABSOLUTE (.))
                0x00000000000016f8                PROVIDE (__ram_rwdata_end, ABSOLUTE (.))
                0x00000000000016f8                PROVIDE (__flash_rwdata_start, LOADADDR (.rwdata))

.bss            0x0000000000001720      0x130
                0x0000000000001720                __bss_start = ABSOLUTE (.)
                [!provide]                        PROVIDE (__sbss_start, ABSOLUTE (.))
                [!provide]                        PROVIDE (___sbss_start, ABSOLUTE (.))
 *(.dynsbss)
 *(.sbss .sbss.* .gnu.linkonce.sb.*)
 .sbss          0x0000000000001720        0x4 obj/default/hello_world_small.o
                0x0000000000001720                TIMER_IRQ_INTERRUPT_CONTROLLER_ID
 .sbss          0x0000000000001724       0x18 obj/default/hello_world_small.o
                0x0000000000001724                alarm_H_1
                0x0000000000001728                alarm_S_2
                0x000000000000172c                alarm_S_1
                0x0000000000001730                alarm_H_2
                0x0000000000001734                alarm_M_1
                0x0000000000001738                alarm_M_2
 .sbss          0x000000000000173c        0x4 ../ALARM_CLOCK2_bsp/\libhal_bsp.a(alt_irq_vars.o)
                0x000000000000173c                alt_irq_active
 .sbss          0x0000000000001740        0xc ../ALARM_CLOCK2_bsp/\libhal_bsp.a(alt_main.o)
                0x0000000000001740                alt_envp
                0x0000000000001744                alt_argv
                0x0000000000001748                alt_argc
 .sbss          0x000000000000174c        0x4 ../ALARM_CLOCK2_bsp/\libhal_bsp.a(alt_instruction_exception_entry.o)
                0x000000000000174c                alt_instruction_exception_handler
 *(.sbss2 .sbss2.* .gnu.linkonce.sb2.*)
 *(.scommon)
                [!provide]                        PROVIDE (__sbss_end, ABSOLUTE (.))
                [!provide]                        PROVIDE (___sbss_end, ABSOLUTE (.))
 *(.dynbss)
 *(.bss .bss.* .gnu.linkonce.b.*)
 .bss           0x0000000000001750        0x0 ../ALARM_CLOCK2_bsp//obj/HAL/src/crt0.o
 .bss           0x0000000000001750        0x0 obj/default/hello_world_small.o
 .bss           0x0000000000001750        0x0 ../ALARM_CLOCK2_bsp/\libhal_bsp.a(alt_iic.o)
 .bss           0x0000000000001750        0x0 ../ALARM_CLOCK2_bsp/\libhal_bsp.a(alt_iic_isr_register.o)
 .bss           0x0000000000001750        0x0 ../ALARM_CLOCK2_bsp/\libhal_bsp.a(alt_irq_entry.o)
 .bss           0x0000000000001750        0x0 ../ALARM_CLOCK2_bsp/\libhal_bsp.a(alt_irq_handler.o)
 .bss           0x0000000000001750        0x0 ../ALARM_CLOCK2_bsp/\libhal_bsp.a(alt_irq_vars.o)
 .bss           0x0000000000001750        0x0 ../ALARM_CLOCK2_bsp/\libhal_bsp.a(alt_load.o)
 .bss           0x0000000000001750        0x0 ../ALARM_CLOCK2_bsp/\libhal_bsp.a(alt_main.o)
 .bss           0x0000000000001750        0x0 ../ALARM_CLOCK2_bsp/\libhal_bsp.a(alt_putstr.o)
 .bss           0x0000000000001750        0x0 ../ALARM_CLOCK2_bsp/\libhal_bsp.a(alt_sys_init.o)
 .bss           0x0000000000001750        0x0 ../ALARM_CLOCK2_bsp/\libhal_bsp.a(altera_avalon_jtag_uart_write.o)
 .bss           0x0000000000001750        0x0 ../ALARM_CLOCK2_bsp/\libhal_bsp.a(alt_dcache_flush_all.o)
 .bss           0x0000000000001750        0x0 ../ALARM_CLOCK2_bsp/\libhal_bsp.a(alt_exception_entry.o)
 .bss           0x0000000000001750        0x0 ../ALARM_CLOCK2_bsp/\libhal_bsp.a(alt_icache_flush_all.o)
 .bss           0x0000000000001750        0x0 ../ALARM_CLOCK2_bsp/\libhal_bsp.a(alt_instruction_exception_entry.o)
 .bss           0x0000000000001750        0x0 ../ALARM_CLOCK2_bsp/\libhal_bsp.a(altera_nios2_gen2_irq.o)
 .bss           0x0000000000001750        0x0 f:/intelfpga/nios2eds/bin/gnu/h-x86_64-mingw32/bin/../lib/gcc/nios2-elf/5.3.0/../../../../../H-x86_64-mingw32/nios2-elf/lib/mno-hw-mul\libsmallc.a(lib_a-strlen.o)
 *(COMMON)
 COMMON         0x0000000000001750      0x100 ../ALARM_CLOCK2_bsp/\libhal_bsp.a(alt_irq_handler.o)
                0x0000000000001750                alt_irq
                0x0000000000001850                . = ALIGN (0x4)
                0x0000000000001850                __bss_end = ABSOLUTE (.)

.RAM            0x0000000000001850        0x0
                [!provide]                        PROVIDE (_alt_partition_RAM_start, ABSOLUTE (.))
 *(.RAM .RAM. RAM.*)
                0x0000000000001850                . = ALIGN (0x4)
                [!provide]                        PROVIDE (_alt_partition_RAM_end, ABSOLUTE (.))
                0x0000000000001850                _end = ABSOLUTE (.)
                0x0000000000001850                end = ABSOLUTE (.)
                0x0000000000001850                __alt_stack_base = ABSOLUTE (.)
                [!provide]                        PROVIDE (_alt_partition_RAM_load_addr, LOADADDR (.RAM))

.stab
 *(.stab)

.stabstr
 *(.stabstr)

.stab.excl
 *(.stab.excl)

.stab.exclstr
 *(.stab.exclstr)

.stab.index
 *(.stab.index)

.stab.indexstr
 *(.stab.indexstr)

.comment        0x0000000000000000       0x23
 *(.comment)
 .comment       0x0000000000000000       0x23 obj/default/hello_world_small.o
                                         0x24 (size before relaxing)
 .comment       0x0000000000000023       0x24 ../ALARM_CLOCK2_bsp/\libhal_bsp.a(alt_iic.o)
 .comment       0x0000000000000023       0x24 ../ALARM_CLOCK2_bsp/\libhal_bsp.a(alt_iic_isr_register.o)
 .comment       0x0000000000000023       0x24 ../ALARM_CLOCK2_bsp/\libhal_bsp.a(alt_irq_handler.o)
 .comment       0x0000000000000023       0x24 ../ALARM_CLOCK2_bsp/\libhal_bsp.a(alt_irq_vars.o)
 .comment       0x0000000000000023       0x24 ../ALARM_CLOCK2_bsp/\libhal_bsp.a(alt_load.o)
 .comment       0x0000000000000023       0x24 ../ALARM_CLOCK2_bsp/\libhal_bsp.a(alt_main.o)
 .comment       0x0000000000000023       0x24 ../ALARM_CLOCK2_bsp/\libhal_bsp.a(alt_putstr.o)
 .comment       0x0000000000000023       0x24 ../ALARM_CLOCK2_bsp/\libhal_bsp.a(alt_sys_init.o)
 .comment       0x0000000000000023       0x24 ../ALARM_CLOCK2_bsp/\libhal_bsp.a(altera_avalon_jtag_uart_write.o)
 .comment       0x0000000000000023       0x24 ../ALARM_CLOCK2_bsp/\libhal_bsp.a(alt_dcache_flush_all.o)
 .comment       0x0000000000000023       0x24 ../ALARM_CLOCK2_bsp/\libhal_bsp.a(alt_icache_flush_all.o)
 .comment       0x0000000000000023       0x24 ../ALARM_CLOCK2_bsp/\libhal_bsp.a(alt_instruction_exception_entry.o)
 .comment       0x0000000000000023       0x24 ../ALARM_CLOCK2_bsp/\libhal_bsp.a(altera_nios2_gen2_irq.o)
 .comment       0x0000000000000023       0x24 f:/intelfpga/nios2eds/bin/gnu/h-x86_64-mingw32/bin/../lib/gcc/nios2-elf/5.3.0/../../../../../H-x86_64-mingw32/nios2-elf/lib/mno-hw-mul\libsmallc.a(lib_a-strlen.o)

.debug
 *(.debug)

.line
 *(.line)

.debug_srcinfo
 *(.debug_srcinfo)

.debug_sfnames
 *(.debug_sfnames)

.debug_aranges  0x0000000000000000      0x278
 *(.debug_aranges)
 .debug_aranges
                0x0000000000000000       0x28 ../ALARM_CLOCK2_bsp//obj/HAL/src/crt0.o
 .debug_aranges
                0x0000000000000028       0x28 obj/default/hello_world_small.o
 .debug_aranges
                0x0000000000000050       0x20 ../ALARM_CLOCK2_bsp/\libhal_bsp.a(alt_iic.o)
 .debug_aranges
                0x0000000000000070       0x20 ../ALARM_CLOCK2_bsp/\libhal_bsp.a(alt_iic_isr_register.o)
 .debug_aranges
                0x0000000000000090       0x30 ../ALARM_CLOCK2_bsp/\libhal_bsp.a(alt_irq_entry.o)
 .debug_aranges
                0x00000000000000c0       0x20 ../ALARM_CLOCK2_bsp/\libhal_bsp.a(alt_irq_handler.o)
 .debug_aranges
                0x00000000000000e0       0x18 ../ALARM_CLOCK2_bsp/\libhal_bsp.a(alt_irq_vars.o)
 .debug_aranges
                0x00000000000000f8       0x20 ../ALARM_CLOCK2_bsp/\libhal_bsp.a(alt_load.o)
 .debug_aranges
                0x0000000000000118       0x20 ../ALARM_CLOCK2_bsp/\libhal_bsp.a(alt_main.o)
 .debug_aranges
                0x0000000000000138       0x20 ../ALARM_CLOCK2_bsp/\libhal_bsp.a(alt_putstr.o)
 .debug_aranges
                0x0000000000000158       0x20 ../ALARM_CLOCK2_bsp/\libhal_bsp.a(alt_sys_init.o)
 .debug_aranges
                0x0000000000000178       0x20 ../ALARM_CLOCK2_bsp/\libhal_bsp.a(altera_avalon_jtag_uart_write.o)
 .debug_aranges
                0x0000000000000198       0x20 ../ALARM_CLOCK2_bsp/\libhal_bsp.a(alt_dcache_flush_all.o)
 .debug_aranges
                0x00000000000001b8       0x38 ../ALARM_CLOCK2_bsp/\libhal_bsp.a(alt_exception_entry.o)
 .debug_aranges
                0x00000000000001f0       0x20 ../ALARM_CLOCK2_bsp/\libhal_bsp.a(alt_icache_flush_all.o)
 .debug_aranges
                0x0000000000000210       0x28 ../ALARM_CLOCK2_bsp/\libhal_bsp.a(alt_instruction_exception_entry.o)
 .debug_aranges
                0x0000000000000238       0x20 ../ALARM_CLOCK2_bsp/\libhal_bsp.a(altera_nios2_gen2_irq.o)
 .debug_aranges
                0x0000000000000258       0x20 f:/intelfpga/nios2eds/bin/gnu/h-x86_64-mingw32/bin/../lib/gcc/nios2-elf/5.3.0/../../../../../H-x86_64-mingw32/nios2-elf/lib/mno-hw-mul\libsmallc.a(lib_a-strlen.o)

.debug_pubnames
 *(.debug_pubnames)

.debug_info     0x0000000000000000     0x18aa
 *(.debug_info .gnu.linkonce.wi.*)
 .debug_info    0x0000000000000000       0x9f ../ALARM_CLOCK2_bsp//obj/HAL/src/crt0.o
 .debug_info    0x000000000000009f      0x2d1 obj/default/hello_world_small.o
 .debug_info    0x0000000000000370      0x38a ../ALARM_CLOCK2_bsp/\libhal_bsp.a(alt_iic.o)
 .debug_info    0x00000000000006fa      0x232 ../ALARM_CLOCK2_bsp/\libhal_bsp.a(alt_iic_isr_register.o)
 .debug_info    0x000000000000092c       0xa8 ../ALARM_CLOCK2_bsp/\libhal_bsp.a(alt_irq_entry.o)
 .debug_info    0x00000000000009d4      0x184 ../ALARM_CLOCK2_bsp/\libhal_bsp.a(alt_irq_handler.o)
 .debug_info    0x0000000000000b58       0x88 ../ALARM_CLOCK2_bsp/\libhal_bsp.a(alt_irq_vars.o)
 .debug_info    0x0000000000000be0      0x1c9 ../ALARM_CLOCK2_bsp/\libhal_bsp.a(alt_load.o)
 .debug_info    0x0000000000000da9      0x169 ../ALARM_CLOCK2_bsp/\libhal_bsp.a(alt_main.o)
 .debug_info    0x0000000000000f12      0x13a ../ALARM_CLOCK2_bsp/\libhal_bsp.a(alt_putstr.o)
 .debug_info    0x000000000000104c      0x19d ../ALARM_CLOCK2_bsp/\libhal_bsp.a(alt_sys_init.o)
 .debug_info    0x00000000000011e9      0x197 ../ALARM_CLOCK2_bsp/\libhal_bsp.a(altera_avalon_jtag_uart_write.o)
 .debug_info    0x0000000000001380       0x92 ../ALARM_CLOCK2_bsp/\libhal_bsp.a(alt_dcache_flush_all.o)
 .debug_info    0x0000000000001412       0xae ../ALARM_CLOCK2_bsp/\libhal_bsp.a(alt_exception_entry.o)
 .debug_info    0x00000000000014c0       0x92 ../ALARM_CLOCK2_bsp/\libhal_bsp.a(alt_icache_flush_all.o)
 .debug_info    0x0000000000001552      0x1fd ../ALARM_CLOCK2_bsp/\libhal_bsp.a(alt_instruction_exception_entry.o)
 .debug_info    0x000000000000174f       0x92 ../ALARM_CLOCK2_bsp/\libhal_bsp.a(altera_nios2_gen2_irq.o)
 .debug_info    0x00000000000017e1       0xc9 f:/intelfpga/nios2eds/bin/gnu/h-x86_64-mingw32/bin/../lib/gcc/nios2-elf/5.3.0/../../../../../H-x86_64-mingw32/nios2-elf/lib/mno-hw-mul\libsmallc.a(lib_a-strlen.o)

.debug_abbrev   0x0000000000000000      0xcd4
 *(.debug_abbrev)
 .debug_abbrev  0x0000000000000000       0x12 ../ALARM_CLOCK2_bsp//obj/HAL/src/crt0.o
 .debug_abbrev  0x0000000000000012      0x15a obj/default/hello_world_small.o
 .debug_abbrev  0x000000000000016c      0x1a0 ../ALARM_CLOCK2_bsp/\libhal_bsp.a(alt_iic.o)
 .debug_abbrev  0x000000000000030c      0x19c ../ALARM_CLOCK2_bsp/\libhal_bsp.a(alt_iic_isr_register.o)
 .debug_abbrev  0x00000000000004a8       0x12 ../ALARM_CLOCK2_bsp/\libhal_bsp.a(alt_irq_entry.o)
 .debug_abbrev  0x00000000000004ba      0x120 ../ALARM_CLOCK2_bsp/\libhal_bsp.a(alt_irq_handler.o)
 .debug_abbrev  0x00000000000005da       0x40 ../ALARM_CLOCK2_bsp/\libhal_bsp.a(alt_irq_vars.o)
 .debug_abbrev  0x000000000000061a       0xd8 ../ALARM_CLOCK2_bsp/\libhal_bsp.a(alt_load.o)
 .debug_abbrev  0x00000000000006f2       0xee ../ALARM_CLOCK2_bsp/\libhal_bsp.a(alt_main.o)
 .debug_abbrev  0x00000000000007e0       0xd3 ../ALARM_CLOCK2_bsp/\libhal_bsp.a(alt_putstr.o)
 .debug_abbrev  0x00000000000008b3      0x10e ../ALARM_CLOCK2_bsp/\libhal_bsp.a(alt_sys_init.o)
 .debug_abbrev  0x00000000000009c1       0xd5 ../ALARM_CLOCK2_bsp/\libhal_bsp.a(altera_avalon_jtag_uart_write.o)
 .debug_abbrev  0x0000000000000a96       0x42 ../ALARM_CLOCK2_bsp/\libhal_bsp.a(alt_dcache_flush_all.o)
 .debug_abbrev  0x0000000000000ad8       0x12 ../ALARM_CLOCK2_bsp/\libhal_bsp.a(alt_exception_entry.o)
 .debug_abbrev  0x0000000000000aea       0x42 ../ALARM_CLOCK2_bsp/\libhal_bsp.a(alt_icache_flush_all.o)
 .debug_abbrev  0x0000000000000b2c       0xe7 ../ALARM_CLOCK2_bsp/\libhal_bsp.a(alt_instruction_exception_entry.o)
 .debug_abbrev  0x0000000000000c13       0x42 ../ALARM_CLOCK2_bsp/\libhal_bsp.a(altera_nios2_gen2_irq.o)
 .debug_abbrev  0x0000000000000c55       0x7f f:/intelfpga/nios2eds/bin/gnu/h-x86_64-mingw32/bin/../lib/gcc/nios2-elf/5.3.0/../../../../../H-x86_64-mingw32/nios2-elf/lib/mno-hw-mul\libsmallc.a(lib_a-strlen.o)

.debug_line     0x0000000000000000      0xc09
 *(.debug_line)
 .debug_line    0x0000000000000000       0x66 ../ALARM_CLOCK2_bsp//obj/HAL/src/crt0.o
 .debug_line    0x0000000000000066       0xc1 obj/default/hello_world_small.o
 .debug_line    0x0000000000000127       0xf1 ../ALARM_CLOCK2_bsp/\libhal_bsp.a(alt_iic.o)
 .debug_line    0x0000000000000218       0xd6 ../ALARM_CLOCK2_bsp/\libhal_bsp.a(alt_iic_isr_register.o)
 .debug_line    0x00000000000002ee       0x6b ../ALARM_CLOCK2_bsp/\libhal_bsp.a(alt_irq_entry.o)
 .debug_line    0x0000000000000359       0xa5 ../ALARM_CLOCK2_bsp/\libhal_bsp.a(alt_irq_handler.o)
 .debug_line    0x00000000000003fe       0x50 ../ALARM_CLOCK2_bsp/\libhal_bsp.a(alt_irq_vars.o)
 .debug_line    0x000000000000044e       0xa4 ../ALARM_CLOCK2_bsp/\libhal_bsp.a(alt_load.o)
 .debug_line    0x00000000000004f2       0xbd ../ALARM_CLOCK2_bsp/\libhal_bsp.a(alt_main.o)
 .debug_line    0x00000000000005af       0x96 ../ALARM_CLOCK2_bsp/\libhal_bsp.a(alt_putstr.o)
 .debug_line    0x0000000000000645      0x11a ../ALARM_CLOCK2_bsp/\libhal_bsp.a(alt_sys_init.o)
 .debug_line    0x000000000000075f       0xf0 ../ALARM_CLOCK2_bsp/\libhal_bsp.a(altera_avalon_jtag_uart_write.o)
 .debug_line    0x000000000000084f       0x4e ../ALARM_CLOCK2_bsp/\libhal_bsp.a(alt_dcache_flush_all.o)
 .debug_line    0x000000000000089d       0xb3 ../ALARM_CLOCK2_bsp/\libhal_bsp.a(alt_exception_entry.o)
 .debug_line    0x0000000000000950       0x4e ../ALARM_CLOCK2_bsp/\libhal_bsp.a(alt_icache_flush_all.o)
 .debug_line    0x000000000000099e       0xbf ../ALARM_CLOCK2_bsp/\libhal_bsp.a(alt_instruction_exception_entry.o)
 .debug_line    0x0000000000000a5d       0x50 ../ALARM_CLOCK2_bsp/\libhal_bsp.a(altera_nios2_gen2_irq.o)
 .debug_line    0x0000000000000aad      0x15c f:/intelfpga/nios2eds/bin/gnu/h-x86_64-mingw32/bin/../lib/gcc/nios2-elf/5.3.0/../../../../../H-x86_64-mingw32/nios2-elf/lib/mno-hw-mul\libsmallc.a(lib_a-strlen.o)

.debug_frame    0x0000000000000000      0x2a4
 *(.debug_frame)
 .debug_frame   0x0000000000000000       0x58 obj/default/hello_world_small.o
 .debug_frame   0x0000000000000058       0x50 ../ALARM_CLOCK2_bsp/\libhal_bsp.a(alt_iic.o)
 .debug_frame   0x00000000000000a8       0x30 ../ALARM_CLOCK2_bsp/\libhal_bsp.a(alt_iic_isr_register.o)
 .debug_frame   0x00000000000000d8       0x34 ../ALARM_CLOCK2_bsp/\libhal_bsp.a(alt_irq_handler.o)
 .debug_frame   0x000000000000010c       0x30 ../ALARM_CLOCK2_bsp/\libhal_bsp.a(alt_load.o)
 .debug_frame   0x000000000000013c       0x2c ../ALARM_CLOCK2_bsp/\libhal_bsp.a(alt_main.o)
 .debug_frame   0x0000000000000168       0x30 ../ALARM_CLOCK2_bsp/\libhal_bsp.a(alt_putstr.o)
 .debug_frame   0x0000000000000198       0x3c ../ALARM_CLOCK2_bsp/\libhal_bsp.a(alt_sys_init.o)
 .debug_frame   0x00000000000001d4       0x20 ../ALARM_CLOCK2_bsp/\libhal_bsp.a(altera_avalon_jtag_uart_write.o)
 .debug_frame   0x00000000000001f4       0x20 ../ALARM_CLOCK2_bsp/\libhal_bsp.a(alt_dcache_flush_all.o)
 .debug_frame   0x0000000000000214       0x20 ../ALARM_CLOCK2_bsp/\libhal_bsp.a(alt_icache_flush_all.o)
 .debug_frame   0x0000000000000234       0x30 ../ALARM_CLOCK2_bsp/\libhal_bsp.a(alt_instruction_exception_entry.o)
 .debug_frame   0x0000000000000264       0x20 ../ALARM_CLOCK2_bsp/\libhal_bsp.a(altera_nios2_gen2_irq.o)
 .debug_frame   0x0000000000000284       0x20 f:/intelfpga/nios2eds/bin/gnu/h-x86_64-mingw32/bin/../lib/gcc/nios2-elf/5.3.0/../../../../../H-x86_64-mingw32/nios2-elf/lib/mno-hw-mul\libsmallc.a(lib_a-strlen.o)

.debug_str      0x0000000000000000      0xd29
 *(.debug_str)
 .debug_str     0x0000000000000000      0x216 obj/default/hello_world_small.o
                                        0x254 (size before relaxing)
 .debug_str     0x0000000000000216      0x175 ../ALARM_CLOCK2_bsp/\libhal_bsp.a(alt_iic.o)
                                        0x284 (size before relaxing)
 .debug_str     0x000000000000038b       0x37 ../ALARM_CLOCK2_bsp/\libhal_bsp.a(alt_iic_isr_register.o)
                                        0x23e (size before relaxing)
 .debug_str     0x00000000000003c2       0x3a ../ALARM_CLOCK2_bsp/\libhal_bsp.a(alt_irq_handler.o)
                                        0x1c8 (size before relaxing)
 .debug_str     0x00000000000003fc       0x17 ../ALARM_CLOCK2_bsp/\libhal_bsp.a(alt_irq_vars.o)
                                        0x16b (size before relaxing)
 .debug_str     0x0000000000000413      0x113 ../ALARM_CLOCK2_bsp/\libhal_bsp.a(alt_load.o)
                                        0x26d (size before relaxing)
 .debug_str     0x0000000000000526       0x8f ../ALARM_CLOCK2_bsp/\libhal_bsp.a(alt_main.o)
                                        0x1e6 (size before relaxing)
 .debug_str     0x00000000000005b5       0x5f ../ALARM_CLOCK2_bsp/\libhal_bsp.a(alt_putstr.o)
                                        0x1bc (size before relaxing)
 .debug_str     0x0000000000000614       0xb9 ../ALARM_CLOCK2_bsp/\libhal_bsp.a(alt_sys_init.o)
                                        0x288 (size before relaxing)
 .debug_str     0x00000000000006cd       0x39 ../ALARM_CLOCK2_bsp/\libhal_bsp.a(altera_avalon_jtag_uart_write.o)
                                        0x246 (size before relaxing)
 .debug_str     0x0000000000000706       0x1f ../ALARM_CLOCK2_bsp/\libhal_bsp.a(alt_dcache_flush_all.o)
                                        0x186 (size before relaxing)
 .debug_str     0x0000000000000725       0x1f ../ALARM_CLOCK2_bsp/\libhal_bsp.a(alt_icache_flush_all.o)
                                        0x186 (size before relaxing)
 .debug_str     0x0000000000000744      0x48b ../ALARM_CLOCK2_bsp/\libhal_bsp.a(alt_instruction_exception_entry.o)
                                        0x5d1 (size before relaxing)
 .debug_str     0x0000000000000bcf       0x20 ../ALARM_CLOCK2_bsp/\libhal_bsp.a(altera_nios2_gen2_irq.o)
                                        0x18d (size before relaxing)
 .debug_str     0x0000000000000bef      0x13a f:/intelfpga/nios2eds/bin/gnu/h-x86_64-mingw32/bin/../lib/gcc/nios2-elf/5.3.0/../../../../../H-x86_64-mingw32/nios2-elf/lib/mno-hw-mul\libsmallc.a(lib_a-strlen.o)
                                        0x1e5 (size before relaxing)

.debug_loc      0x0000000000000000      0x4db
 *(.debug_loc)
 .debug_loc     0x0000000000000000      0x170 ../ALARM_CLOCK2_bsp/\libhal_bsp.a(alt_iic.o)
 .debug_loc     0x0000000000000170      0x193 ../ALARM_CLOCK2_bsp/\libhal_bsp.a(alt_iic_isr_register.o)
 .debug_loc     0x0000000000000303       0x72 ../ALARM_CLOCK2_bsp/\libhal_bsp.a(alt_irq_handler.o)
 .debug_loc     0x0000000000000375       0x37 ../ALARM_CLOCK2_bsp/\libhal_bsp.a(alt_putstr.o)
 .debug_loc     0x00000000000003ac       0x21 ../ALARM_CLOCK2_bsp/\libhal_bsp.a(alt_sys_init.o)
 .debug_loc     0x00000000000003cd       0x8b ../ALARM_CLOCK2_bsp/\libhal_bsp.a(altera_avalon_jtag_uart_write.o)
 .debug_loc     0x0000000000000458       0x65 ../ALARM_CLOCK2_bsp/\libhal_bsp.a(alt_instruction_exception_entry.o)
 .debug_loc     0x00000000000004bd       0x1e f:/intelfpga/nios2eds/bin/gnu/h-x86_64-mingw32/bin/../lib/gcc/nios2-elf/5.3.0/../../../../../H-x86_64-mingw32/nios2-elf/lib/mno-hw-mul\libsmallc.a(lib_a-strlen.o)

.debug_macinfo
 *(.debug_macinfo)

.debug_weaknames
 *(.debug_weaknames)

.debug_funcnames
 *(.debug_funcnames)

.debug_typenames
 *(.debug_typenames)

.debug_varnames
 *(.debug_varnames)

.debug_alt_sim_info
                0x0000000000000000       0x10
 *(.debug_alt_sim_info)
 .debug_alt_sim_info
                0x0000000000000000       0x10 ../ALARM_CLOCK2_bsp//obj/HAL/src/crt0.o
                0x0000000000002000                __alt_data_end = 0x2000
                0x0000000000002000                PROVIDE (__alt_stack_pointer, __alt_data_end)
                [!provide]                        PROVIDE (__alt_stack_limit, __alt_stack_base)
                [!provide]                        PROVIDE (__alt_heap_start, end)
                [!provide]                        PROVIDE (__alt_heap_limit, 0x2000)
OUTPUT(ALARM_CLOCK2.elf elf32-littlenios2)

.debug_ranges   0x0000000000000000      0x128
 .debug_ranges  0x0000000000000000       0x20 ../ALARM_CLOCK2_bsp//obj/HAL/src/crt0.o
 .debug_ranges  0x0000000000000020       0x30 obj/default/hello_world_small.o
 .debug_ranges  0x0000000000000050       0x28 ../ALARM_CLOCK2_bsp/\libhal_bsp.a(alt_irq_entry.o)
 .debug_ranges  0x0000000000000078       0x10 ../ALARM_CLOCK2_bsp/\libhal_bsp.a(alt_irq_handler.o)
 .debug_ranges  0x0000000000000088       0x48 ../ALARM_CLOCK2_bsp/\libhal_bsp.a(alt_load.o)
 .debug_ranges  0x00000000000000d0       0x30 ../ALARM_CLOCK2_bsp/\libhal_bsp.a(alt_exception_entry.o)
 .debug_ranges  0x0000000000000100       0x18 ../ALARM_CLOCK2_bsp/\libhal_bsp.a(alt_instruction_exception_entry.o)
 .debug_ranges  0x0000000000000118       0x10 f:/intelfpga/nios2eds/bin/gnu/h-x86_64-mingw32/bin/../lib/gcc/nios2-elf/5.3.0/../../../../../H-x86_64-mingw32/nios2-elf/lib/mno-hw-mul\libsmallc.a(lib_a-strlen.o)
