Archive member included to satisfy reference by file (symbol)

../CLOCK2020_bsp/\libhal_bsp.a(alt_irq_register.o)
                              obj/default/hello_world_small.o (alt_irq_register)
../CLOCK2020_bsp/\libhal_bsp.a(alt_irq_vars.o)
                              ../CLOCK2020_bsp/\libhal_bsp.a(alt_irq_register.o) (alt_irq_active)
../CLOCK2020_bsp/\libhal_bsp.a(alt_load.o)
                              ../CLOCK2020_bsp//obj/HAL/src/crt0.o (alt_load)
../CLOCK2020_bsp/\libhal_bsp.a(alt_main.o)
                              ../CLOCK2020_bsp//obj/HAL/src/crt0.o (alt_main)
../CLOCK2020_bsp/\libhal_bsp.a(alt_putstr.o)
                              obj/default/hello_world_small.o (alt_putstr)
../CLOCK2020_bsp/\libhal_bsp.a(alt_sys_init.o)
                              ../CLOCK2020_bsp/\libhal_bsp.a(alt_main.o) (alt_irq_init)
../CLOCK2020_bsp/\libhal_bsp.a(altera_avalon_jtag_uart_write.o)
                              ../CLOCK2020_bsp/\libhal_bsp.a(alt_putstr.o) (altera_avalon_jtag_uart_write)
../CLOCK2020_bsp/\libhal_bsp.a(alt_dcache_flush_all.o)
                              ../CLOCK2020_bsp/\libhal_bsp.a(alt_load.o) (alt_dcache_flush_all)
../CLOCK2020_bsp/\libhal_bsp.a(alt_icache_flush_all.o)
                              ../CLOCK2020_bsp/\libhal_bsp.a(alt_load.o) (alt_icache_flush_all)
../CLOCK2020_bsp/\libhal_bsp.a(alt_irq_entry.o)
                              ../CLOCK2020_bsp/\libhal_bsp.a(alt_irq_register.o) (alt_irq_entry)
../CLOCK2020_bsp/\libhal_bsp.a(alt_irq_handler.o)
                              ../CLOCK2020_bsp/\libhal_bsp.a(alt_irq_register.o) (alt_irq_handler)
../CLOCK2020_bsp/\libhal_bsp.a(altera_nios2_gen2_irq.o)
                              ../CLOCK2020_bsp/\libhal_bsp.a(alt_sys_init.o) (altera_nios2_gen2_irq_init)
../CLOCK2020_bsp/\libhal_bsp.a(alt_exception_entry.o)
                              ../CLOCK2020_bsp/\libhal_bsp.a(alt_irq_entry.o) (alt_exception)
../CLOCK2020_bsp/\libhal_bsp.a(alt_instruction_exception_entry.o)
                              ../CLOCK2020_bsp/\libhal_bsp.a(alt_exception_entry.o) (alt_instruction_exception_entry)
f:/intelfpga/nios2eds/bin/gnu/h-x86_64-mingw32/bin/../lib/gcc/nios2-elf/5.3.0/../../../../../H-x86_64-mingw32/nios2-elf/lib/mno-hw-mul\libsmallc.a(lib_a-strlen.o)
                              ../CLOCK2020_bsp/\libhal_bsp.a(alt_putstr.o) (strlen)

Allocating common symbols
Common symbol       size              file

alt_irq             0x100             ../CLOCK2020_bsp/\libhal_bsp.a(alt_irq_handler.o)
alarm_H_1           0x4               obj/default/hello_world_small.o
alarm_S_2           0x4               obj/default/hello_world_small.o
alarm_S_1           0x4               obj/default/hello_world_small.o
alarm_H_2           0x4               obj/default/hello_world_small.o
alarm_M_1           0x4               obj/default/hello_world_small.o
alarm_M_2           0x4               obj/default/hello_world_small.o

Memory Configuration

Name             Origin             Length             Attributes
reset            0x0000000000001000 0x0000000000000020
RAM              0x0000000000001020 0x0000000000000fe0
*default*        0x0000000000000000 0xffffffffffffffff

Linker script and memory map

LOAD ../CLOCK2020_bsp//obj/HAL/src/crt0.o
LOAD obj/default/hello_world_small.o
LOAD f:/intelfpga/nios2eds/bin/gnu/h-x86_64-mingw32/bin/../lib/gcc/nios2-elf/5.3.0/../../../../../H-x86_64-mingw32/nios2-elf/lib/mno-hw-mul\libstdc++.a
LOAD f:/intelfpga/nios2eds/bin/gnu/h-x86_64-mingw32/bin/../lib/gcc/nios2-elf/5.3.0/../../../../../H-x86_64-mingw32/nios2-elf/lib/mno-hw-mul\libm.a
LOAD f:/intelfpga/nios2eds/bin/gnu/h-x86_64-mingw32/bin/../lib/gcc/nios2-elf/5.3.0/mno-hw-mul\libgcc.a
START GROUP
LOAD f:/intelfpga/nios2eds/bin/gnu/h-x86_64-mingw32/bin/../lib/gcc/nios2-elf/5.3.0/../../../../../H-x86_64-mingw32/nios2-elf/lib/mno-hw-mul\libsmallc.a
LOAD f:/intelfpga/nios2eds/bin/gnu/h-x86_64-mingw32/bin/../lib/gcc/nios2-elf/5.3.0/mno-hw-mul\libgcc.a
LOAD ../CLOCK2020_bsp/\libhal_bsp.a
LOAD f:/intelfpga/nios2eds/bin/gnu/h-x86_64-mingw32/bin/../lib/gcc/nios2-elf/5.3.0/../../../../../H-x86_64-mingw32/nios2-elf/lib/mno-hw-mul\libm.a
END GROUP
LOAD f:/intelfpga/nios2eds/bin/gnu/h-x86_64-mingw32/bin/../lib/gcc/nios2-elf/5.3.0/mno-hw-mul\libgcc.a
                0x0000000000001000                __alt_mem_RAM = 0x1000

.entry          0x0000000000001000       0x20
 *(.entry)
 .entry         0x0000000000001000       0x20 ../CLOCK2020_bsp//obj/HAL/src/crt0.o
                0x0000000000001000                __reset
                0x000000000000100c                _exit

.exceptions     0x0000000000001020      0x160
                0x0000000000001020                PROVIDE (__ram_exceptions_start, ABSOLUTE (.))
                0x0000000000001020                . = ALIGN (0x20)
 *(.irq)
 *(.exceptions.entry.label)
 .exceptions.entry.label
                0x0000000000001020        0x0 ../CLOCK2020_bsp/\libhal_bsp.a(alt_irq_entry.o)
                0x0000000000001020                alt_irq_entry
 .exceptions.entry.label
                0x0000000000001020        0x0 ../CLOCK2020_bsp/\libhal_bsp.a(alt_exception_entry.o)
                0x0000000000001020                alt_exception
 *(.exceptions.entry.user)
 *(.exceptions.entry.ecc_fatal)
 *(.exceptions.entry)
 .exceptions.entry
                0x0000000000001020       0x54 ../CLOCK2020_bsp/\libhal_bsp.a(alt_exception_entry.o)
 *(.exceptions.irqtest.user)
 *(.exceptions.irqtest)
 .exceptions.irqtest
                0x0000000000001074       0x10 ../CLOCK2020_bsp/\libhal_bsp.a(alt_irq_entry.o)
 *(.exceptions.irqhandler.user)
 *(.exceptions.irqhandler)
 .exceptions.irqhandler
                0x0000000000001084        0x4 ../CLOCK2020_bsp/\libhal_bsp.a(alt_irq_entry.o)
 *(.exceptions.irqreturn.user)
 *(.exceptions.irqreturn)
 .exceptions.irqreturn
                0x0000000000001088        0x4 ../CLOCK2020_bsp/\libhal_bsp.a(alt_irq_entry.o)
 *(.exceptions.notirq.label)
 .exceptions.notirq.label
                0x000000000000108c        0x0 ../CLOCK2020_bsp/\libhal_bsp.a(alt_irq_entry.o)
 *(.exceptions.notirq.user)
 *(.exceptions.notirq)
 .exceptions.notirq
                0x000000000000108c        0x8 ../CLOCK2020_bsp/\libhal_bsp.a(alt_exception_entry.o)
 *(.exceptions.soft.user)
 *(.exceptions.soft)
 *(.exceptions.unknown.user)
 *(.exceptions.unknown)
 .exceptions.unknown
                0x0000000000001094       0x14 ../CLOCK2020_bsp/\libhal_bsp.a(alt_exception_entry.o)
 *(.exceptions.exit.label)
 .exceptions.exit.label
                0x00000000000010a8        0x0 ../CLOCK2020_bsp/\libhal_bsp.a(alt_irq_entry.o)
 .exceptions.exit.label
                0x00000000000010a8        0x0 ../CLOCK2020_bsp/\libhal_bsp.a(alt_exception_entry.o)
 *(.exceptions.exit.user)
 *(.exceptions.exit)
 .exceptions.exit
                0x00000000000010a8       0x54 ../CLOCK2020_bsp/\libhal_bsp.a(alt_exception_entry.o)
 *(.exceptions)
 .exceptions    0x00000000000010fc       0x60 ../CLOCK2020_bsp/\libhal_bsp.a(alt_irq_handler.o)
                0x00000000000010fc                alt_irq_handler
 .exceptions    0x000000000000115c       0x24 ../CLOCK2020_bsp/\libhal_bsp.a(alt_instruction_exception_entry.o)
                0x000000000000115c                alt_instruction_exception_entry
                0x0000000000001180                PROVIDE (__ram_exceptions_end, ABSOLUTE (.))
                0x0000000000001020                PROVIDE (__flash_exceptions_start, LOADADDR (.exceptions))

.text           0x0000000000001180      0x464
                [!provide]                        PROVIDE (stext, ABSOLUTE (.))
 *(.interp)
 *(.hash)
 *(.dynsym)
 *(.dynstr)
 *(.gnu.version)
 *(.gnu.version_d)
 *(.gnu.version_r)
 *(.rel.init)
 *(.rela.init)
 *(.rel.text .rel.text.* .rel.gnu.linkonce.t.*)
 *(.rela.text .rela.text.* .rela.gnu.linkonce.t.*)
 *(.rel.fini)
 *(.rela.fini)
 *(.rel.rodata .rel.rodata.* .rel.gnu.linkonce.r.*)
 *(.rela.rodata .rela.rodata.* .rela.gnu.linkonce.r.*)
 *(.rel.data .rel.data.* .rel.gnu.linkonce.d.*)
 *(.rela.data .rela.data.* .rela.gnu.linkonce.d.*)
 *(.rel.tdata .rel.tdata.* .rel.gnu.linkonce.td.*)
 *(.rela.tdata .rela.tdata.* .rela.gnu.linkonce.td.*)
 *(.rel.tbss .rel.tbss.* .rel.gnu.linkonce.tb.*)
 *(.rela.tbss .rela.tbss.* .rela.gnu.linkonce.tb.*)
 *(.rel.ctors)
 *(.rela.ctors)
 *(.rel.dtors)
 *(.rela.dtors)
 *(.rel.got)
 *(.rela.got)
 *(.rel.sdata .rel.sdata.* .rel.gnu.linkonce.s.*)
 *(.rela.sdata .rela.sdata.* .rela.gnu.linkonce.s.*)
 *(.rel.sbss .rel.sbss.* .rel.gnu.linkonce.sb.*)
 *(.rela.sbss .rela.sbss.* .rela.gnu.linkonce.sb.*)
 *(.rel.sdata2 .rel.sdata2.* .rel.gnu.linkonce.s2.*)
 *(.rela.sdata2 .rela.sdata2.* .rela.gnu.linkonce.s2.*)
 *(.rel.sbss2 .rel.sbss2.* .rel.gnu.linkonce.sb2.*)
 *(.rela.sbss2 .rela.sbss2.* .rela.gnu.linkonce.sb2.*)
 *(.rel.bss .rel.bss.* .rel.gnu.linkonce.b.*)
 *(.rela.bss .rela.bss.* .rela.gnu.linkonce.b.*)
 *(.rel.plt)
 *(.rela.plt)
 *(.rel.dyn)
 *(.init)
 *(.plt)
 *(.text .stub .text.* .gnu.linkonce.t.*)
 .text          0x0000000000001180       0x3c ../CLOCK2020_bsp//obj/HAL/src/crt0.o
                0x0000000000001180                _start
 .text          0x00000000000011bc      0x12c obj/default/hello_world_small.o
                0x00000000000011bc                increment_hours
                0x0000000000001228                increment_minutes
                0x0000000000001288                increment_time
 .text.startup  0x00000000000012e8       0x2c obj/default/hello_world_small.o
                0x00000000000012e8                main
 .text          0x0000000000001314       0x94 ../CLOCK2020_bsp/\libhal_bsp.a(alt_irq_register.o)
                0x0000000000001314                alt_irq_register
 .text          0x00000000000013a8        0x0 ../CLOCK2020_bsp/\libhal_bsp.a(alt_irq_vars.o)
 .text          0x00000000000013a8       0xe0 ../CLOCK2020_bsp/\libhal_bsp.a(alt_load.o)
                0x00000000000013a8                alt_load
 .text          0x0000000000001488       0x2c ../CLOCK2020_bsp/\libhal_bsp.a(alt_main.o)
                0x0000000000001488                alt_main
 .text          0x00000000000014b4       0x38 ../CLOCK2020_bsp/\libhal_bsp.a(alt_putstr.o)
                0x00000000000014b4                alt_putstr
 .text          0x00000000000014ec       0x24 ../CLOCK2020_bsp/\libhal_bsp.a(alt_sys_init.o)
                0x00000000000014ec                alt_irq_init
                0x000000000000150c                alt_sys_init
 .text          0x0000000000001510       0x34 ../CLOCK2020_bsp/\libhal_bsp.a(altera_avalon_jtag_uart_write.o)
                0x0000000000001510                altera_avalon_jtag_uart_write
 .text          0x0000000000001544        0x4 ../CLOCK2020_bsp/\libhal_bsp.a(alt_dcache_flush_all.o)
                0x0000000000001544                alt_dcache_flush_all
 .text          0x0000000000001548        0x4 ../CLOCK2020_bsp/\libhal_bsp.a(alt_icache_flush_all.o)
                0x0000000000001548                alt_icache_flush_all
 .text          0x000000000000154c        0x0 ../CLOCK2020_bsp/\libhal_bsp.a(alt_irq_entry.o)
 .text          0x000000000000154c        0x0 ../CLOCK2020_bsp/\libhal_bsp.a(alt_irq_handler.o)
 .text          0x000000000000154c        0x8 ../CLOCK2020_bsp/\libhal_bsp.a(altera_nios2_gen2_irq.o)
                0x000000000000154c                altera_nios2_gen2_irq_init
 .text          0x0000000000001554        0x0 ../CLOCK2020_bsp/\libhal_bsp.a(alt_exception_entry.o)
 .text          0x0000000000001554       0x74 ../CLOCK2020_bsp/\libhal_bsp.a(alt_instruction_exception_entry.o)
                0x0000000000001554                alt_exception_cause_generated_bad_addr
 .text          0x00000000000015c8        0x0 f:/intelfpga/nios2eds/bin/gnu/h-x86_64-mingw32/bin/../lib/gcc/nios2-elf/5.3.0/../../../../../H-x86_64-mingw32/nios2-elf/lib/mno-hw-mul\libsmallc.a(lib_a-strlen.o)
 .text.strlen   0x00000000000015c8       0x1c f:/intelfpga/nios2eds/bin/gnu/h-x86_64-mingw32/bin/../lib/gcc/nios2-elf/5.3.0/../../../../../H-x86_64-mingw32/nios2-elf/lib/mno-hw-mul\libsmallc.a(lib_a-strlen.o)
                0x00000000000015c8                strlen
 *(.gnu.warning.*)
 *(.fini)
                [!provide]                        PROVIDE (__etext, ABSOLUTE (.))
                [!provide]                        PROVIDE (_etext, ABSOLUTE (.))
                [!provide]                        PROVIDE (etext, ABSOLUTE (.))
 *(.eh_frame_hdr)
                0x00000000000015e4                . = ALIGN (0x4)
                [!provide]                        PROVIDE (__preinit_array_start, ABSOLUTE (.))
 *(.preinit_array)
                [!provide]                        PROVIDE (__preinit_array_end, ABSOLUTE (.))
                [!provide]                        PROVIDE (__init_array_start, ABSOLUTE (.))
 *(.init_array)
                [!provide]                        PROVIDE (__init_array_end, ABSOLUTE (.))
                [!provide]                        PROVIDE (__fini_array_start, ABSOLUTE (.))
 *(.fini_array)
                [!provide]                        PROVIDE (__fini_array_end, ABSOLUTE (.))
 *(.eh_frame)
 *(.gcc_except_table .gcc_except_table.*)
 *(.dynamic)
                [!provide]                        PROVIDE (__CTOR_LIST__, ABSOLUTE (.))
 *(.ctors)
 *(SORT(.ctors.*))
                [!provide]                        PROVIDE (__CTOR_END__, ABSOLUTE (.))
                [!provide]                        PROVIDE (__DTOR_LIST__, ABSOLUTE (.))
 *(.dtors)
 *(SORT(.dtors.*))
                [!provide]                        PROVIDE (__DTOR_END__, ABSOLUTE (.))
 *(.jcr)
                0x00000000000015e4                . = ALIGN (0x4)

.rodata         0x00000000000015e4       0x10
                0x00000000000015e4                PROVIDE (__ram_rodata_start, ABSOLUTE (.))
                0x00000000000015e4                . = ALIGN (0x4)
 *(.rodata .rodata.* .gnu.linkonce.r.*)
 .rodata.str1.4
                0x00000000000015e4       0x10 obj/default/hello_world_small.o
                                          0xf (size before relaxing)
 *(.rodata1)
                0x00000000000015f4                . = ALIGN (0x4)
                0x00000000000015f4                PROVIDE (__ram_rodata_end, ABSOLUTE (.))
                0x00000000000015e4                PROVIDE (__flash_rodata_start, LOADADDR (.rodata))

.rwdata         0x00000000000015f4       0x28 load address 0x000000000000161c
                0x00000000000015f4                PROVIDE (__ram_rwdata_start, ABSOLUTE (.))
                0x00000000000015f4                . = ALIGN (0x4)
 *(.got.plt)
 *(.got)
 *(.data1)
 *(.data .data.* .gnu.linkonce.d.*)
 .data          0x00000000000015f4        0x0 ../CLOCK2020_bsp//obj/HAL/src/crt0.o
 .data          0x00000000000015f4        0x0 obj/default/hello_world_small.o
 .data          0x00000000000015f4        0x0 ../CLOCK2020_bsp/\libhal_bsp.a(alt_irq_register.o)
 .data          0x00000000000015f4        0x0 ../CLOCK2020_bsp/\libhal_bsp.a(alt_irq_vars.o)
 .data          0x00000000000015f4        0x0 ../CLOCK2020_bsp/\libhal_bsp.a(alt_load.o)
 .data          0x00000000000015f4        0x0 ../CLOCK2020_bsp/\libhal_bsp.a(alt_main.o)
 .data          0x00000000000015f4        0x0 ../CLOCK2020_bsp/\libhal_bsp.a(alt_putstr.o)
 .data          0x00000000000015f4        0x0 ../CLOCK2020_bsp/\libhal_bsp.a(alt_sys_init.o)
 .data          0x00000000000015f4        0x0 ../CLOCK2020_bsp/\libhal_bsp.a(altera_avalon_jtag_uart_write.o)
 .data          0x00000000000015f4        0x0 ../CLOCK2020_bsp/\libhal_bsp.a(alt_dcache_flush_all.o)
 .data          0x00000000000015f4        0x0 ../CLOCK2020_bsp/\libhal_bsp.a(alt_icache_flush_all.o)
 .data          0x00000000000015f4        0x0 ../CLOCK2020_bsp/\libhal_bsp.a(alt_irq_entry.o)
 .data          0x00000000000015f4        0x0 ../CLOCK2020_bsp/\libhal_bsp.a(alt_irq_handler.o)
 .data          0x00000000000015f4        0x0 ../CLOCK2020_bsp/\libhal_bsp.a(altera_nios2_gen2_irq.o)
 .data          0x00000000000015f4        0x0 ../CLOCK2020_bsp/\libhal_bsp.a(alt_exception_entry.o)
 .data          0x00000000000015f4        0x0 ../CLOCK2020_bsp/\libhal_bsp.a(alt_instruction_exception_entry.o)
 .data          0x00000000000015f4        0x0 f:/intelfpga/nios2eds/bin/gnu/h-x86_64-mingw32/bin/../lib/gcc/nios2-elf/5.3.0/../../../../../H-x86_64-mingw32/nios2-elf/lib/mno-hw-mul\libsmallc.a(lib_a-strlen.o)
                0x00000000000095f4                _gp = ABSOLUTE ((. + 0x8000))
                [!provide]                        PROVIDE (gp, _gp)
 *(.rwdata .rwdata.*)
 *(.sdata .sdata.* .gnu.linkonce.s.*)
 .sdata         0x00000000000015f4       0x20 obj/default/hello_world_small.o
                0x00000000000015f4                SYS_CLK_TIMER_IRQ
                0x00000000000015f8                SYS_CLK_TIMER_BASE
                0x00000000000015fc                S_2
                0x0000000000001600                S_1
                0x0000000000001604                M_2
                0x0000000000001608                M_1
                0x000000000000160c                H_2
                0x0000000000001610                H_1
 .sdata         0x0000000000001614        0x4 ../CLOCK2020_bsp/\libhal_bsp.a(alt_irq_vars.o)
                0x0000000000001614                alt_priority_mask
 .sdata         0x0000000000001618        0x4 ../CLOCK2020_bsp/\libhal_bsp.a(alt_sys_init.o)
                0x0000000000001618                UART
 *(.sdata2 .sdata2.* .gnu.linkonce.s2.*)
                0x000000000000161c                . = ALIGN (0x4)
                0x000000000000161c                _edata = ABSOLUTE (.)
                [!provide]                        PROVIDE (edata, ABSOLUTE (.))
                0x000000000000161c                PROVIDE (__ram_rwdata_end, ABSOLUTE (.))
                0x000000000000161c                PROVIDE (__flash_rwdata_start, LOADADDR (.rwdata))

.bss            0x0000000000001644      0x130
                0x0000000000001644                __bss_start = ABSOLUTE (.)
                [!provide]                        PROVIDE (__sbss_start, ABSOLUTE (.))
                [!provide]                        PROVIDE (___sbss_start, ABSOLUTE (.))
 *(.dynsbss)
 *(.sbss .sbss.* .gnu.linkonce.sb.*)
 .sbss          0x0000000000001644        0x4 obj/default/hello_world_small.o
                0x0000000000001644                SYS_CLK_TIMER_IRQ_INTERRUPT_CONTROLLER_ID
 .sbss          0x0000000000001648       0x18 obj/default/hello_world_small.o
                0x0000000000001648                alarm_H_1
                0x000000000000164c                alarm_S_2
                0x0000000000001650                alarm_S_1
                0x0000000000001654                alarm_H_2
                0x0000000000001658                alarm_M_1
                0x000000000000165c                alarm_M_2
 .sbss          0x0000000000001660        0x4 ../CLOCK2020_bsp/\libhal_bsp.a(alt_irq_vars.o)
                0x0000000000001660                alt_irq_active
 .sbss          0x0000000000001664        0xc ../CLOCK2020_bsp/\libhal_bsp.a(alt_main.o)
                0x0000000000001664                alt_envp
                0x0000000000001668                alt_argv
                0x000000000000166c                alt_argc
 .sbss          0x0000000000001670        0x4 ../CLOCK2020_bsp/\libhal_bsp.a(alt_instruction_exception_entry.o)
                0x0000000000001670                alt_instruction_exception_handler
 *(.sbss2 .sbss2.* .gnu.linkonce.sb2.*)
 *(.scommon)
                [!provide]                        PROVIDE (__sbss_end, ABSOLUTE (.))
                [!provide]                        PROVIDE (___sbss_end, ABSOLUTE (.))
 *(.dynbss)
 *(.bss .bss.* .gnu.linkonce.b.*)
 .bss           0x0000000000001674        0x0 ../CLOCK2020_bsp//obj/HAL/src/crt0.o
 .bss           0x0000000000001674        0x0 obj/default/hello_world_small.o
 .bss           0x0000000000001674        0x0 ../CLOCK2020_bsp/\libhal_bsp.a(alt_irq_register.o)
 .bss           0x0000000000001674        0x0 ../CLOCK2020_bsp/\libhal_bsp.a(alt_irq_vars.o)
 .bss           0x0000000000001674        0x0 ../CLOCK2020_bsp/\libhal_bsp.a(alt_load.o)
 .bss           0x0000000000001674        0x0 ../CLOCK2020_bsp/\libhal_bsp.a(alt_main.o)
 .bss           0x0000000000001674        0x0 ../CLOCK2020_bsp/\libhal_bsp.a(alt_putstr.o)
 .bss           0x0000000000001674        0x0 ../CLOCK2020_bsp/\libhal_bsp.a(alt_sys_init.o)
 .bss           0x0000000000001674        0x0 ../CLOCK2020_bsp/\libhal_bsp.a(altera_avalon_jtag_uart_write.o)
 .bss           0x0000000000001674        0x0 ../CLOCK2020_bsp/\libhal_bsp.a(alt_dcache_flush_all.o)
 .bss           0x0000000000001674        0x0 ../CLOCK2020_bsp/\libhal_bsp.a(alt_icache_flush_all.o)
 .bss           0x0000000000001674        0x0 ../CLOCK2020_bsp/\libhal_bsp.a(alt_irq_entry.o)
 .bss           0x0000000000001674        0x0 ../CLOCK2020_bsp/\libhal_bsp.a(alt_irq_handler.o)
 .bss           0x0000000000001674        0x0 ../CLOCK2020_bsp/\libhal_bsp.a(altera_nios2_gen2_irq.o)
 .bss           0x0000000000001674        0x0 ../CLOCK2020_bsp/\libhal_bsp.a(alt_exception_entry.o)
 .bss           0x0000000000001674        0x0 ../CLOCK2020_bsp/\libhal_bsp.a(alt_instruction_exception_entry.o)
 .bss           0x0000000000001674        0x0 f:/intelfpga/nios2eds/bin/gnu/h-x86_64-mingw32/bin/../lib/gcc/nios2-elf/5.3.0/../../../../../H-x86_64-mingw32/nios2-elf/lib/mno-hw-mul\libsmallc.a(lib_a-strlen.o)
 *(COMMON)
 COMMON         0x0000000000001674      0x100 ../CLOCK2020_bsp/\libhal_bsp.a(alt_irq_handler.o)
                0x0000000000001674                alt_irq
                0x0000000000001774                . = ALIGN (0x4)
                0x0000000000001774                __bss_end = ABSOLUTE (.)

.RAM            0x0000000000001774        0x0
                [!provide]                        PROVIDE (_alt_partition_RAM_start, ABSOLUTE (.))
 *(.RAM .RAM. RAM.*)
                0x0000000000001774                . = ALIGN (0x4)
                [!provide]                        PROVIDE (_alt_partition_RAM_end, ABSOLUTE (.))
                0x0000000000001774                _end = ABSOLUTE (.)
                0x0000000000001774                end = ABSOLUTE (.)
                0x0000000000001774                __alt_stack_base = ABSOLUTE (.)
                [!provide]                        PROVIDE (_alt_partition_RAM_load_addr, LOADADDR (.RAM))

.stab
 *(.stab)

.stabstr
 *(.stabstr)

.stab.excl
 *(.stab.excl)

.stab.exclstr
 *(.stab.exclstr)

.stab.index
 *(.stab.index)

.stab.indexstr
 *(.stab.indexstr)

.comment        0x0000000000000000       0x23
 *(.comment)
 .comment       0x0000000000000000       0x23 obj/default/hello_world_small.o
                                         0x24 (size before relaxing)
 .comment       0x0000000000000023       0x24 ../CLOCK2020_bsp/\libhal_bsp.a(alt_irq_register.o)
 .comment       0x0000000000000023       0x24 ../CLOCK2020_bsp/\libhal_bsp.a(alt_irq_vars.o)
 .comment       0x0000000000000023       0x24 ../CLOCK2020_bsp/\libhal_bsp.a(alt_load.o)
 .comment       0x0000000000000023       0x24 ../CLOCK2020_bsp/\libhal_bsp.a(alt_main.o)
 .comment       0x0000000000000023       0x24 ../CLOCK2020_bsp/\libhal_bsp.a(alt_putstr.o)
 .comment       0x0000000000000023       0x24 ../CLOCK2020_bsp/\libhal_bsp.a(alt_sys_init.o)
 .comment       0x0000000000000023       0x24 ../CLOCK2020_bsp/\libhal_bsp.a(altera_avalon_jtag_uart_write.o)
 .comment       0x0000000000000023       0x24 ../CLOCK2020_bsp/\libhal_bsp.a(alt_dcache_flush_all.o)
 .comment       0x0000000000000023       0x24 ../CLOCK2020_bsp/\libhal_bsp.a(alt_icache_flush_all.o)
 .comment       0x0000000000000023       0x24 ../CLOCK2020_bsp/\libhal_bsp.a(alt_irq_handler.o)
 .comment       0x0000000000000023       0x24 ../CLOCK2020_bsp/\libhal_bsp.a(altera_nios2_gen2_irq.o)
 .comment       0x0000000000000023       0x24 ../CLOCK2020_bsp/\libhal_bsp.a(alt_instruction_exception_entry.o)
 .comment       0x0000000000000023       0x24 f:/intelfpga/nios2eds/bin/gnu/h-x86_64-mingw32/bin/../lib/gcc/nios2-elf/5.3.0/../../../../../H-x86_64-mingw32/nios2-elf/lib/mno-hw-mul\libsmallc.a(lib_a-strlen.o)

.debug
 *(.debug)

.line
 *(.line)

.debug_srcinfo
 *(.debug_srcinfo)

.debug_sfnames
 *(.debug_sfnames)

.debug_aranges  0x0000000000000000      0x258
 *(.debug_aranges)
 .debug_aranges
                0x0000000000000000       0x28 ../CLOCK2020_bsp//obj/HAL/src/crt0.o
 .debug_aranges
                0x0000000000000028       0x28 obj/default/hello_world_small.o
 .debug_aranges
                0x0000000000000050       0x20 ../CLOCK2020_bsp/\libhal_bsp.a(alt_irq_register.o)
 .debug_aranges
                0x0000000000000070       0x18 ../CLOCK2020_bsp/\libhal_bsp.a(alt_irq_vars.o)
 .debug_aranges
                0x0000000000000088       0x20 ../CLOCK2020_bsp/\libhal_bsp.a(alt_load.o)
 .debug_aranges
                0x00000000000000a8       0x20 ../CLOCK2020_bsp/\libhal_bsp.a(alt_main.o)
 .debug_aranges
                0x00000000000000c8       0x20 ../CLOCK2020_bsp/\libhal_bsp.a(alt_putstr.o)
 .debug_aranges
                0x00000000000000e8       0x20 ../CLOCK2020_bsp/\libhal_bsp.a(alt_sys_init.o)
 .debug_aranges
                0x0000000000000108       0x20 ../CLOCK2020_bsp/\libhal_bsp.a(altera_avalon_jtag_uart_write.o)
 .debug_aranges
                0x0000000000000128       0x20 ../CLOCK2020_bsp/\libhal_bsp.a(alt_dcache_flush_all.o)
 .debug_aranges
                0x0000000000000148       0x20 ../CLOCK2020_bsp/\libhal_bsp.a(alt_icache_flush_all.o)
 .debug_aranges
                0x0000000000000168       0x30 ../CLOCK2020_bsp/\libhal_bsp.a(alt_irq_entry.o)
 .debug_aranges
                0x0000000000000198       0x20 ../CLOCK2020_bsp/\libhal_bsp.a(alt_irq_handler.o)
 .debug_aranges
                0x00000000000001b8       0x20 ../CLOCK2020_bsp/\libhal_bsp.a(altera_nios2_gen2_irq.o)
 .debug_aranges
                0x00000000000001d8       0x38 ../CLOCK2020_bsp/\libhal_bsp.a(alt_exception_entry.o)
 .debug_aranges
                0x0000000000000210       0x28 ../CLOCK2020_bsp/\libhal_bsp.a(alt_instruction_exception_entry.o)
 .debug_aranges
                0x0000000000000238       0x20 f:/intelfpga/nios2eds/bin/gnu/h-x86_64-mingw32/bin/../lib/gcc/nios2-elf/5.3.0/../../../../../H-x86_64-mingw32/nios2-elf/lib/mno-hw-mul\libsmallc.a(lib_a-strlen.o)

.debug_pubnames
 *(.debug_pubnames)

.debug_info     0x0000000000000000     0x1590
 *(.debug_info .gnu.linkonce.wi.*)
 .debug_info    0x0000000000000000       0x9c ../CLOCK2020_bsp//obj/HAL/src/crt0.o
 .debug_info    0x000000000000009c      0x274 obj/default/hello_world_small.o
 .debug_info    0x0000000000000310      0x308 ../CLOCK2020_bsp/\libhal_bsp.a(alt_irq_register.o)
 .debug_info    0x0000000000000618       0x88 ../CLOCK2020_bsp/\libhal_bsp.a(alt_irq_vars.o)
 .debug_info    0x00000000000006a0      0x1c9 ../CLOCK2020_bsp/\libhal_bsp.a(alt_load.o)
 .debug_info    0x0000000000000869      0x169 ../CLOCK2020_bsp/\libhal_bsp.a(alt_main.o)
 .debug_info    0x00000000000009d2      0x13a ../CLOCK2020_bsp/\libhal_bsp.a(alt_putstr.o)
 .debug_info    0x0000000000000b0c      0x19d ../CLOCK2020_bsp/\libhal_bsp.a(alt_sys_init.o)
 .debug_info    0x0000000000000ca9      0x197 ../CLOCK2020_bsp/\libhal_bsp.a(altera_avalon_jtag_uart_write.o)
 .debug_info    0x0000000000000e40       0x92 ../CLOCK2020_bsp/\libhal_bsp.a(alt_dcache_flush_all.o)
 .debug_info    0x0000000000000ed2       0x92 ../CLOCK2020_bsp/\libhal_bsp.a(alt_icache_flush_all.o)
 .debug_info    0x0000000000000f64       0xa5 ../CLOCK2020_bsp/\libhal_bsp.a(alt_irq_entry.o)
 .debug_info    0x0000000000001009      0x184 ../CLOCK2020_bsp/\libhal_bsp.a(alt_irq_handler.o)
 .debug_info    0x000000000000118d       0x92 ../CLOCK2020_bsp/\libhal_bsp.a(altera_nios2_gen2_irq.o)
 .debug_info    0x000000000000121f       0xab ../CLOCK2020_bsp/\libhal_bsp.a(alt_exception_entry.o)
 .debug_info    0x00000000000012ca      0x1fd ../CLOCK2020_bsp/\libhal_bsp.a(alt_instruction_exception_entry.o)
 .debug_info    0x00000000000014c7       0xc9 f:/intelfpga/nios2eds/bin/gnu/h-x86_64-mingw32/bin/../lib/gcc/nios2-elf/5.3.0/../../../../../H-x86_64-mingw32/nios2-elf/lib/mno-hw-mul\libsmallc.a(lib_a-strlen.o)

.debug_abbrev   0x0000000000000000      0xb24
 *(.debug_abbrev)
 .debug_abbrev  0x0000000000000000       0x12 ../CLOCK2020_bsp//obj/HAL/src/crt0.o
 .debug_abbrev  0x0000000000000012      0x141 obj/default/hello_world_small.o
 .debug_abbrev  0x0000000000000153      0x1a5 ../CLOCK2020_bsp/\libhal_bsp.a(alt_irq_register.o)
 .debug_abbrev  0x00000000000002f8       0x40 ../CLOCK2020_bsp/\libhal_bsp.a(alt_irq_vars.o)
 .debug_abbrev  0x0000000000000338       0xd8 ../CLOCK2020_bsp/\libhal_bsp.a(alt_load.o)
 .debug_abbrev  0x0000000000000410       0xee ../CLOCK2020_bsp/\libhal_bsp.a(alt_main.o)
 .debug_abbrev  0x00000000000004fe       0xd3 ../CLOCK2020_bsp/\libhal_bsp.a(alt_putstr.o)
 .debug_abbrev  0x00000000000005d1      0x10e ../CLOCK2020_bsp/\libhal_bsp.a(alt_sys_init.o)
 .debug_abbrev  0x00000000000006df       0xd5 ../CLOCK2020_bsp/\libhal_bsp.a(altera_avalon_jtag_uart_write.o)
 .debug_abbrev  0x00000000000007b4       0x42 ../CLOCK2020_bsp/\libhal_bsp.a(alt_dcache_flush_all.o)
 .debug_abbrev  0x00000000000007f6       0x42 ../CLOCK2020_bsp/\libhal_bsp.a(alt_icache_flush_all.o)
 .debug_abbrev  0x0000000000000838       0x12 ../CLOCK2020_bsp/\libhal_bsp.a(alt_irq_entry.o)
 .debug_abbrev  0x000000000000084a      0x120 ../CLOCK2020_bsp/\libhal_bsp.a(alt_irq_handler.o)
 .debug_abbrev  0x000000000000096a       0x42 ../CLOCK2020_bsp/\libhal_bsp.a(altera_nios2_gen2_irq.o)
 .debug_abbrev  0x00000000000009ac       0x12 ../CLOCK2020_bsp/\libhal_bsp.a(alt_exception_entry.o)
 .debug_abbrev  0x00000000000009be       0xe7 ../CLOCK2020_bsp/\libhal_bsp.a(alt_instruction_exception_entry.o)
 .debug_abbrev  0x0000000000000aa5       0x7f f:/intelfpga/nios2eds/bin/gnu/h-x86_64-mingw32/bin/../lib/gcc/nios2-elf/5.3.0/../../../../../H-x86_64-mingw32/nios2-elf/lib/mno-hw-mul\libsmallc.a(lib_a-strlen.o)

.debug_line     0x0000000000000000      0xb1a
 *(.debug_line)
 .debug_line    0x0000000000000000       0x66 ../CLOCK2020_bsp//obj/HAL/src/crt0.o
 .debug_line    0x0000000000000066       0xac obj/default/hello_world_small.o
 .debug_line    0x0000000000000112       0xed ../CLOCK2020_bsp/\libhal_bsp.a(alt_irq_register.o)
 .debug_line    0x00000000000001ff       0x50 ../CLOCK2020_bsp/\libhal_bsp.a(alt_irq_vars.o)
 .debug_line    0x000000000000024f       0xa4 ../CLOCK2020_bsp/\libhal_bsp.a(alt_load.o)
 .debug_line    0x00000000000002f3       0xbd ../CLOCK2020_bsp/\libhal_bsp.a(alt_main.o)
 .debug_line    0x00000000000003b0       0x96 ../CLOCK2020_bsp/\libhal_bsp.a(alt_putstr.o)
 .debug_line    0x0000000000000446      0x11a ../CLOCK2020_bsp/\libhal_bsp.a(alt_sys_init.o)
 .debug_line    0x0000000000000560       0xf0 ../CLOCK2020_bsp/\libhal_bsp.a(altera_avalon_jtag_uart_write.o)
 .debug_line    0x0000000000000650       0x4e ../CLOCK2020_bsp/\libhal_bsp.a(alt_dcache_flush_all.o)
 .debug_line    0x000000000000069e       0x4e ../CLOCK2020_bsp/\libhal_bsp.a(alt_icache_flush_all.o)
 .debug_line    0x00000000000006ec       0x6b ../CLOCK2020_bsp/\libhal_bsp.a(alt_irq_entry.o)
 .debug_line    0x0000000000000757       0xa5 ../CLOCK2020_bsp/\libhal_bsp.a(alt_irq_handler.o)
 .debug_line    0x00000000000007fc       0x50 ../CLOCK2020_bsp/\libhal_bsp.a(altera_nios2_gen2_irq.o)
 .debug_line    0x000000000000084c       0xb3 ../CLOCK2020_bsp/\libhal_bsp.a(alt_exception_entry.o)
 .debug_line    0x00000000000008ff       0xbf ../CLOCK2020_bsp/\libhal_bsp.a(alt_instruction_exception_entry.o)
 .debug_line    0x00000000000009be      0x15c f:/intelfpga/nios2eds/bin/gnu/h-x86_64-mingw32/bin/../lib/gcc/nios2-elf/5.3.0/../../../../../H-x86_64-mingw32/nios2-elf/lib/mno-hw-mul\libsmallc.a(lib_a-strlen.o)

.debug_frame    0x0000000000000000      0x244
 *(.debug_frame)
 .debug_frame   0x0000000000000000       0x58 obj/default/hello_world_small.o
 .debug_frame   0x0000000000000058       0x20 ../CLOCK2020_bsp/\libhal_bsp.a(alt_irq_register.o)
 .debug_frame   0x0000000000000078       0x30 ../CLOCK2020_bsp/\libhal_bsp.a(alt_load.o)
 .debug_frame   0x00000000000000a8       0x2c ../CLOCK2020_bsp/\libhal_bsp.a(alt_main.o)
 .debug_frame   0x00000000000000d4       0x30 ../CLOCK2020_bsp/\libhal_bsp.a(alt_putstr.o)
 .debug_frame   0x0000000000000104       0x3c ../CLOCK2020_bsp/\libhal_bsp.a(alt_sys_init.o)
 .debug_frame   0x0000000000000140       0x20 ../CLOCK2020_bsp/\libhal_bsp.a(altera_avalon_jtag_uart_write.o)
 .debug_frame   0x0000000000000160       0x20 ../CLOCK2020_bsp/\libhal_bsp.a(alt_dcache_flush_all.o)
 .debug_frame   0x0000000000000180       0x20 ../CLOCK2020_bsp/\libhal_bsp.a(alt_icache_flush_all.o)
 .debug_frame   0x00000000000001a0       0x34 ../CLOCK2020_bsp/\libhal_bsp.a(alt_irq_handler.o)
 .debug_frame   0x00000000000001d4       0x20 ../CLOCK2020_bsp/\libhal_bsp.a(altera_nios2_gen2_irq.o)
 .debug_frame   0x00000000000001f4       0x30 ../CLOCK2020_bsp/\libhal_bsp.a(alt_instruction_exception_entry.o)
 .debug_frame   0x0000000000000224       0x20 f:/intelfpga/nios2eds/bin/gnu/h-x86_64-mingw32/bin/../lib/gcc/nios2-elf/5.3.0/../../../../../H-x86_64-mingw32/nios2-elf/lib/mno-hw-mul\libsmallc.a(lib_a-strlen.o)

.debug_str      0x0000000000000000      0xca5
 *(.debug_str)
 .debug_str     0x0000000000000000      0x20a obj/default/hello_world_small.o
                                        0x250 (size before relaxing)
 .debug_str     0x000000000000020a      0x12e ../CLOCK2020_bsp/\libhal_bsp.a(alt_irq_register.o)
                                        0x236 (size before relaxing)
 .debug_str     0x0000000000000338       0x17 ../CLOCK2020_bsp/\libhal_bsp.a(alt_irq_vars.o)
                                        0x168 (size before relaxing)
 .debug_str     0x000000000000034f      0x113 ../CLOCK2020_bsp/\libhal_bsp.a(alt_load.o)
                                        0x26a (size before relaxing)
 .debug_str     0x0000000000000462       0x8f ../CLOCK2020_bsp/\libhal_bsp.a(alt_main.o)
                                        0x1e3 (size before relaxing)
 .debug_str     0x00000000000004f1       0x5f ../CLOCK2020_bsp/\libhal_bsp.a(alt_putstr.o)
                                        0x1b9 (size before relaxing)
 .debug_str     0x0000000000000550       0xb9 ../CLOCK2020_bsp/\libhal_bsp.a(alt_sys_init.o)
                                        0x285 (size before relaxing)
 .debug_str     0x0000000000000609       0x3f ../CLOCK2020_bsp/\libhal_bsp.a(altera_avalon_jtag_uart_write.o)
                                        0x243 (size before relaxing)
 .debug_str     0x0000000000000648       0x1f ../CLOCK2020_bsp/\libhal_bsp.a(alt_dcache_flush_all.o)
                                        0x183 (size before relaxing)
 .debug_str     0x0000000000000667       0x1f ../CLOCK2020_bsp/\libhal_bsp.a(alt_icache_flush_all.o)
                                        0x183 (size before relaxing)
 .debug_str     0x0000000000000686       0x3a ../CLOCK2020_bsp/\libhal_bsp.a(alt_irq_handler.o)
                                        0x1c5 (size before relaxing)
 .debug_str     0x00000000000006c0       0x20 ../CLOCK2020_bsp/\libhal_bsp.a(altera_nios2_gen2_irq.o)
                                        0x18a (size before relaxing)
 .debug_str     0x00000000000006e0      0x48b ../CLOCK2020_bsp/\libhal_bsp.a(alt_instruction_exception_entry.o)
                                        0x5ce (size before relaxing)
 .debug_str     0x0000000000000b6b      0x13a f:/intelfpga/nios2eds/bin/gnu/h-x86_64-mingw32/bin/../lib/gcc/nios2-elf/5.3.0/../../../../../H-x86_64-mingw32/nios2-elf/lib/mno-hw-mul\libsmallc.a(lib_a-strlen.o)
                                        0x1e5 (size before relaxing)

.debug_loc      0x0000000000000000      0x2f3
 *(.debug_loc)
 .debug_loc     0x0000000000000000       0x21 obj/default/hello_world_small.o
 .debug_loc     0x0000000000000021       0xfa ../CLOCK2020_bsp/\libhal_bsp.a(alt_irq_register.o)
 .debug_loc     0x000000000000011b       0x37 ../CLOCK2020_bsp/\libhal_bsp.a(alt_putstr.o)
 .debug_loc     0x0000000000000152       0x21 ../CLOCK2020_bsp/\libhal_bsp.a(alt_sys_init.o)
 .debug_loc     0x0000000000000173       0x8b ../CLOCK2020_bsp/\libhal_bsp.a(altera_avalon_jtag_uart_write.o)
 .debug_loc     0x00000000000001fe       0x72 ../CLOCK2020_bsp/\libhal_bsp.a(alt_irq_handler.o)
 .debug_loc     0x0000000000000270       0x65 ../CLOCK2020_bsp/\libhal_bsp.a(alt_instruction_exception_entry.o)
 .debug_loc     0x00000000000002d5       0x1e f:/intelfpga/nios2eds/bin/gnu/h-x86_64-mingw32/bin/../lib/gcc/nios2-elf/5.3.0/../../../../../H-x86_64-mingw32/nios2-elf/lib/mno-hw-mul\libsmallc.a(lib_a-strlen.o)

.debug_macinfo
 *(.debug_macinfo)

.debug_weaknames
 *(.debug_weaknames)

.debug_funcnames
 *(.debug_funcnames)

.debug_typenames
 *(.debug_typenames)

.debug_varnames
 *(.debug_varnames)

.debug_alt_sim_info
                0x0000000000000000       0x10
 *(.debug_alt_sim_info)
 .debug_alt_sim_info
                0x0000000000000000       0x10 ../CLOCK2020_bsp//obj/HAL/src/crt0.o
                0x0000000000002000                __alt_data_end = 0x2000
                0x0000000000002000                PROVIDE (__alt_stack_pointer, __alt_data_end)
                [!provide]                        PROVIDE (__alt_stack_limit, __alt_stack_base)
                [!provide]                        PROVIDE (__alt_heap_start, end)
                [!provide]                        PROVIDE (__alt_heap_limit, 0x2000)
OUTPUT(CLOCK2020.elf elf32-littlenios2)

.debug_ranges   0x0000000000000000      0x110
 .debug_ranges  0x0000000000000000       0x20 ../CLOCK2020_bsp//obj/HAL/src/crt0.o
 .debug_ranges  0x0000000000000020       0x18 obj/default/hello_world_small.o
 .debug_ranges  0x0000000000000038       0x48 ../CLOCK2020_bsp/\libhal_bsp.a(alt_load.o)
 .debug_ranges  0x0000000000000080       0x28 ../CLOCK2020_bsp/\libhal_bsp.a(alt_irq_entry.o)
 .debug_ranges  0x00000000000000a8       0x10 ../CLOCK2020_bsp/\libhal_bsp.a(alt_irq_handler.o)
 .debug_ranges  0x00000000000000b8       0x30 ../CLOCK2020_bsp/\libhal_bsp.a(alt_exception_entry.o)
 .debug_ranges  0x00000000000000e8       0x18 ../CLOCK2020_bsp/\libhal_bsp.a(alt_instruction_exception_entry.o)
 .debug_ranges  0x0000000000000100       0x10 f:/intelfpga/nios2eds/bin/gnu/h-x86_64-mingw32/bin/../lib/gcc/nios2-elf/5.3.0/../../../../../H-x86_64-mingw32/nios2-elf/lib/mno-hw-mul\libsmallc.a(lib_a-strlen.o)
