Archive member included to satisfy reference by file (symbol)

../CLOCK_ALARM_bsp/\libhal_bsp.a(alt_iic.o)
                              obj/default/hello_world_small.o (alt_ic_isr_register)
../CLOCK_ALARM_bsp/\libhal_bsp.a(alt_iic_isr_register.o)
                              ../CLOCK_ALARM_bsp/\libhal_bsp.a(alt_iic.o) (alt_iic_isr_register)
../CLOCK_ALARM_bsp/\libhal_bsp.a(alt_irq_entry.o)
                              ../CLOCK_ALARM_bsp/\libhal_bsp.a(alt_iic_isr_register.o) (alt_irq_entry)
../CLOCK_ALARM_bsp/\libhal_bsp.a(alt_irq_handler.o)
                              ../CLOCK_ALARM_bsp/\libhal_bsp.a(alt_iic_isr_register.o) (alt_irq_handler)
../CLOCK_ALARM_bsp/\libhal_bsp.a(alt_irq_vars.o)
                              ../CLOCK_ALARM_bsp/\libhal_bsp.a(alt_iic.o) (alt_irq_active)
../CLOCK_ALARM_bsp/\libhal_bsp.a(alt_load.o)
                              ../CLOCK_ALARM_bsp//obj/HAL/src/crt0.o (alt_load)
../CLOCK_ALARM_bsp/\libhal_bsp.a(alt_main.o)
                              ../CLOCK_ALARM_bsp//obj/HAL/src/crt0.o (alt_main)
../CLOCK_ALARM_bsp/\libhal_bsp.a(alt_putstr.o)
                              obj/default/hello_world_small.o (alt_putstr)
../CLOCK_ALARM_bsp/\libhal_bsp.a(alt_sys_init.o)
                              ../CLOCK_ALARM_bsp/\libhal_bsp.a(alt_main.o) (alt_irq_init)
../CLOCK_ALARM_bsp/\libhal_bsp.a(altera_avalon_jtag_uart_write.o)
                              ../CLOCK_ALARM_bsp/\libhal_bsp.a(alt_putstr.o) (altera_avalon_jtag_uart_write)
../CLOCK_ALARM_bsp/\libhal_bsp.a(alt_dcache_flush_all.o)
                              ../CLOCK_ALARM_bsp/\libhal_bsp.a(alt_load.o) (alt_dcache_flush_all)
../CLOCK_ALARM_bsp/\libhal_bsp.a(alt_exception_entry.o)
                              ../CLOCK_ALARM_bsp/\libhal_bsp.a(alt_irq_entry.o) (alt_exception)
../CLOCK_ALARM_bsp/\libhal_bsp.a(alt_icache_flush_all.o)
                              ../CLOCK_ALARM_bsp/\libhal_bsp.a(alt_load.o) (alt_icache_flush_all)
../CLOCK_ALARM_bsp/\libhal_bsp.a(alt_instruction_exception_entry.o)
                              ../CLOCK_ALARM_bsp/\libhal_bsp.a(alt_exception_entry.o) (alt_instruction_exception_entry)
../CLOCK_ALARM_bsp/\libhal_bsp.a(altera_nios2_gen2_irq.o)
                              ../CLOCK_ALARM_bsp/\libhal_bsp.a(alt_sys_init.o) (altera_nios2_gen2_irq_init)
f:/intelfpga/nios2eds/bin/gnu/h-x86_64-mingw32/bin/../lib/gcc/nios2-elf/5.3.0/../../../../../H-x86_64-mingw32/nios2-elf/lib/mno-hw-mul\libsmallc.a(lib_a-strlen.o)
                              ../CLOCK_ALARM_bsp/\libhal_bsp.a(alt_putstr.o) (strlen)

Allocating common symbols
Common symbol       size              file

alt_irq             0x100             ../CLOCK_ALARM_bsp/\libhal_bsp.a(alt_irq_handler.o)
alarm_H_1           0x4               obj/default/hello_world_small.o
STATUS              0x4               obj/default/hello_world_small.o
alarm_S_2           0x4               obj/default/hello_world_small.o
SET                 0x4               obj/default/hello_world_small.o
alarm_S_1           0x4               obj/default/hello_world_small.o
alarm_H_2           0x4               obj/default/hello_world_small.o
EDGE                0x4               obj/default/hello_world_small.o
alarm_M_1           0x4               obj/default/hello_world_small.o
CONTROL             0x4               obj/default/hello_world_small.o
MASK                0x4               obj/default/hello_world_small.o
alarm_M_2           0x4               obj/default/hello_world_small.o

Memory Configuration

Name             Origin             Length             Attributes
reset            0x0000000000001000 0x0000000000000020
RAM              0x0000000000001020 0x0000000000000fe0
*default*        0x0000000000000000 0xffffffffffffffff

Linker script and memory map

LOAD ../CLOCK_ALARM_bsp//obj/HAL/src/crt0.o
LOAD obj/default/hello_world_small.o
LOAD f:/intelfpga/nios2eds/bin/gnu/h-x86_64-mingw32/bin/../lib/gcc/nios2-elf/5.3.0/../../../../../H-x86_64-mingw32/nios2-elf/lib/mno-hw-mul\libstdc++.a
LOAD f:/intelfpga/nios2eds/bin/gnu/h-x86_64-mingw32/bin/../lib/gcc/nios2-elf/5.3.0/../../../../../H-x86_64-mingw32/nios2-elf/lib/mno-hw-mul\libm.a
LOAD f:/intelfpga/nios2eds/bin/gnu/h-x86_64-mingw32/bin/../lib/gcc/nios2-elf/5.3.0/mno-hw-mul\libgcc.a
START GROUP
LOAD f:/intelfpga/nios2eds/bin/gnu/h-x86_64-mingw32/bin/../lib/gcc/nios2-elf/5.3.0/../../../../../H-x86_64-mingw32/nios2-elf/lib/mno-hw-mul\libsmallc.a
LOAD f:/intelfpga/nios2eds/bin/gnu/h-x86_64-mingw32/bin/../lib/gcc/nios2-elf/5.3.0/mno-hw-mul\libgcc.a
LOAD ../CLOCK_ALARM_bsp/\libhal_bsp.a
LOAD f:/intelfpga/nios2eds/bin/gnu/h-x86_64-mingw32/bin/../lib/gcc/nios2-elf/5.3.0/../../../../../H-x86_64-mingw32/nios2-elf/lib/mno-hw-mul\libm.a
END GROUP
LOAD f:/intelfpga/nios2eds/bin/gnu/h-x86_64-mingw32/bin/../lib/gcc/nios2-elf/5.3.0/mno-hw-mul\libgcc.a
                0x0000000000001000                __alt_mem_RAM = 0x1000

.entry          0x0000000000001000       0x20
 *(.entry)
 .entry         0x0000000000001000       0x20 ../CLOCK_ALARM_bsp//obj/HAL/src/crt0.o
                0x0000000000001000                __reset
                0x000000000000100c                _exit

.exceptions     0x0000000000001020      0x160
                0x0000000000001020                PROVIDE (__ram_exceptions_start, ABSOLUTE (.))
                0x0000000000001020                . = ALIGN (0x20)
 *(.irq)
 *(.exceptions.entry.label)
 .exceptions.entry.label
                0x0000000000001020        0x0 ../CLOCK_ALARM_bsp/\libhal_bsp.a(alt_irq_entry.o)
                0x0000000000001020                alt_irq_entry
 .exceptions.entry.label
                0x0000000000001020        0x0 ../CLOCK_ALARM_bsp/\libhal_bsp.a(alt_exception_entry.o)
                0x0000000000001020                alt_exception
 *(.exceptions.entry.user)
 *(.exceptions.entry.ecc_fatal)
 *(.exceptions.entry)
 .exceptions.entry
                0x0000000000001020       0x54 ../CLOCK_ALARM_bsp/\libhal_bsp.a(alt_exception_entry.o)
 *(.exceptions.irqtest.user)
 *(.exceptions.irqtest)
 .exceptions.irqtest
                0x0000000000001074       0x10 ../CLOCK_ALARM_bsp/\libhal_bsp.a(alt_irq_entry.o)
 *(.exceptions.irqhandler.user)
 *(.exceptions.irqhandler)
 .exceptions.irqhandler
                0x0000000000001084        0x4 ../CLOCK_ALARM_bsp/\libhal_bsp.a(alt_irq_entry.o)
 *(.exceptions.irqreturn.user)
 *(.exceptions.irqreturn)
 .exceptions.irqreturn
                0x0000000000001088        0x4 ../CLOCK_ALARM_bsp/\libhal_bsp.a(alt_irq_entry.o)
 *(.exceptions.notirq.label)
 .exceptions.notirq.label
                0x000000000000108c        0x0 ../CLOCK_ALARM_bsp/\libhal_bsp.a(alt_irq_entry.o)
 *(.exceptions.notirq.user)
 *(.exceptions.notirq)
 .exceptions.notirq
                0x000000000000108c        0x8 ../CLOCK_ALARM_bsp/\libhal_bsp.a(alt_exception_entry.o)
 *(.exceptions.soft.user)
 *(.exceptions.soft)
 *(.exceptions.unknown.user)
 *(.exceptions.unknown)
 .exceptions.unknown
                0x0000000000001094       0x14 ../CLOCK_ALARM_bsp/\libhal_bsp.a(alt_exception_entry.o)
 *(.exceptions.exit.label)
 .exceptions.exit.label
                0x00000000000010a8        0x0 ../CLOCK_ALARM_bsp/\libhal_bsp.a(alt_irq_entry.o)
 .exceptions.exit.label
                0x00000000000010a8        0x0 ../CLOCK_ALARM_bsp/\libhal_bsp.a(alt_exception_entry.o)
 *(.exceptions.exit.user)
 *(.exceptions.exit)
 .exceptions.exit
                0x00000000000010a8       0x54 ../CLOCK_ALARM_bsp/\libhal_bsp.a(alt_exception_entry.o)
 *(.exceptions)
 .exceptions    0x00000000000010fc       0x60 ../CLOCK_ALARM_bsp/\libhal_bsp.a(alt_irq_handler.o)
                0x00000000000010fc                alt_irq_handler
 .exceptions    0x000000000000115c       0x24 ../CLOCK_ALARM_bsp/\libhal_bsp.a(alt_instruction_exception_entry.o)
                0x000000000000115c                alt_instruction_exception_entry
                0x0000000000001180                PROVIDE (__ram_exceptions_end, ABSOLUTE (.))
                0x0000000000001020                PROVIDE (__flash_exceptions_start, LOADADDR (.exceptions))

.text           0x0000000000001180      0x56c
                [!provide]                        PROVIDE (stext, ABSOLUTE (.))
 *(.interp)
 *(.hash)
 *(.dynsym)
 *(.dynstr)
 *(.gnu.version)
 *(.gnu.version_d)
 *(.gnu.version_r)
 *(.rel.init)
 *(.rela.init)
 *(.rel.text .rel.text.* .rel.gnu.linkonce.t.*)
 *(.rela.text .rela.text.* .rela.gnu.linkonce.t.*)
 *(.rel.fini)
 *(.rela.fini)
 *(.rel.rodata .rel.rodata.* .rel.gnu.linkonce.r.*)
 *(.rela.rodata .rela.rodata.* .rela.gnu.linkonce.r.*)
 *(.rel.data .rel.data.* .rel.gnu.linkonce.d.*)
 *(.rela.data .rela.data.* .rela.gnu.linkonce.d.*)
 *(.rel.tdata .rel.tdata.* .rel.gnu.linkonce.td.*)
 *(.rela.tdata .rela.tdata.* .rela.gnu.linkonce.td.*)
 *(.rel.tbss .rel.tbss.* .rel.gnu.linkonce.tb.*)
 *(.rela.tbss .rela.tbss.* .rela.gnu.linkonce.tb.*)
 *(.rel.ctors)
 *(.rela.ctors)
 *(.rel.dtors)
 *(.rela.dtors)
 *(.rel.got)
 *(.rela.got)
 *(.rel.sdata .rel.sdata.* .rel.gnu.linkonce.s.*)
 *(.rela.sdata .rela.sdata.* .rela.gnu.linkonce.s.*)
 *(.rel.sbss .rel.sbss.* .rel.gnu.linkonce.sb.*)
 *(.rela.sbss .rela.sbss.* .rela.gnu.linkonce.sb.*)
 *(.rel.sdata2 .rel.sdata2.* .rel.gnu.linkonce.s2.*)
 *(.rela.sdata2 .rela.sdata2.* .rela.gnu.linkonce.s2.*)
 *(.rel.sbss2 .rel.sbss2.* .rel.gnu.linkonce.sb2.*)
 *(.rela.sbss2 .rela.sbss2.* .rela.gnu.linkonce.sb2.*)
 *(.rel.bss .rel.bss.* .rel.gnu.linkonce.b.*)
 *(.rela.bss .rela.bss.* .rela.gnu.linkonce.b.*)
 *(.rel.plt)
 *(.rela.plt)
 *(.rel.dyn)
 *(.init)
 *(.plt)
 *(.text .stub .text.* .gnu.linkonce.t.*)
 .text          0x0000000000001180       0x3c ../CLOCK_ALARM_bsp//obj/HAL/src/crt0.o
                0x0000000000001180                _start
 .text          0x00000000000011bc      0x190 obj/default/hello_world_small.o
                0x00000000000011bc                increment_hours
                0x0000000000001228                increment_minutes
                0x0000000000001288                increment_time
                0x0000000000001310                init_time
 .text.startup  0x000000000000134c       0x70 obj/default/hello_world_small.o
                0x000000000000134c                main
 .text          0x00000000000013bc       0x8c ../CLOCK_ALARM_bsp/\libhal_bsp.a(alt_iic.o)
                0x00000000000013bc                alt_ic_isr_register
                0x00000000000013c0                alt_ic_irq_enable
                0x00000000000013f8                alt_ic_irq_disable
                0x0000000000001430                alt_ic_irq_enabled
 .text          0x0000000000001448       0x68 ../CLOCK_ALARM_bsp/\libhal_bsp.a(alt_iic_isr_register.o)
                0x0000000000001448                alt_iic_isr_register
 .text          0x00000000000014b0        0x0 ../CLOCK_ALARM_bsp/\libhal_bsp.a(alt_irq_entry.o)
 .text          0x00000000000014b0        0x0 ../CLOCK_ALARM_bsp/\libhal_bsp.a(alt_irq_handler.o)
 .text          0x00000000000014b0        0x0 ../CLOCK_ALARM_bsp/\libhal_bsp.a(alt_irq_vars.o)
 .text          0x00000000000014b0       0xe0 ../CLOCK_ALARM_bsp/\libhal_bsp.a(alt_load.o)
                0x00000000000014b0                alt_load
 .text          0x0000000000001590       0x2c ../CLOCK_ALARM_bsp/\libhal_bsp.a(alt_main.o)
                0x0000000000001590                alt_main
 .text          0x00000000000015bc       0x38 ../CLOCK_ALARM_bsp/\libhal_bsp.a(alt_putstr.o)
                0x00000000000015bc                alt_putstr
 .text          0x00000000000015f4       0x24 ../CLOCK_ALARM_bsp/\libhal_bsp.a(alt_sys_init.o)
                0x00000000000015f4                alt_irq_init
                0x0000000000001614                alt_sys_init
 .text          0x0000000000001618       0x34 ../CLOCK_ALARM_bsp/\libhal_bsp.a(altera_avalon_jtag_uart_write.o)
                0x0000000000001618                altera_avalon_jtag_uart_write
 .text          0x000000000000164c        0x4 ../CLOCK_ALARM_bsp/\libhal_bsp.a(alt_dcache_flush_all.o)
                0x000000000000164c                alt_dcache_flush_all
 .text          0x0000000000001650        0x0 ../CLOCK_ALARM_bsp/\libhal_bsp.a(alt_exception_entry.o)
 .text          0x0000000000001650        0x4 ../CLOCK_ALARM_bsp/\libhal_bsp.a(alt_icache_flush_all.o)
                0x0000000000001650                alt_icache_flush_all
 .text          0x0000000000001654       0x74 ../CLOCK_ALARM_bsp/\libhal_bsp.a(alt_instruction_exception_entry.o)
                0x0000000000001654                alt_exception_cause_generated_bad_addr
 .text          0x00000000000016c8        0x8 ../CLOCK_ALARM_bsp/\libhal_bsp.a(altera_nios2_gen2_irq.o)
                0x00000000000016c8                altera_nios2_gen2_irq_init
 .text          0x00000000000016d0        0x0 f:/intelfpga/nios2eds/bin/gnu/h-x86_64-mingw32/bin/../lib/gcc/nios2-elf/5.3.0/../../../../../H-x86_64-mingw32/nios2-elf/lib/mno-hw-mul\libsmallc.a(lib_a-strlen.o)
 .text.strlen   0x00000000000016d0       0x1c f:/intelfpga/nios2eds/bin/gnu/h-x86_64-mingw32/bin/../lib/gcc/nios2-elf/5.3.0/../../../../../H-x86_64-mingw32/nios2-elf/lib/mno-hw-mul\libsmallc.a(lib_a-strlen.o)
                0x00000000000016d0                strlen
 *(.gnu.warning.*)
 *(.fini)
                [!provide]                        PROVIDE (__etext, ABSOLUTE (.))
                [!provide]                        PROVIDE (_etext, ABSOLUTE (.))
                [!provide]                        PROVIDE (etext, ABSOLUTE (.))
 *(.eh_frame_hdr)
                0x00000000000016ec                . = ALIGN (0x4)
                [!provide]                        PROVIDE (__preinit_array_start, ABSOLUTE (.))
 *(.preinit_array)
                [!provide]                        PROVIDE (__preinit_array_end, ABSOLUTE (.))
                [!provide]                        PROVIDE (__init_array_start, ABSOLUTE (.))
 *(.init_array)
                [!provide]                        PROVIDE (__init_array_end, ABSOLUTE (.))
                [!provide]                        PROVIDE (__fini_array_start, ABSOLUTE (.))
 *(.fini_array)
                [!provide]                        PROVIDE (__fini_array_end, ABSOLUTE (.))
 *(.eh_frame)
 *(.gcc_except_table .gcc_except_table.*)
 *(.dynamic)
                [!provide]                        PROVIDE (__CTOR_LIST__, ABSOLUTE (.))
 *(.ctors)
 *(SORT(.ctors.*))
                [!provide]                        PROVIDE (__CTOR_END__, ABSOLUTE (.))
                [!provide]                        PROVIDE (__DTOR_LIST__, ABSOLUTE (.))
 *(.dtors)
 *(SORT(.dtors.*))
                [!provide]                        PROVIDE (__DTOR_END__, ABSOLUTE (.))
 *(.jcr)
                0x00000000000016ec                . = ALIGN (0x4)

.rodata         0x00000000000016ec       0x18
                0x00000000000016ec                PROVIDE (__ram_rodata_start, ABSOLUTE (.))
                0x00000000000016ec                . = ALIGN (0x4)
 *(.rodata .rodata.* .gnu.linkonce.r.*)
 .rodata.str1.4
                0x00000000000016ec       0x18 obj/default/hello_world_small.o
                                         0x17 (size before relaxing)
 *(.rodata1)
                0x0000000000001704                . = ALIGN (0x4)
                0x0000000000001704                PROVIDE (__ram_rodata_end, ABSOLUTE (.))
                0x00000000000016ec                PROVIDE (__flash_rodata_start, LOADADDR (.rodata))

.rwdata         0x0000000000001704       0x28 load address 0x000000000000172c
                0x0000000000001704                PROVIDE (__ram_rwdata_start, ABSOLUTE (.))
                0x0000000000001704                . = ALIGN (0x4)
 *(.got.plt)
 *(.got)
 *(.data1)
 *(.data .data.* .gnu.linkonce.d.*)
 .data          0x0000000000001704        0x0 ../CLOCK_ALARM_bsp//obj/HAL/src/crt0.o
 .data          0x0000000000001704        0x0 obj/default/hello_world_small.o
 .data          0x0000000000001704        0x0 ../CLOCK_ALARM_bsp/\libhal_bsp.a(alt_iic.o)
 .data          0x0000000000001704        0x0 ../CLOCK_ALARM_bsp/\libhal_bsp.a(alt_iic_isr_register.o)
 .data          0x0000000000001704        0x0 ../CLOCK_ALARM_bsp/\libhal_bsp.a(alt_irq_entry.o)
 .data          0x0000000000001704        0x0 ../CLOCK_ALARM_bsp/\libhal_bsp.a(alt_irq_handler.o)
 .data          0x0000000000001704        0x0 ../CLOCK_ALARM_bsp/\libhal_bsp.a(alt_irq_vars.o)
 .data          0x0000000000001704        0x0 ../CLOCK_ALARM_bsp/\libhal_bsp.a(alt_load.o)
 .data          0x0000000000001704        0x0 ../CLOCK_ALARM_bsp/\libhal_bsp.a(alt_main.o)
 .data          0x0000000000001704        0x0 ../CLOCK_ALARM_bsp/\libhal_bsp.a(alt_putstr.o)
 .data          0x0000000000001704        0x0 ../CLOCK_ALARM_bsp/\libhal_bsp.a(alt_sys_init.o)
 .data          0x0000000000001704        0x0 ../CLOCK_ALARM_bsp/\libhal_bsp.a(altera_avalon_jtag_uart_write.o)
 .data          0x0000000000001704        0x0 ../CLOCK_ALARM_bsp/\libhal_bsp.a(alt_dcache_flush_all.o)
 .data          0x0000000000001704        0x0 ../CLOCK_ALARM_bsp/\libhal_bsp.a(alt_exception_entry.o)
 .data          0x0000000000001704        0x0 ../CLOCK_ALARM_bsp/\libhal_bsp.a(alt_icache_flush_all.o)
 .data          0x0000000000001704        0x0 ../CLOCK_ALARM_bsp/\libhal_bsp.a(alt_instruction_exception_entry.o)
 .data          0x0000000000001704        0x0 ../CLOCK_ALARM_bsp/\libhal_bsp.a(altera_nios2_gen2_irq.o)
 .data          0x0000000000001704        0x0 f:/intelfpga/nios2eds/bin/gnu/h-x86_64-mingw32/bin/../lib/gcc/nios2-elf/5.3.0/../../../../../H-x86_64-mingw32/nios2-elf/lib/mno-hw-mul\libsmallc.a(lib_a-strlen.o)
                0x0000000000009704                _gp = ABSOLUTE ((. + 0x8000))
                [!provide]                        PROVIDE (gp, _gp)
 *(.rwdata .rwdata.*)
 *(.sdata .sdata.* .gnu.linkonce.s.*)
 .sdata         0x0000000000001704       0x20 obj/default/hello_world_small.o
                0x0000000000001704                SYS_CLK_TIMER_IRQ
                0x0000000000001708                SYS_CLK_TIMER_BASE
                0x000000000000170c                S_2
                0x0000000000001710                S_1
                0x0000000000001714                M_2
                0x0000000000001718                M_1
                0x000000000000171c                H_2
                0x0000000000001720                H_1
 .sdata         0x0000000000001724        0x4 ../CLOCK_ALARM_bsp/\libhal_bsp.a(alt_irq_vars.o)
                0x0000000000001724                alt_priority_mask
 .sdata         0x0000000000001728        0x4 ../CLOCK_ALARM_bsp/\libhal_bsp.a(alt_sys_init.o)
                0x0000000000001728                UART
 *(.sdata2 .sdata2.* .gnu.linkonce.s2.*)
                0x000000000000172c                . = ALIGN (0x4)
                0x000000000000172c                _edata = ABSOLUTE (.)
                [!provide]                        PROVIDE (edata, ABSOLUTE (.))
                0x000000000000172c                PROVIDE (__ram_rwdata_end, ABSOLUTE (.))
                0x000000000000172c                PROVIDE (__flash_rwdata_start, LOADADDR (.rwdata))

.bss            0x0000000000001754      0x144
                0x0000000000001754                __bss_start = ABSOLUTE (.)
                [!provide]                        PROVIDE (__sbss_start, ABSOLUTE (.))
                [!provide]                        PROVIDE (___sbss_start, ABSOLUTE (.))
 *(.dynsbss)
 *(.sbss .sbss.* .gnu.linkonce.sb.*)
 .sbss          0x0000000000001754        0x4 obj/default/hello_world_small.o
                0x0000000000001754                SYS_CLK_TIMER_IRQ_INTERRUPT_CONTROLLER_ID
 .sbss          0x0000000000001758       0x2c obj/default/hello_world_small.o
                0x0000000000001758                alarm_H_1
                0x000000000000175c                STATUS
                0x0000000000001760                alarm_S_2
                0x0000000000001764                SET
                0x0000000000001768                alarm_S_1
                0x000000000000176c                alarm_H_2
                0x0000000000001770                EDGE
                0x0000000000001774                alarm_M_1
                0x0000000000001778                CONTROL
                0x000000000000177c                MASK
                0x0000000000001780                alarm_M_2
 .sbss          0x0000000000001784        0x4 ../CLOCK_ALARM_bsp/\libhal_bsp.a(alt_irq_vars.o)
                0x0000000000001784                alt_irq_active
 .sbss          0x0000000000001788        0xc ../CLOCK_ALARM_bsp/\libhal_bsp.a(alt_main.o)
                0x0000000000001788                alt_envp
                0x000000000000178c                alt_argv
                0x0000000000001790                alt_argc
 .sbss          0x0000000000001794        0x4 ../CLOCK_ALARM_bsp/\libhal_bsp.a(alt_instruction_exception_entry.o)
                0x0000000000001794                alt_instruction_exception_handler
 *(.sbss2 .sbss2.* .gnu.linkonce.sb2.*)
 *(.scommon)
                [!provide]                        PROVIDE (__sbss_end, ABSOLUTE (.))
                [!provide]                        PROVIDE (___sbss_end, ABSOLUTE (.))
 *(.dynbss)
 *(.bss .bss.* .gnu.linkonce.b.*)
 .bss           0x0000000000001798        0x0 ../CLOCK_ALARM_bsp//obj/HAL/src/crt0.o
 .bss           0x0000000000001798        0x0 obj/default/hello_world_small.o
 .bss           0x0000000000001798        0x0 ../CLOCK_ALARM_bsp/\libhal_bsp.a(alt_iic.o)
 .bss           0x0000000000001798        0x0 ../CLOCK_ALARM_bsp/\libhal_bsp.a(alt_iic_isr_register.o)
 .bss           0x0000000000001798        0x0 ../CLOCK_ALARM_bsp/\libhal_bsp.a(alt_irq_entry.o)
 .bss           0x0000000000001798        0x0 ../CLOCK_ALARM_bsp/\libhal_bsp.a(alt_irq_handler.o)
 .bss           0x0000000000001798        0x0 ../CLOCK_ALARM_bsp/\libhal_bsp.a(alt_irq_vars.o)
 .bss           0x0000000000001798        0x0 ../CLOCK_ALARM_bsp/\libhal_bsp.a(alt_load.o)
 .bss           0x0000000000001798        0x0 ../CLOCK_ALARM_bsp/\libhal_bsp.a(alt_main.o)
 .bss           0x0000000000001798        0x0 ../CLOCK_ALARM_bsp/\libhal_bsp.a(alt_putstr.o)
 .bss           0x0000000000001798        0x0 ../CLOCK_ALARM_bsp/\libhal_bsp.a(alt_sys_init.o)
 .bss           0x0000000000001798        0x0 ../CLOCK_ALARM_bsp/\libhal_bsp.a(altera_avalon_jtag_uart_write.o)
 .bss           0x0000000000001798        0x0 ../CLOCK_ALARM_bsp/\libhal_bsp.a(alt_dcache_flush_all.o)
 .bss           0x0000000000001798        0x0 ../CLOCK_ALARM_bsp/\libhal_bsp.a(alt_exception_entry.o)
 .bss           0x0000000000001798        0x0 ../CLOCK_ALARM_bsp/\libhal_bsp.a(alt_icache_flush_all.o)
 .bss           0x0000000000001798        0x0 ../CLOCK_ALARM_bsp/\libhal_bsp.a(alt_instruction_exception_entry.o)
 .bss           0x0000000000001798        0x0 ../CLOCK_ALARM_bsp/\libhal_bsp.a(altera_nios2_gen2_irq.o)
 .bss           0x0000000000001798        0x0 f:/intelfpga/nios2eds/bin/gnu/h-x86_64-mingw32/bin/../lib/gcc/nios2-elf/5.3.0/../../../../../H-x86_64-mingw32/nios2-elf/lib/mno-hw-mul\libsmallc.a(lib_a-strlen.o)
 *(COMMON)
 COMMON         0x0000000000001798      0x100 ../CLOCK_ALARM_bsp/\libhal_bsp.a(alt_irq_handler.o)
                0x0000000000001798                alt_irq
                0x0000000000001898                . = ALIGN (0x4)
                0x0000000000001898                __bss_end = ABSOLUTE (.)

.RAM            0x0000000000001898        0x0
                [!provide]                        PROVIDE (_alt_partition_RAM_start, ABSOLUTE (.))
 *(.RAM .RAM. RAM.*)
                0x0000000000001898                . = ALIGN (0x4)
                [!provide]                        PROVIDE (_alt_partition_RAM_end, ABSOLUTE (.))
                0x0000000000001898                _end = ABSOLUTE (.)
                0x0000000000001898                end = ABSOLUTE (.)
                0x0000000000001898                __alt_stack_base = ABSOLUTE (.)
                [!provide]                        PROVIDE (_alt_partition_RAM_load_addr, LOADADDR (.RAM))

.stab
 *(.stab)

.stabstr
 *(.stabstr)

.stab.excl
 *(.stab.excl)

.stab.exclstr
 *(.stab.exclstr)

.stab.index
 *(.stab.index)

.stab.indexstr
 *(.stab.indexstr)

.comment        0x0000000000000000       0x23
 *(.comment)
 .comment       0x0000000000000000       0x23 obj/default/hello_world_small.o
                                         0x24 (size before relaxing)
 .comment       0x0000000000000023       0x24 ../CLOCK_ALARM_bsp/\libhal_bsp.a(alt_iic.o)
 .comment       0x0000000000000023       0x24 ../CLOCK_ALARM_bsp/\libhal_bsp.a(alt_iic_isr_register.o)
 .comment       0x0000000000000023       0x24 ../CLOCK_ALARM_bsp/\libhal_bsp.a(alt_irq_handler.o)
 .comment       0x0000000000000023       0x24 ../CLOCK_ALARM_bsp/\libhal_bsp.a(alt_irq_vars.o)
 .comment       0x0000000000000023       0x24 ../CLOCK_ALARM_bsp/\libhal_bsp.a(alt_load.o)
 .comment       0x0000000000000023       0x24 ../CLOCK_ALARM_bsp/\libhal_bsp.a(alt_main.o)
 .comment       0x0000000000000023       0x24 ../CLOCK_ALARM_bsp/\libhal_bsp.a(alt_putstr.o)
 .comment       0x0000000000000023       0x24 ../CLOCK_ALARM_bsp/\libhal_bsp.a(alt_sys_init.o)
 .comment       0x0000000000000023       0x24 ../CLOCK_ALARM_bsp/\libhal_bsp.a(altera_avalon_jtag_uart_write.o)
 .comment       0x0000000000000023       0x24 ../CLOCK_ALARM_bsp/\libhal_bsp.a(alt_dcache_flush_all.o)
 .comment       0x0000000000000023       0x24 ../CLOCK_ALARM_bsp/\libhal_bsp.a(alt_icache_flush_all.o)
 .comment       0x0000000000000023       0x24 ../CLOCK_ALARM_bsp/\libhal_bsp.a(alt_instruction_exception_entry.o)
 .comment       0x0000000000000023       0x24 ../CLOCK_ALARM_bsp/\libhal_bsp.a(altera_nios2_gen2_irq.o)
 .comment       0x0000000000000023       0x24 f:/intelfpga/nios2eds/bin/gnu/h-x86_64-mingw32/bin/../lib/gcc/nios2-elf/5.3.0/../../../../../H-x86_64-mingw32/nios2-elf/lib/mno-hw-mul\libsmallc.a(lib_a-strlen.o)

.debug
 *(.debug)

.line
 *(.line)

.debug_srcinfo
 *(.debug_srcinfo)

.debug_sfnames
 *(.debug_sfnames)

.debug_aranges  0x0000000000000000      0x278
 *(.debug_aranges)
 .debug_aranges
                0x0000000000000000       0x28 ../CLOCK_ALARM_bsp//obj/HAL/src/crt0.o
 .debug_aranges
                0x0000000000000028       0x28 obj/default/hello_world_small.o
 .debug_aranges
                0x0000000000000050       0x20 ../CLOCK_ALARM_bsp/\libhal_bsp.a(alt_iic.o)
 .debug_aranges
                0x0000000000000070       0x20 ../CLOCK_ALARM_bsp/\libhal_bsp.a(alt_iic_isr_register.o)
 .debug_aranges
                0x0000000000000090       0x30 ../CLOCK_ALARM_bsp/\libhal_bsp.a(alt_irq_entry.o)
 .debug_aranges
                0x00000000000000c0       0x20 ../CLOCK_ALARM_bsp/\libhal_bsp.a(alt_irq_handler.o)
 .debug_aranges
                0x00000000000000e0       0x18 ../CLOCK_ALARM_bsp/\libhal_bsp.a(alt_irq_vars.o)
 .debug_aranges
                0x00000000000000f8       0x20 ../CLOCK_ALARM_bsp/\libhal_bsp.a(alt_load.o)
 .debug_aranges
                0x0000000000000118       0x20 ../CLOCK_ALARM_bsp/\libhal_bsp.a(alt_main.o)
 .debug_aranges
                0x0000000000000138       0x20 ../CLOCK_ALARM_bsp/\libhal_bsp.a(alt_putstr.o)
 .debug_aranges
                0x0000000000000158       0x20 ../CLOCK_ALARM_bsp/\libhal_bsp.a(alt_sys_init.o)
 .debug_aranges
                0x0000000000000178       0x20 ../CLOCK_ALARM_bsp/\libhal_bsp.a(altera_avalon_jtag_uart_write.o)
 .debug_aranges
                0x0000000000000198       0x20 ../CLOCK_ALARM_bsp/\libhal_bsp.a(alt_dcache_flush_all.o)
 .debug_aranges
                0x00000000000001b8       0x38 ../CLOCK_ALARM_bsp/\libhal_bsp.a(alt_exception_entry.o)
 .debug_aranges
                0x00000000000001f0       0x20 ../CLOCK_ALARM_bsp/\libhal_bsp.a(alt_icache_flush_all.o)
 .debug_aranges
                0x0000000000000210       0x28 ../CLOCK_ALARM_bsp/\libhal_bsp.a(alt_instruction_exception_entry.o)
 .debug_aranges
                0x0000000000000238       0x20 ../CLOCK_ALARM_bsp/\libhal_bsp.a(altera_nios2_gen2_irq.o)
 .debug_aranges
                0x0000000000000258       0x20 f:/intelfpga/nios2eds/bin/gnu/h-x86_64-mingw32/bin/../lib/gcc/nios2-elf/5.3.0/../../../../../H-x86_64-mingw32/nios2-elf/lib/mno-hw-mul\libsmallc.a(lib_a-strlen.o)

.debug_pubnames
 *(.debug_pubnames)

.debug_info     0x0000000000000000     0x18ec
 *(.debug_info .gnu.linkonce.wi.*)
 .debug_info    0x0000000000000000       0x9e ../CLOCK_ALARM_bsp//obj/HAL/src/crt0.o
 .debug_info    0x000000000000009e      0x316 obj/default/hello_world_small.o
 .debug_info    0x00000000000003b4      0x38a ../CLOCK_ALARM_bsp/\libhal_bsp.a(alt_iic.o)
 .debug_info    0x000000000000073e      0x232 ../CLOCK_ALARM_bsp/\libhal_bsp.a(alt_iic_isr_register.o)
 .debug_info    0x0000000000000970       0xa7 ../CLOCK_ALARM_bsp/\libhal_bsp.a(alt_irq_entry.o)
 .debug_info    0x0000000000000a17      0x184 ../CLOCK_ALARM_bsp/\libhal_bsp.a(alt_irq_handler.o)
 .debug_info    0x0000000000000b9b       0x88 ../CLOCK_ALARM_bsp/\libhal_bsp.a(alt_irq_vars.o)
 .debug_info    0x0000000000000c23      0x1c9 ../CLOCK_ALARM_bsp/\libhal_bsp.a(alt_load.o)
 .debug_info    0x0000000000000dec      0x169 ../CLOCK_ALARM_bsp/\libhal_bsp.a(alt_main.o)
 .debug_info    0x0000000000000f55      0x13a ../CLOCK_ALARM_bsp/\libhal_bsp.a(alt_putstr.o)
 .debug_info    0x000000000000108f      0x19d ../CLOCK_ALARM_bsp/\libhal_bsp.a(alt_sys_init.o)
 .debug_info    0x000000000000122c      0x197 ../CLOCK_ALARM_bsp/\libhal_bsp.a(altera_avalon_jtag_uart_write.o)
 .debug_info    0x00000000000013c3       0x92 ../CLOCK_ALARM_bsp/\libhal_bsp.a(alt_dcache_flush_all.o)
 .debug_info    0x0000000000001455       0xad ../CLOCK_ALARM_bsp/\libhal_bsp.a(alt_exception_entry.o)
 .debug_info    0x0000000000001502       0x92 ../CLOCK_ALARM_bsp/\libhal_bsp.a(alt_icache_flush_all.o)
 .debug_info    0x0000000000001594      0x1fd ../CLOCK_ALARM_bsp/\libhal_bsp.a(alt_instruction_exception_entry.o)
 .debug_info    0x0000000000001791       0x92 ../CLOCK_ALARM_bsp/\libhal_bsp.a(altera_nios2_gen2_irq.o)
 .debug_info    0x0000000000001823       0xc9 f:/intelfpga/nios2eds/bin/gnu/h-x86_64-mingw32/bin/../lib/gcc/nios2-elf/5.3.0/../../../../../H-x86_64-mingw32/nios2-elf/lib/mno-hw-mul\libsmallc.a(lib_a-strlen.o)

.debug_abbrev   0x0000000000000000      0xcca
 *(.debug_abbrev)
 .debug_abbrev  0x0000000000000000       0x12 ../CLOCK_ALARM_bsp//obj/HAL/src/crt0.o
 .debug_abbrev  0x0000000000000012      0x150 obj/default/hello_world_small.o
 .debug_abbrev  0x0000000000000162      0x1a0 ../CLOCK_ALARM_bsp/\libhal_bsp.a(alt_iic.o)
 .debug_abbrev  0x0000000000000302      0x19c ../CLOCK_ALARM_bsp/\libhal_bsp.a(alt_iic_isr_register.o)
 .debug_abbrev  0x000000000000049e       0x12 ../CLOCK_ALARM_bsp/\libhal_bsp.a(alt_irq_entry.o)
 .debug_abbrev  0x00000000000004b0      0x120 ../CLOCK_ALARM_bsp/\libhal_bsp.a(alt_irq_handler.o)
 .debug_abbrev  0x00000000000005d0       0x40 ../CLOCK_ALARM_bsp/\libhal_bsp.a(alt_irq_vars.o)
 .debug_abbrev  0x0000000000000610       0xd8 ../CLOCK_ALARM_bsp/\libhal_bsp.a(alt_load.o)
 .debug_abbrev  0x00000000000006e8       0xee ../CLOCK_ALARM_bsp/\libhal_bsp.a(alt_main.o)
 .debug_abbrev  0x00000000000007d6       0xd3 ../CLOCK_ALARM_bsp/\libhal_bsp.a(alt_putstr.o)
 .debug_abbrev  0x00000000000008a9      0x10e ../CLOCK_ALARM_bsp/\libhal_bsp.a(alt_sys_init.o)
 .debug_abbrev  0x00000000000009b7       0xd5 ../CLOCK_ALARM_bsp/\libhal_bsp.a(altera_avalon_jtag_uart_write.o)
 .debug_abbrev  0x0000000000000a8c       0x42 ../CLOCK_ALARM_bsp/\libhal_bsp.a(alt_dcache_flush_all.o)
 .debug_abbrev  0x0000000000000ace       0x12 ../CLOCK_ALARM_bsp/\libhal_bsp.a(alt_exception_entry.o)
 .debug_abbrev  0x0000000000000ae0       0x42 ../CLOCK_ALARM_bsp/\libhal_bsp.a(alt_icache_flush_all.o)
 .debug_abbrev  0x0000000000000b22       0xe7 ../CLOCK_ALARM_bsp/\libhal_bsp.a(alt_instruction_exception_entry.o)
 .debug_abbrev  0x0000000000000c09       0x42 ../CLOCK_ALARM_bsp/\libhal_bsp.a(altera_nios2_gen2_irq.o)
 .debug_abbrev  0x0000000000000c4b       0x7f f:/intelfpga/nios2eds/bin/gnu/h-x86_64-mingw32/bin/../lib/gcc/nios2-elf/5.3.0/../../../../../H-x86_64-mingw32/nios2-elf/lib/mno-hw-mul\libsmallc.a(lib_a-strlen.o)

.debug_line     0x0000000000000000      0xc79
 *(.debug_line)
 .debug_line    0x0000000000000000       0x66 ../CLOCK_ALARM_bsp//obj/HAL/src/crt0.o
 .debug_line    0x0000000000000066      0x131 obj/default/hello_world_small.o
 .debug_line    0x0000000000000197       0xf1 ../CLOCK_ALARM_bsp/\libhal_bsp.a(alt_iic.o)
 .debug_line    0x0000000000000288       0xd6 ../CLOCK_ALARM_bsp/\libhal_bsp.a(alt_iic_isr_register.o)
 .debug_line    0x000000000000035e       0x6b ../CLOCK_ALARM_bsp/\libhal_bsp.a(alt_irq_entry.o)
 .debug_line    0x00000000000003c9       0xa5 ../CLOCK_ALARM_bsp/\libhal_bsp.a(alt_irq_handler.o)
 .debug_line    0x000000000000046e       0x50 ../CLOCK_ALARM_bsp/\libhal_bsp.a(alt_irq_vars.o)
 .debug_line    0x00000000000004be       0xa4 ../CLOCK_ALARM_bsp/\libhal_bsp.a(alt_load.o)
 .debug_line    0x0000000000000562       0xbd ../CLOCK_ALARM_bsp/\libhal_bsp.a(alt_main.o)
 .debug_line    0x000000000000061f       0x96 ../CLOCK_ALARM_bsp/\libhal_bsp.a(alt_putstr.o)
 .debug_line    0x00000000000006b5      0x11a ../CLOCK_ALARM_bsp/\libhal_bsp.a(alt_sys_init.o)
 .debug_line    0x00000000000007cf       0xf0 ../CLOCK_ALARM_bsp/\libhal_bsp.a(altera_avalon_jtag_uart_write.o)
 .debug_line    0x00000000000008bf       0x4e ../CLOCK_ALARM_bsp/\libhal_bsp.a(alt_dcache_flush_all.o)
 .debug_line    0x000000000000090d       0xb3 ../CLOCK_ALARM_bsp/\libhal_bsp.a(alt_exception_entry.o)
 .debug_line    0x00000000000009c0       0x4e ../CLOCK_ALARM_bsp/\libhal_bsp.a(alt_icache_flush_all.o)
 .debug_line    0x0000000000000a0e       0xbf ../CLOCK_ALARM_bsp/\libhal_bsp.a(alt_instruction_exception_entry.o)
 .debug_line    0x0000000000000acd       0x50 ../CLOCK_ALARM_bsp/\libhal_bsp.a(altera_nios2_gen2_irq.o)
 .debug_line    0x0000000000000b1d      0x15c f:/intelfpga/nios2eds/bin/gnu/h-x86_64-mingw32/bin/../lib/gcc/nios2-elf/5.3.0/../../../../../H-x86_64-mingw32/nios2-elf/lib/mno-hw-mul\libsmallc.a(lib_a-strlen.o)

.debug_frame    0x0000000000000000      0x2c8
 *(.debug_frame)
 .debug_frame   0x0000000000000000       0x7c obj/default/hello_world_small.o
 .debug_frame   0x000000000000007c       0x50 ../CLOCK_ALARM_bsp/\libhal_bsp.a(alt_iic.o)
 .debug_frame   0x00000000000000cc       0x30 ../CLOCK_ALARM_bsp/\libhal_bsp.a(alt_iic_isr_register.o)
 .debug_frame   0x00000000000000fc       0x34 ../CLOCK_ALARM_bsp/\libhal_bsp.a(alt_irq_handler.o)
 .debug_frame   0x0000000000000130       0x30 ../CLOCK_ALARM_bsp/\libhal_bsp.a(alt_load.o)
 .debug_frame   0x0000000000000160       0x2c ../CLOCK_ALARM_bsp/\libhal_bsp.a(alt_main.o)
 .debug_frame   0x000000000000018c       0x30 ../CLOCK_ALARM_bsp/\libhal_bsp.a(alt_putstr.o)
 .debug_frame   0x00000000000001bc       0x3c ../CLOCK_ALARM_bsp/\libhal_bsp.a(alt_sys_init.o)
 .debug_frame   0x00000000000001f8       0x20 ../CLOCK_ALARM_bsp/\libhal_bsp.a(altera_avalon_jtag_uart_write.o)
 .debug_frame   0x0000000000000218       0x20 ../CLOCK_ALARM_bsp/\libhal_bsp.a(alt_dcache_flush_all.o)
 .debug_frame   0x0000000000000238       0x20 ../CLOCK_ALARM_bsp/\libhal_bsp.a(alt_icache_flush_all.o)
 .debug_frame   0x0000000000000258       0x30 ../CLOCK_ALARM_bsp/\libhal_bsp.a(alt_instruction_exception_entry.o)
 .debug_frame   0x0000000000000288       0x20 ../CLOCK_ALARM_bsp/\libhal_bsp.a(altera_nios2_gen2_irq.o)
 .debug_frame   0x00000000000002a8       0x20 f:/intelfpga/nios2eds/bin/gnu/h-x86_64-mingw32/bin/../lib/gcc/nios2-elf/5.3.0/../../../../../H-x86_64-mingw32/nios2-elf/lib/mno-hw-mul\libsmallc.a(lib_a-strlen.o)

.debug_str      0x0000000000000000      0xd44
 *(.debug_str)
 .debug_str     0x0000000000000000      0x25b obj/default/hello_world_small.o
                                        0x2a1 (size before relaxing)
 .debug_str     0x000000000000025b      0x14b ../CLOCK_ALARM_bsp/\libhal_bsp.a(alt_iic.o)
                                        0x283 (size before relaxing)
 .debug_str     0x00000000000003a6       0x37 ../CLOCK_ALARM_bsp/\libhal_bsp.a(alt_iic_isr_register.o)
                                        0x23d (size before relaxing)
 .debug_str     0x00000000000003dd       0x3a ../CLOCK_ALARM_bsp/\libhal_bsp.a(alt_irq_handler.o)
                                        0x1c7 (size before relaxing)
 .debug_str     0x0000000000000417       0x17 ../CLOCK_ALARM_bsp/\libhal_bsp.a(alt_irq_vars.o)
                                        0x16a (size before relaxing)
 .debug_str     0x000000000000042e      0x113 ../CLOCK_ALARM_bsp/\libhal_bsp.a(alt_load.o)
                                        0x26c (size before relaxing)
 .debug_str     0x0000000000000541       0x8f ../CLOCK_ALARM_bsp/\libhal_bsp.a(alt_main.o)
                                        0x1e5 (size before relaxing)
 .debug_str     0x00000000000005d0       0x5f ../CLOCK_ALARM_bsp/\libhal_bsp.a(alt_putstr.o)
                                        0x1bb (size before relaxing)
 .debug_str     0x000000000000062f       0xb9 ../CLOCK_ALARM_bsp/\libhal_bsp.a(alt_sys_init.o)
                                        0x287 (size before relaxing)
 .debug_str     0x00000000000006e8       0x39 ../CLOCK_ALARM_bsp/\libhal_bsp.a(altera_avalon_jtag_uart_write.o)
                                        0x245 (size before relaxing)
 .debug_str     0x0000000000000721       0x1f ../CLOCK_ALARM_bsp/\libhal_bsp.a(alt_dcache_flush_all.o)
                                        0x185 (size before relaxing)
 .debug_str     0x0000000000000740       0x1f ../CLOCK_ALARM_bsp/\libhal_bsp.a(alt_icache_flush_all.o)
                                        0x185 (size before relaxing)
 .debug_str     0x000000000000075f      0x48b ../CLOCK_ALARM_bsp/\libhal_bsp.a(alt_instruction_exception_entry.o)
                                        0x5d0 (size before relaxing)
 .debug_str     0x0000000000000bea       0x20 ../CLOCK_ALARM_bsp/\libhal_bsp.a(altera_nios2_gen2_irq.o)
                                        0x18c (size before relaxing)
 .debug_str     0x0000000000000c0a      0x13a f:/intelfpga/nios2eds/bin/gnu/h-x86_64-mingw32/bin/../lib/gcc/nios2-elf/5.3.0/../../../../../H-x86_64-mingw32/nios2-elf/lib/mno-hw-mul\libsmallc.a(lib_a-strlen.o)
                                        0x1e5 (size before relaxing)

.debug_loc      0x0000000000000000      0x4fc
 *(.debug_loc)
 .debug_loc     0x0000000000000000       0x21 obj/default/hello_world_small.o
 .debug_loc     0x0000000000000021      0x170 ../CLOCK_ALARM_bsp/\libhal_bsp.a(alt_iic.o)
 .debug_loc     0x0000000000000191      0x193 ../CLOCK_ALARM_bsp/\libhal_bsp.a(alt_iic_isr_register.o)
 .debug_loc     0x0000000000000324       0x72 ../CLOCK_ALARM_bsp/\libhal_bsp.a(alt_irq_handler.o)
 .debug_loc     0x0000000000000396       0x37 ../CLOCK_ALARM_bsp/\libhal_bsp.a(alt_putstr.o)
 .debug_loc     0x00000000000003cd       0x21 ../CLOCK_ALARM_bsp/\libhal_bsp.a(alt_sys_init.o)
 .debug_loc     0x00000000000003ee       0x8b ../CLOCK_ALARM_bsp/\libhal_bsp.a(altera_avalon_jtag_uart_write.o)
 .debug_loc     0x0000000000000479       0x65 ../CLOCK_ALARM_bsp/\libhal_bsp.a(alt_instruction_exception_entry.o)
 .debug_loc     0x00000000000004de       0x1e f:/intelfpga/nios2eds/bin/gnu/h-x86_64-mingw32/bin/../lib/gcc/nios2-elf/5.3.0/../../../../../H-x86_64-mingw32/nios2-elf/lib/mno-hw-mul\libsmallc.a(lib_a-strlen.o)

.debug_macinfo
 *(.debug_macinfo)

.debug_weaknames
 *(.debug_weaknames)

.debug_funcnames
 *(.debug_funcnames)

.debug_typenames
 *(.debug_typenames)

.debug_varnames
 *(.debug_varnames)

.debug_alt_sim_info
                0x0000000000000000       0x10
 *(.debug_alt_sim_info)
 .debug_alt_sim_info
                0x0000000000000000       0x10 ../CLOCK_ALARM_bsp//obj/HAL/src/crt0.o
                0x0000000000002000                __alt_data_end = 0x2000
                0x0000000000002000                PROVIDE (__alt_stack_pointer, __alt_data_end)
                [!provide]                        PROVIDE (__alt_stack_limit, __alt_stack_base)
                [!provide]                        PROVIDE (__alt_heap_start, end)
                [!provide]                        PROVIDE (__alt_heap_limit, 0x2000)
OUTPUT(CLOCK_ALARM.elf elf32-littlenios2)

.debug_ranges   0x0000000000000000      0x110
 .debug_ranges  0x0000000000000000       0x20 ../CLOCK_ALARM_bsp//obj/HAL/src/crt0.o
 .debug_ranges  0x0000000000000020       0x18 obj/default/hello_world_small.o
 .debug_ranges  0x0000000000000038       0x28 ../CLOCK_ALARM_bsp/\libhal_bsp.a(alt_irq_entry.o)
 .debug_ranges  0x0000000000000060       0x10 ../CLOCK_ALARM_bsp/\libhal_bsp.a(alt_irq_handler.o)
 .debug_ranges  0x0000000000000070       0x48 ../CLOCK_ALARM_bsp/\libhal_bsp.a(alt_load.o)
 .debug_ranges  0x00000000000000b8       0x30 ../CLOCK_ALARM_bsp/\libhal_bsp.a(alt_exception_entry.o)
 .debug_ranges  0x00000000000000e8       0x18 ../CLOCK_ALARM_bsp/\libhal_bsp.a(alt_instruction_exception_entry.o)
 .debug_ranges  0x0000000000000100       0x10 f:/intelfpga/nios2eds/bin/gnu/h-x86_64-mingw32/bin/../lib/gcc/nios2-elf/5.3.0/../../../../../H-x86_64-mingw32/nios2-elf/lib/mno-hw-mul\libsmallc.a(lib_a-strlen.o)
