Archive member included to satisfy reference by file (symbol)

../CLOCK_ALARM_bsp/\libhal_bsp.a(alt_iic.o)
                              obj/default/hello_world_small.o (alt_ic_isr_register)
../CLOCK_ALARM_bsp/\libhal_bsp.a(alt_iic_isr_register.o)
                              ../CLOCK_ALARM_bsp/\libhal_bsp.a(alt_iic.o) (alt_iic_isr_register)
../CLOCK_ALARM_bsp/\libhal_bsp.a(alt_irq_entry.o)
                              ../CLOCK_ALARM_bsp/\libhal_bsp.a(alt_iic_isr_register.o) (alt_irq_entry)
../CLOCK_ALARM_bsp/\libhal_bsp.a(alt_irq_handler.o)
                              ../CLOCK_ALARM_bsp/\libhal_bsp.a(alt_iic_isr_register.o) (alt_irq_handler)
../CLOCK_ALARM_bsp/\libhal_bsp.a(alt_irq_vars.o)
                              ../CLOCK_ALARM_bsp/\libhal_bsp.a(alt_iic.o) (alt_irq_active)
../CLOCK_ALARM_bsp/\libhal_bsp.a(alt_load.o)
                              ../CLOCK_ALARM_bsp//obj/HAL/src/crt0.o (alt_load)
../CLOCK_ALARM_bsp/\libhal_bsp.a(alt_main.o)
                              ../CLOCK_ALARM_bsp//obj/HAL/src/crt0.o (alt_main)
../CLOCK_ALARM_bsp/\libhal_bsp.a(alt_putstr.o)
                              obj/default/hello_world_small.o (alt_putstr)
../CLOCK_ALARM_bsp/\libhal_bsp.a(alt_sys_init.o)
                              ../CLOCK_ALARM_bsp/\libhal_bsp.a(alt_main.o) (alt_irq_init)
../CLOCK_ALARM_bsp/\libhal_bsp.a(altera_avalon_jtag_uart_write.o)
                              ../CLOCK_ALARM_bsp/\libhal_bsp.a(alt_putstr.o) (altera_avalon_jtag_uart_write)
../CLOCK_ALARM_bsp/\libhal_bsp.a(alt_dcache_flush_all.o)
                              ../CLOCK_ALARM_bsp/\libhal_bsp.a(alt_load.o) (alt_dcache_flush_all)
../CLOCK_ALARM_bsp/\libhal_bsp.a(alt_exception_entry.o)
                              ../CLOCK_ALARM_bsp/\libhal_bsp.a(alt_irq_entry.o) (alt_exception)
../CLOCK_ALARM_bsp/\libhal_bsp.a(alt_icache_flush_all.o)
                              ../CLOCK_ALARM_bsp/\libhal_bsp.a(alt_load.o) (alt_icache_flush_all)
../CLOCK_ALARM_bsp/\libhal_bsp.a(alt_instruction_exception_entry.o)
                              ../CLOCK_ALARM_bsp/\libhal_bsp.a(alt_exception_entry.o) (alt_instruction_exception_entry)
../CLOCK_ALARM_bsp/\libhal_bsp.a(altera_nios2_gen2_irq.o)
                              ../CLOCK_ALARM_bsp/\libhal_bsp.a(alt_sys_init.o) (altera_nios2_gen2_irq_init)
f:/intelfpga/nios2eds/bin/gnu/h-x86_64-mingw32/bin/../lib/gcc/nios2-elf/5.3.0/../../../../../H-x86_64-mingw32/nios2-elf/lib/mno-hw-mul\libsmallc.a(lib_a-strlen.o)
                              ../CLOCK_ALARM_bsp/\libhal_bsp.a(alt_putstr.o) (strlen)

Allocating common symbols
Common symbol       size              file

alt_irq             0x100             ../CLOCK_ALARM_bsp/\libhal_bsp.a(alt_irq_handler.o)
TEMP_EDGE           0x4               obj/default/hello_world_small.o

Memory Configuration

Name             Origin             Length             Attributes
reset            0x0000000000001000 0x0000000000000020
RAM              0x0000000000001020 0x0000000000000fe0
*default*        0x0000000000000000 0xffffffffffffffff

Linker script and memory map

LOAD ../CLOCK_ALARM_bsp//obj/HAL/src/crt0.o
LOAD obj/default/hello_world_small.o
LOAD f:/intelfpga/nios2eds/bin/gnu/h-x86_64-mingw32/bin/../lib/gcc/nios2-elf/5.3.0/../../../../../H-x86_64-mingw32/nios2-elf/lib/mno-hw-mul\libstdc++.a
LOAD f:/intelfpga/nios2eds/bin/gnu/h-x86_64-mingw32/bin/../lib/gcc/nios2-elf/5.3.0/../../../../../H-x86_64-mingw32/nios2-elf/lib/mno-hw-mul\libm.a
LOAD f:/intelfpga/nios2eds/bin/gnu/h-x86_64-mingw32/bin/../lib/gcc/nios2-elf/5.3.0/mno-hw-mul\libgcc.a
START GROUP
LOAD f:/intelfpga/nios2eds/bin/gnu/h-x86_64-mingw32/bin/../lib/gcc/nios2-elf/5.3.0/../../../../../H-x86_64-mingw32/nios2-elf/lib/mno-hw-mul\libsmallc.a
LOAD f:/intelfpga/nios2eds/bin/gnu/h-x86_64-mingw32/bin/../lib/gcc/nios2-elf/5.3.0/mno-hw-mul\libgcc.a
LOAD ../CLOCK_ALARM_bsp/\libhal_bsp.a
LOAD f:/intelfpga/nios2eds/bin/gnu/h-x86_64-mingw32/bin/../lib/gcc/nios2-elf/5.3.0/../../../../../H-x86_64-mingw32/nios2-elf/lib/mno-hw-mul\libm.a
END GROUP
LOAD f:/intelfpga/nios2eds/bin/gnu/h-x86_64-mingw32/bin/../lib/gcc/nios2-elf/5.3.0/mno-hw-mul\libgcc.a
                0x0000000000001000                __alt_mem_RAM = 0x1000

.entry          0x0000000000001000       0x20
 *(.entry)
 .entry         0x0000000000001000       0x20 ../CLOCK_ALARM_bsp//obj/HAL/src/crt0.o
                0x0000000000001000                __reset
                0x000000000000100c                _exit

.exceptions     0x0000000000001020      0x160
                0x0000000000001020                PROVIDE (__ram_exceptions_start, ABSOLUTE (.))
                0x0000000000001020                . = ALIGN (0x20)
 *(.irq)
 *(.exceptions.entry.label)
 .exceptions.entry.label
                0x0000000000001020        0x0 ../CLOCK_ALARM_bsp/\libhal_bsp.a(alt_irq_entry.o)
                0x0000000000001020                alt_irq_entry
 .exceptions.entry.label
                0x0000000000001020        0x0 ../CLOCK_ALARM_bsp/\libhal_bsp.a(alt_exception_entry.o)
                0x0000000000001020                alt_exception
 *(.exceptions.entry.user)
 *(.exceptions.entry.ecc_fatal)
 *(.exceptions.entry)
 .exceptions.entry
                0x0000000000001020       0x54 ../CLOCK_ALARM_bsp/\libhal_bsp.a(alt_exception_entry.o)
 *(.exceptions.irqtest.user)
 *(.exceptions.irqtest)
 .exceptions.irqtest
                0x0000000000001074       0x10 ../CLOCK_ALARM_bsp/\libhal_bsp.a(alt_irq_entry.o)
 *(.exceptions.irqhandler.user)
 *(.exceptions.irqhandler)
 .exceptions.irqhandler
                0x0000000000001084        0x4 ../CLOCK_ALARM_bsp/\libhal_bsp.a(alt_irq_entry.o)
 *(.exceptions.irqreturn.user)
 *(.exceptions.irqreturn)
 .exceptions.irqreturn
                0x0000000000001088        0x4 ../CLOCK_ALARM_bsp/\libhal_bsp.a(alt_irq_entry.o)
 *(.exceptions.notirq.label)
 .exceptions.notirq.label
                0x000000000000108c        0x0 ../CLOCK_ALARM_bsp/\libhal_bsp.a(alt_irq_entry.o)
 *(.exceptions.notirq.user)
 *(.exceptions.notirq)
 .exceptions.notirq
                0x000000000000108c        0x8 ../CLOCK_ALARM_bsp/\libhal_bsp.a(alt_exception_entry.o)
 *(.exceptions.soft.user)
 *(.exceptions.soft)
 *(.exceptions.unknown.user)
 *(.exceptions.unknown)
 .exceptions.unknown
                0x0000000000001094       0x14 ../CLOCK_ALARM_bsp/\libhal_bsp.a(alt_exception_entry.o)
 *(.exceptions.exit.label)
 .exceptions.exit.label
                0x00000000000010a8        0x0 ../CLOCK_ALARM_bsp/\libhal_bsp.a(alt_irq_entry.o)
 .exceptions.exit.label
                0x00000000000010a8        0x0 ../CLOCK_ALARM_bsp/\libhal_bsp.a(alt_exception_entry.o)
 *(.exceptions.exit.user)
 *(.exceptions.exit)
 .exceptions.exit
                0x00000000000010a8       0x54 ../CLOCK_ALARM_bsp/\libhal_bsp.a(alt_exception_entry.o)
 *(.exceptions)
 .exceptions    0x00000000000010fc       0x60 ../CLOCK_ALARM_bsp/\libhal_bsp.a(alt_irq_handler.o)
                0x00000000000010fc                alt_irq_handler
 .exceptions    0x000000000000115c       0x24 ../CLOCK_ALARM_bsp/\libhal_bsp.a(alt_instruction_exception_entry.o)
                0x000000000000115c                alt_instruction_exception_entry
                0x0000000000001180                PROVIDE (__ram_exceptions_end, ABSOLUTE (.))
                0x0000000000001020                PROVIDE (__flash_exceptions_start, LOADADDR (.exceptions))

.text           0x0000000000001180      0x5f8
                [!provide]                        PROVIDE (stext, ABSOLUTE (.))
 *(.interp)
 *(.hash)
 *(.dynsym)
 *(.dynstr)
 *(.gnu.version)
 *(.gnu.version_d)
 *(.gnu.version_r)
 *(.rel.init)
 *(.rela.init)
 *(.rel.text .rel.text.* .rel.gnu.linkonce.t.*)
 *(.rela.text .rela.text.* .rela.gnu.linkonce.t.*)
 *(.rel.fini)
 *(.rela.fini)
 *(.rel.rodata .rel.rodata.* .rel.gnu.linkonce.r.*)
 *(.rela.rodata .rela.rodata.* .rela.gnu.linkonce.r.*)
 *(.rel.data .rel.data.* .rel.gnu.linkonce.d.*)
 *(.rela.data .rela.data.* .rela.gnu.linkonce.d.*)
 *(.rel.tdata .rel.tdata.* .rel.gnu.linkonce.td.*)
 *(.rela.tdata .rela.tdata.* .rela.gnu.linkonce.td.*)
 *(.rel.tbss .rel.tbss.* .rel.gnu.linkonce.tb.*)
 *(.rela.tbss .rela.tbss.* .rela.gnu.linkonce.tb.*)
 *(.rel.ctors)
 *(.rela.ctors)
 *(.rel.dtors)
 *(.rela.dtors)
 *(.rel.got)
 *(.rela.got)
 *(.rel.sdata .rel.sdata.* .rel.gnu.linkonce.s.*)
 *(.rela.sdata .rela.sdata.* .rela.gnu.linkonce.s.*)
 *(.rel.sbss .rel.sbss.* .rel.gnu.linkonce.sb.*)
 *(.rela.sbss .rela.sbss.* .rela.gnu.linkonce.sb.*)
 *(.rel.sdata2 .rel.sdata2.* .rel.gnu.linkonce.s2.*)
 *(.rela.sdata2 .rela.sdata2.* .rela.gnu.linkonce.s2.*)
 *(.rel.sbss2 .rel.sbss2.* .rel.gnu.linkonce.sb2.*)
 *(.rela.sbss2 .rela.sbss2.* .rela.gnu.linkonce.sb2.*)
 *(.rel.bss .rel.bss.* .rel.gnu.linkonce.b.*)
 *(.rela.bss .rela.bss.* .rela.gnu.linkonce.b.*)
 *(.rel.plt)
 *(.rela.plt)
 *(.rel.dyn)
 *(.init)
 *(.plt)
 *(.text .stub .text.* .gnu.linkonce.t.*)
 .text          0x0000000000001180       0x3c ../CLOCK_ALARM_bsp//obj/HAL/src/crt0.o
                0x0000000000001180                _start
 .text          0x00000000000011bc      0x270 obj/default/hello_world_small.o
                0x00000000000011bc                interrupt_handler
                0x0000000000001214                init_time
                0x0000000000001250                increment_hours
                0x00000000000012bc                increment_minutes
                0x000000000000131c                increment_seconds
                0x00000000000013a8                SetupClockCore
 .text.startup  0x000000000000142c       0x1c obj/default/hello_world_small.o
                0x000000000000142c                main
 .text          0x0000000000001448       0x8c ../CLOCK_ALARM_bsp/\libhal_bsp.a(alt_iic.o)
                0x0000000000001448                alt_ic_isr_register
                0x000000000000144c                alt_ic_irq_enable
                0x0000000000001484                alt_ic_irq_disable
                0x00000000000014bc                alt_ic_irq_enabled
 .text          0x00000000000014d4       0x68 ../CLOCK_ALARM_bsp/\libhal_bsp.a(alt_iic_isr_register.o)
                0x00000000000014d4                alt_iic_isr_register
 .text          0x000000000000153c        0x0 ../CLOCK_ALARM_bsp/\libhal_bsp.a(alt_irq_entry.o)
 .text          0x000000000000153c        0x0 ../CLOCK_ALARM_bsp/\libhal_bsp.a(alt_irq_handler.o)
 .text          0x000000000000153c        0x0 ../CLOCK_ALARM_bsp/\libhal_bsp.a(alt_irq_vars.o)
 .text          0x000000000000153c       0xe0 ../CLOCK_ALARM_bsp/\libhal_bsp.a(alt_load.o)
                0x000000000000153c                alt_load
 .text          0x000000000000161c       0x2c ../CLOCK_ALARM_bsp/\libhal_bsp.a(alt_main.o)
                0x000000000000161c                alt_main
 .text          0x0000000000001648       0x38 ../CLOCK_ALARM_bsp/\libhal_bsp.a(alt_putstr.o)
                0x0000000000001648                alt_putstr
 .text          0x0000000000001680       0x24 ../CLOCK_ALARM_bsp/\libhal_bsp.a(alt_sys_init.o)
                0x0000000000001680                alt_irq_init
                0x00000000000016a0                alt_sys_init
 .text          0x00000000000016a4       0x34 ../CLOCK_ALARM_bsp/\libhal_bsp.a(altera_avalon_jtag_uart_write.o)
                0x00000000000016a4                altera_avalon_jtag_uart_write
 .text          0x00000000000016d8        0x4 ../CLOCK_ALARM_bsp/\libhal_bsp.a(alt_dcache_flush_all.o)
                0x00000000000016d8                alt_dcache_flush_all
 .text          0x00000000000016dc        0x0 ../CLOCK_ALARM_bsp/\libhal_bsp.a(alt_exception_entry.o)
 .text          0x00000000000016dc        0x4 ../CLOCK_ALARM_bsp/\libhal_bsp.a(alt_icache_flush_all.o)
                0x00000000000016dc                alt_icache_flush_all
 .text          0x00000000000016e0       0x74 ../CLOCK_ALARM_bsp/\libhal_bsp.a(alt_instruction_exception_entry.o)
                0x00000000000016e0                alt_exception_cause_generated_bad_addr
 .text          0x0000000000001754        0x8 ../CLOCK_ALARM_bsp/\libhal_bsp.a(altera_nios2_gen2_irq.o)
                0x0000000000001754                altera_nios2_gen2_irq_init
 .text          0x000000000000175c        0x0 f:/intelfpga/nios2eds/bin/gnu/h-x86_64-mingw32/bin/../lib/gcc/nios2-elf/5.3.0/../../../../../H-x86_64-mingw32/nios2-elf/lib/mno-hw-mul\libsmallc.a(lib_a-strlen.o)
 .text.strlen   0x000000000000175c       0x1c f:/intelfpga/nios2eds/bin/gnu/h-x86_64-mingw32/bin/../lib/gcc/nios2-elf/5.3.0/../../../../../H-x86_64-mingw32/nios2-elf/lib/mno-hw-mul\libsmallc.a(lib_a-strlen.o)
                0x000000000000175c                strlen
 *(.gnu.warning.*)
 *(.fini)
                [!provide]                        PROVIDE (__etext, ABSOLUTE (.))
                [!provide]                        PROVIDE (_etext, ABSOLUTE (.))
                [!provide]                        PROVIDE (etext, ABSOLUTE (.))
 *(.eh_frame_hdr)
                0x0000000000001778                . = ALIGN (0x4)
                [!provide]                        PROVIDE (__preinit_array_start, ABSOLUTE (.))
 *(.preinit_array)
                [!provide]                        PROVIDE (__preinit_array_end, ABSOLUTE (.))
                [!provide]                        PROVIDE (__init_array_start, ABSOLUTE (.))
 *(.init_array)
                [!provide]                        PROVIDE (__init_array_end, ABSOLUTE (.))
                [!provide]                        PROVIDE (__fini_array_start, ABSOLUTE (.))
 *(.fini_array)
                [!provide]                        PROVIDE (__fini_array_end, ABSOLUTE (.))
 *(.eh_frame)
 *(.gcc_except_table .gcc_except_table.*)
 *(.dynamic)
                [!provide]                        PROVIDE (__CTOR_LIST__, ABSOLUTE (.))
 *(.ctors)
 *(SORT(.ctors.*))
                [!provide]                        PROVIDE (__CTOR_END__, ABSOLUTE (.))
                [!provide]                        PROVIDE (__DTOR_LIST__, ABSOLUTE (.))
 *(.dtors)
 *(SORT(.dtors.*))
                [!provide]                        PROVIDE (__DTOR_END__, ABSOLUTE (.))
 *(.jcr)
                0x0000000000001778                . = ALIGN (0x4)

.rodata         0x0000000000001778       0x64
                0x0000000000001778                PROVIDE (__ram_rodata_start, ABSOLUTE (.))
                0x0000000000001778                . = ALIGN (0x4)
 *(.rodata .rodata.* .gnu.linkonce.r.*)
 .rodata.str1.4
                0x0000000000001778       0x64 obj/default/hello_world_small.o
                                         0x63 (size before relaxing)
 *(.rodata1)
                0x00000000000017dc                . = ALIGN (0x4)
                0x00000000000017dc                PROVIDE (__ram_rodata_end, ABSOLUTE (.))
                0x0000000000001778                PROVIDE (__flash_rodata_start, LOADADDR (.rodata))

.rwdata         0x00000000000017dc       0x30 load address 0x000000000000180c
                0x00000000000017dc                PROVIDE (__ram_rwdata_start, ABSOLUTE (.))
                0x00000000000017dc                . = ALIGN (0x4)
 *(.got.plt)
 *(.got)
 *(.data1)
 *(.data .data.* .gnu.linkonce.d.*)
 .data          0x00000000000017dc        0x0 ../CLOCK_ALARM_bsp//obj/HAL/src/crt0.o
 .data          0x00000000000017dc        0x0 obj/default/hello_world_small.o
 .data          0x00000000000017dc        0x0 ../CLOCK_ALARM_bsp/\libhal_bsp.a(alt_iic.o)
 .data          0x00000000000017dc        0x0 ../CLOCK_ALARM_bsp/\libhal_bsp.a(alt_iic_isr_register.o)
 .data          0x00000000000017dc        0x0 ../CLOCK_ALARM_bsp/\libhal_bsp.a(alt_irq_entry.o)
 .data          0x00000000000017dc        0x0 ../CLOCK_ALARM_bsp/\libhal_bsp.a(alt_irq_handler.o)
 .data          0x00000000000017dc        0x0 ../CLOCK_ALARM_bsp/\libhal_bsp.a(alt_irq_vars.o)
 .data          0x00000000000017dc        0x0 ../CLOCK_ALARM_bsp/\libhal_bsp.a(alt_load.o)
 .data          0x00000000000017dc        0x0 ../CLOCK_ALARM_bsp/\libhal_bsp.a(alt_main.o)
 .data          0x00000000000017dc        0x0 ../CLOCK_ALARM_bsp/\libhal_bsp.a(alt_putstr.o)
 .data          0x00000000000017dc        0x0 ../CLOCK_ALARM_bsp/\libhal_bsp.a(alt_sys_init.o)
 .data          0x00000000000017dc        0x0 ../CLOCK_ALARM_bsp/\libhal_bsp.a(altera_avalon_jtag_uart_write.o)
 .data          0x00000000000017dc        0x0 ../CLOCK_ALARM_bsp/\libhal_bsp.a(alt_dcache_flush_all.o)
 .data          0x00000000000017dc        0x0 ../CLOCK_ALARM_bsp/\libhal_bsp.a(alt_exception_entry.o)
 .data          0x00000000000017dc        0x0 ../CLOCK_ALARM_bsp/\libhal_bsp.a(alt_icache_flush_all.o)
 .data          0x00000000000017dc        0x0 ../CLOCK_ALARM_bsp/\libhal_bsp.a(alt_instruction_exception_entry.o)
 .data          0x00000000000017dc        0x0 ../CLOCK_ALARM_bsp/\libhal_bsp.a(altera_nios2_gen2_irq.o)
 .data          0x00000000000017dc        0x0 f:/intelfpga/nios2eds/bin/gnu/h-x86_64-mingw32/bin/../lib/gcc/nios2-elf/5.3.0/../../../../../H-x86_64-mingw32/nios2-elf/lib/mno-hw-mul\libsmallc.a(lib_a-strlen.o)
                0x00000000000097dc                _gp = ABSOLUTE ((. + 0x8000))
                [!provide]                        PROVIDE (gp, _gp)
 *(.rwdata .rwdata.*)
 *(.sdata .sdata.* .gnu.linkonce.s.*)
 .sdata         0x00000000000017dc       0x28 obj/default/hello_world_small.o
                0x00000000000017dc                CLEAR_TIMER
                0x00000000000017e0                SET_EDGE
                0x00000000000017e4                SET_MASK
                0x00000000000017e8                SET
                0x00000000000017ec                S_2
                0x00000000000017f0                S_1
                0x00000000000017f4                M_2
                0x00000000000017f8                M_1
                0x00000000000017fc                H_2
                0x0000000000001800                H_1
 .sdata         0x0000000000001804        0x4 ../CLOCK_ALARM_bsp/\libhal_bsp.a(alt_irq_vars.o)
                0x0000000000001804                alt_priority_mask
 .sdata         0x0000000000001808        0x4 ../CLOCK_ALARM_bsp/\libhal_bsp.a(alt_sys_init.o)
                0x0000000000001808                UART
 *(.sdata2 .sdata2.* .gnu.linkonce.s2.*)
                0x000000000000180c                . = ALIGN (0x4)
                0x000000000000180c                _edata = ABSOLUTE (.)
                [!provide]                        PROVIDE (edata, ABSOLUTE (.))
                0x000000000000180c                PROVIDE (__ram_rwdata_end, ABSOLUTE (.))
                0x000000000000180c                PROVIDE (__flash_rwdata_start, LOADADDR (.rwdata))

.bss            0x000000000000183c      0x118
                0x000000000000183c                __bss_start = ABSOLUTE (.)
                [!provide]                        PROVIDE (__sbss_start, ABSOLUTE (.))
                [!provide]                        PROVIDE (___sbss_start, ABSOLUTE (.))
 *(.dynsbss)
 *(.sbss .sbss.* .gnu.linkonce.sb.*)
 .sbss          0x000000000000183c        0x4 obj/default/hello_world_small.o
                0x000000000000183c                TEMP_EDGE
 .sbss          0x0000000000001840        0x4 ../CLOCK_ALARM_bsp/\libhal_bsp.a(alt_irq_vars.o)
                0x0000000000001840                alt_irq_active
 .sbss          0x0000000000001844        0xc ../CLOCK_ALARM_bsp/\libhal_bsp.a(alt_main.o)
                0x0000000000001844                alt_envp
                0x0000000000001848                alt_argv
                0x000000000000184c                alt_argc
 .sbss          0x0000000000001850        0x4 ../CLOCK_ALARM_bsp/\libhal_bsp.a(alt_instruction_exception_entry.o)
                0x0000000000001850                alt_instruction_exception_handler
 *(.sbss2 .sbss2.* .gnu.linkonce.sb2.*)
 *(.scommon)
                [!provide]                        PROVIDE (__sbss_end, ABSOLUTE (.))
                [!provide]                        PROVIDE (___sbss_end, ABSOLUTE (.))
 *(.dynbss)
 *(.bss .bss.* .gnu.linkonce.b.*)
 .bss           0x0000000000001854        0x0 ../CLOCK_ALARM_bsp//obj/HAL/src/crt0.o
 .bss           0x0000000000001854        0x0 obj/default/hello_world_small.o
 .bss           0x0000000000001854        0x0 ../CLOCK_ALARM_bsp/\libhal_bsp.a(alt_iic.o)
 .bss           0x0000000000001854        0x0 ../CLOCK_ALARM_bsp/\libhal_bsp.a(alt_iic_isr_register.o)
 .bss           0x0000000000001854        0x0 ../CLOCK_ALARM_bsp/\libhal_bsp.a(alt_irq_entry.o)
 .bss           0x0000000000001854        0x0 ../CLOCK_ALARM_bsp/\libhal_bsp.a(alt_irq_handler.o)
 .bss           0x0000000000001854        0x0 ../CLOCK_ALARM_bsp/\libhal_bsp.a(alt_irq_vars.o)
 .bss           0x0000000000001854        0x0 ../CLOCK_ALARM_bsp/\libhal_bsp.a(alt_load.o)
 .bss           0x0000000000001854        0x0 ../CLOCK_ALARM_bsp/\libhal_bsp.a(alt_main.o)
 .bss           0x0000000000001854        0x0 ../CLOCK_ALARM_bsp/\libhal_bsp.a(alt_putstr.o)
 .bss           0x0000000000001854        0x0 ../CLOCK_ALARM_bsp/\libhal_bsp.a(alt_sys_init.o)
 .bss           0x0000000000001854        0x0 ../CLOCK_ALARM_bsp/\libhal_bsp.a(altera_avalon_jtag_uart_write.o)
 .bss           0x0000000000001854        0x0 ../CLOCK_ALARM_bsp/\libhal_bsp.a(alt_dcache_flush_all.o)
 .bss           0x0000000000001854        0x0 ../CLOCK_ALARM_bsp/\libhal_bsp.a(alt_exception_entry.o)
 .bss           0x0000000000001854        0x0 ../CLOCK_ALARM_bsp/\libhal_bsp.a(alt_icache_flush_all.o)
 .bss           0x0000000000001854        0x0 ../CLOCK_ALARM_bsp/\libhal_bsp.a(alt_instruction_exception_entry.o)
 .bss           0x0000000000001854        0x0 ../CLOCK_ALARM_bsp/\libhal_bsp.a(altera_nios2_gen2_irq.o)
 .bss           0x0000000000001854        0x0 f:/intelfpga/nios2eds/bin/gnu/h-x86_64-mingw32/bin/../lib/gcc/nios2-elf/5.3.0/../../../../../H-x86_64-mingw32/nios2-elf/lib/mno-hw-mul\libsmallc.a(lib_a-strlen.o)
 *(COMMON)
 COMMON         0x0000000000001854      0x100 ../CLOCK_ALARM_bsp/\libhal_bsp.a(alt_irq_handler.o)
                0x0000000000001854                alt_irq
                0x0000000000001954                . = ALIGN (0x4)
                0x0000000000001954                __bss_end = ABSOLUTE (.)

.RAM            0x0000000000001954        0x0
                [!provide]                        PROVIDE (_alt_partition_RAM_start, ABSOLUTE (.))
 *(.RAM .RAM. RAM.*)
                0x0000000000001954                . = ALIGN (0x4)
                [!provide]                        PROVIDE (_alt_partition_RAM_end, ABSOLUTE (.))
                0x0000000000001954                _end = ABSOLUTE (.)
                0x0000000000001954                end = ABSOLUTE (.)
                0x0000000000001954                __alt_stack_base = ABSOLUTE (.)
                [!provide]                        PROVIDE (_alt_partition_RAM_load_addr, LOADADDR (.RAM))

.stab
 *(.stab)

.stabstr
 *(.stabstr)

.stab.excl
 *(.stab.excl)

.stab.exclstr
 *(.stab.exclstr)

.stab.index
 *(.stab.index)

.stab.indexstr
 *(.stab.indexstr)

.comment        0x0000000000000000       0x23
 *(.comment)
 .comment       0x0000000000000000       0x23 obj/default/hello_world_small.o
                                         0x24 (size before relaxing)
 .comment       0x0000000000000023       0x24 ../CLOCK_ALARM_bsp/\libhal_bsp.a(alt_iic.o)
 .comment       0x0000000000000023       0x24 ../CLOCK_ALARM_bsp/\libhal_bsp.a(alt_iic_isr_register.o)
 .comment       0x0000000000000023       0x24 ../CLOCK_ALARM_bsp/\libhal_bsp.a(alt_irq_handler.o)
 .comment       0x0000000000000023       0x24 ../CLOCK_ALARM_bsp/\libhal_bsp.a(alt_irq_vars.o)
 .comment       0x0000000000000023       0x24 ../CLOCK_ALARM_bsp/\libhal_bsp.a(alt_load.o)
 .comment       0x0000000000000023       0x24 ../CLOCK_ALARM_bsp/\libhal_bsp.a(alt_main.o)
 .comment       0x0000000000000023       0x24 ../CLOCK_ALARM_bsp/\libhal_bsp.a(alt_putstr.o)
 .comment       0x0000000000000023       0x24 ../CLOCK_ALARM_bsp/\libhal_bsp.a(alt_sys_init.o)
 .comment       0x0000000000000023       0x24 ../CLOCK_ALARM_bsp/\libhal_bsp.a(altera_avalon_jtag_uart_write.o)
 .comment       0x0000000000000023       0x24 ../CLOCK_ALARM_bsp/\libhal_bsp.a(alt_dcache_flush_all.o)
 .comment       0x0000000000000023       0x24 ../CLOCK_ALARM_bsp/\libhal_bsp.a(alt_icache_flush_all.o)
 .comment       0x0000000000000023       0x24 ../CLOCK_ALARM_bsp/\libhal_bsp.a(alt_instruction_exception_entry.o)
 .comment       0x0000000000000023       0x24 ../CLOCK_ALARM_bsp/\libhal_bsp.a(altera_nios2_gen2_irq.o)
 .comment       0x0000000000000023       0x24 f:/intelfpga/nios2eds/bin/gnu/h-x86_64-mingw32/bin/../lib/gcc/nios2-elf/5.3.0/../../../../../H-x86_64-mingw32/nios2-elf/lib/mno-hw-mul\libsmallc.a(lib_a-strlen.o)

.debug
 *(.debug)

.line
 *(.line)

.debug_srcinfo
 *(.debug_srcinfo)

.debug_sfnames
 *(.debug_sfnames)

.debug_aranges  0x0000000000000000      0x278
 *(.debug_aranges)
 .debug_aranges
                0x0000000000000000       0x28 ../CLOCK_ALARM_bsp//obj/HAL/src/crt0.o
 .debug_aranges
                0x0000000000000028       0x28 obj/default/hello_world_small.o
 .debug_aranges
                0x0000000000000050       0x20 ../CLOCK_ALARM_bsp/\libhal_bsp.a(alt_iic.o)
 .debug_aranges
                0x0000000000000070       0x20 ../CLOCK_ALARM_bsp/\libhal_bsp.a(alt_iic_isr_register.o)
 .debug_aranges
                0x0000000000000090       0x30 ../CLOCK_ALARM_bsp/\libhal_bsp.a(alt_irq_entry.o)
 .debug_aranges
                0x00000000000000c0       0x20 ../CLOCK_ALARM_bsp/\libhal_bsp.a(alt_irq_handler.o)
 .debug_aranges
                0x00000000000000e0       0x18 ../CLOCK_ALARM_bsp/\libhal_bsp.a(alt_irq_vars.o)
 .debug_aranges
                0x00000000000000f8       0x20 ../CLOCK_ALARM_bsp/\libhal_bsp.a(alt_load.o)
 .debug_aranges
                0x0000000000000118       0x20 ../CLOCK_ALARM_bsp/\libhal_bsp.a(alt_main.o)
 .debug_aranges
                0x0000000000000138       0x20 ../CLOCK_ALARM_bsp/\libhal_bsp.a(alt_putstr.o)
 .debug_aranges
                0x0000000000000158       0x20 ../CLOCK_ALARM_bsp/\libhal_bsp.a(alt_sys_init.o)
 .debug_aranges
                0x0000000000000178       0x20 ../CLOCK_ALARM_bsp/\libhal_bsp.a(altera_avalon_jtag_uart_write.o)
 .debug_aranges
                0x0000000000000198       0x20 ../CLOCK_ALARM_bsp/\libhal_bsp.a(alt_dcache_flush_all.o)
 .debug_aranges
                0x00000000000001b8       0x38 ../CLOCK_ALARM_bsp/\libhal_bsp.a(alt_exception_entry.o)
 .debug_aranges
                0x00000000000001f0       0x20 ../CLOCK_ALARM_bsp/\libhal_bsp.a(alt_icache_flush_all.o)
 .debug_aranges
                0x0000000000000210       0x28 ../CLOCK_ALARM_bsp/\libhal_bsp.a(alt_instruction_exception_entry.o)
 .debug_aranges
                0x0000000000000238       0x20 ../CLOCK_ALARM_bsp/\libhal_bsp.a(altera_nios2_gen2_irq.o)
 .debug_aranges
                0x0000000000000258       0x20 f:/intelfpga/nios2eds/bin/gnu/h-x86_64-mingw32/bin/../lib/gcc/nios2-elf/5.3.0/../../../../../H-x86_64-mingw32/nios2-elf/lib/mno-hw-mul\libsmallc.a(lib_a-strlen.o)

.debug_pubnames
 *(.debug_pubnames)

.debug_info     0x0000000000000000     0x188c
 *(.debug_info .gnu.linkonce.wi.*)
 .debug_info    0x0000000000000000       0x7c ../CLOCK_ALARM_bsp//obj/HAL/src/crt0.o
 .debug_info    0x000000000000007c      0x31c obj/default/hello_world_small.o
 .debug_info    0x0000000000000398      0x38a ../CLOCK_ALARM_bsp/\libhal_bsp.a(alt_iic.o)
 .debug_info    0x0000000000000722      0x232 ../CLOCK_ALARM_bsp/\libhal_bsp.a(alt_iic_isr_register.o)
 .debug_info    0x0000000000000954       0x85 ../CLOCK_ALARM_bsp/\libhal_bsp.a(alt_irq_entry.o)
 .debug_info    0x00000000000009d9      0x184 ../CLOCK_ALARM_bsp/\libhal_bsp.a(alt_irq_handler.o)
 .debug_info    0x0000000000000b5d       0x88 ../CLOCK_ALARM_bsp/\libhal_bsp.a(alt_irq_vars.o)
 .debug_info    0x0000000000000be5      0x1c9 ../CLOCK_ALARM_bsp/\libhal_bsp.a(alt_load.o)
 .debug_info    0x0000000000000dae      0x169 ../CLOCK_ALARM_bsp/\libhal_bsp.a(alt_main.o)
 .debug_info    0x0000000000000f17      0x13a ../CLOCK_ALARM_bsp/\libhal_bsp.a(alt_putstr.o)
 .debug_info    0x0000000000001051      0x19d ../CLOCK_ALARM_bsp/\libhal_bsp.a(alt_sys_init.o)
 .debug_info    0x00000000000011ee      0x197 ../CLOCK_ALARM_bsp/\libhal_bsp.a(altera_avalon_jtag_uart_write.o)
 .debug_info    0x0000000000001385       0x92 ../CLOCK_ALARM_bsp/\libhal_bsp.a(alt_dcache_flush_all.o)
 .debug_info    0x0000000000001417       0x8b ../CLOCK_ALARM_bsp/\libhal_bsp.a(alt_exception_entry.o)
 .debug_info    0x00000000000014a2       0x92 ../CLOCK_ALARM_bsp/\libhal_bsp.a(alt_icache_flush_all.o)
 .debug_info    0x0000000000001534      0x1fd ../CLOCK_ALARM_bsp/\libhal_bsp.a(alt_instruction_exception_entry.o)
 .debug_info    0x0000000000001731       0x92 ../CLOCK_ALARM_bsp/\libhal_bsp.a(altera_nios2_gen2_irq.o)
 .debug_info    0x00000000000017c3       0xc9 f:/intelfpga/nios2eds/bin/gnu/h-x86_64-mingw32/bin/../lib/gcc/nios2-elf/5.3.0/../../../../../H-x86_64-mingw32/nios2-elf/lib/mno-hw-mul\libsmallc.a(lib_a-strlen.o)

.debug_abbrev   0x0000000000000000      0xcc9
 *(.debug_abbrev)
 .debug_abbrev  0x0000000000000000       0x12 ../CLOCK_ALARM_bsp//obj/HAL/src/crt0.o
 .debug_abbrev  0x0000000000000012      0x14f obj/default/hello_world_small.o
 .debug_abbrev  0x0000000000000161      0x1a0 ../CLOCK_ALARM_bsp/\libhal_bsp.a(alt_iic.o)
 .debug_abbrev  0x0000000000000301      0x19c ../CLOCK_ALARM_bsp/\libhal_bsp.a(alt_iic_isr_register.o)
 .debug_abbrev  0x000000000000049d       0x12 ../CLOCK_ALARM_bsp/\libhal_bsp.a(alt_irq_entry.o)
 .debug_abbrev  0x00000000000004af      0x120 ../CLOCK_ALARM_bsp/\libhal_bsp.a(alt_irq_handler.o)
 .debug_abbrev  0x00000000000005cf       0x40 ../CLOCK_ALARM_bsp/\libhal_bsp.a(alt_irq_vars.o)
 .debug_abbrev  0x000000000000060f       0xd8 ../CLOCK_ALARM_bsp/\libhal_bsp.a(alt_load.o)
 .debug_abbrev  0x00000000000006e7       0xee ../CLOCK_ALARM_bsp/\libhal_bsp.a(alt_main.o)
 .debug_abbrev  0x00000000000007d5       0xd3 ../CLOCK_ALARM_bsp/\libhal_bsp.a(alt_putstr.o)
 .debug_abbrev  0x00000000000008a8      0x10e ../CLOCK_ALARM_bsp/\libhal_bsp.a(alt_sys_init.o)
 .debug_abbrev  0x00000000000009b6       0xd5 ../CLOCK_ALARM_bsp/\libhal_bsp.a(altera_avalon_jtag_uart_write.o)
 .debug_abbrev  0x0000000000000a8b       0x42 ../CLOCK_ALARM_bsp/\libhal_bsp.a(alt_dcache_flush_all.o)
 .debug_abbrev  0x0000000000000acd       0x12 ../CLOCK_ALARM_bsp/\libhal_bsp.a(alt_exception_entry.o)
 .debug_abbrev  0x0000000000000adf       0x42 ../CLOCK_ALARM_bsp/\libhal_bsp.a(alt_icache_flush_all.o)
 .debug_abbrev  0x0000000000000b21       0xe7 ../CLOCK_ALARM_bsp/\libhal_bsp.a(alt_instruction_exception_entry.o)
 .debug_abbrev  0x0000000000000c08       0x42 ../CLOCK_ALARM_bsp/\libhal_bsp.a(altera_nios2_gen2_irq.o)
 .debug_abbrev  0x0000000000000c4a       0x7f f:/intelfpga/nios2eds/bin/gnu/h-x86_64-mingw32/bin/../lib/gcc/nios2-elf/5.3.0/../../../../../H-x86_64-mingw32/nios2-elf/lib/mno-hw-mul\libsmallc.a(lib_a-strlen.o)

.debug_line     0x0000000000000000      0xc45
 *(.debug_line)
 .debug_line    0x0000000000000000       0x66 ../CLOCK_ALARM_bsp//obj/HAL/src/crt0.o
 .debug_line    0x0000000000000066       0xfd obj/default/hello_world_small.o
 .debug_line    0x0000000000000163       0xf1 ../CLOCK_ALARM_bsp/\libhal_bsp.a(alt_iic.o)
 .debug_line    0x0000000000000254       0xd6 ../CLOCK_ALARM_bsp/\libhal_bsp.a(alt_iic_isr_register.o)
 .debug_line    0x000000000000032a       0x6b ../CLOCK_ALARM_bsp/\libhal_bsp.a(alt_irq_entry.o)
 .debug_line    0x0000000000000395       0xa5 ../CLOCK_ALARM_bsp/\libhal_bsp.a(alt_irq_handler.o)
 .debug_line    0x000000000000043a       0x50 ../CLOCK_ALARM_bsp/\libhal_bsp.a(alt_irq_vars.o)
 .debug_line    0x000000000000048a       0xa4 ../CLOCK_ALARM_bsp/\libhal_bsp.a(alt_load.o)
 .debug_line    0x000000000000052e       0xbd ../CLOCK_ALARM_bsp/\libhal_bsp.a(alt_main.o)
 .debug_line    0x00000000000005eb       0x96 ../CLOCK_ALARM_bsp/\libhal_bsp.a(alt_putstr.o)
 .debug_line    0x0000000000000681      0x11a ../CLOCK_ALARM_bsp/\libhal_bsp.a(alt_sys_init.o)
 .debug_line    0x000000000000079b       0xf0 ../CLOCK_ALARM_bsp/\libhal_bsp.a(altera_avalon_jtag_uart_write.o)
 .debug_line    0x000000000000088b       0x4e ../CLOCK_ALARM_bsp/\libhal_bsp.a(alt_dcache_flush_all.o)
 .debug_line    0x00000000000008d9       0xb3 ../CLOCK_ALARM_bsp/\libhal_bsp.a(alt_exception_entry.o)
 .debug_line    0x000000000000098c       0x4e ../CLOCK_ALARM_bsp/\libhal_bsp.a(alt_icache_flush_all.o)
 .debug_line    0x00000000000009da       0xbf ../CLOCK_ALARM_bsp/\libhal_bsp.a(alt_instruction_exception_entry.o)
 .debug_line    0x0000000000000a99       0x50 ../CLOCK_ALARM_bsp/\libhal_bsp.a(altera_nios2_gen2_irq.o)
 .debug_line    0x0000000000000ae9      0x15c f:/intelfpga/nios2eds/bin/gnu/h-x86_64-mingw32/bin/../lib/gcc/nios2-elf/5.3.0/../../../../../H-x86_64-mingw32/nios2-elf/lib/mno-hw-mul\libsmallc.a(lib_a-strlen.o)

.debug_frame    0x0000000000000000      0x30c
 *(.debug_frame)
 .debug_frame   0x0000000000000000       0xc0 obj/default/hello_world_small.o
 .debug_frame   0x00000000000000c0       0x50 ../CLOCK_ALARM_bsp/\libhal_bsp.a(alt_iic.o)
 .debug_frame   0x0000000000000110       0x30 ../CLOCK_ALARM_bsp/\libhal_bsp.a(alt_iic_isr_register.o)
 .debug_frame   0x0000000000000140       0x34 ../CLOCK_ALARM_bsp/\libhal_bsp.a(alt_irq_handler.o)
 .debug_frame   0x0000000000000174       0x30 ../CLOCK_ALARM_bsp/\libhal_bsp.a(alt_load.o)
 .debug_frame   0x00000000000001a4       0x2c ../CLOCK_ALARM_bsp/\libhal_bsp.a(alt_main.o)
 .debug_frame   0x00000000000001d0       0x30 ../CLOCK_ALARM_bsp/\libhal_bsp.a(alt_putstr.o)
 .debug_frame   0x0000000000000200       0x3c ../CLOCK_ALARM_bsp/\libhal_bsp.a(alt_sys_init.o)
 .debug_frame   0x000000000000023c       0x20 ../CLOCK_ALARM_bsp/\libhal_bsp.a(altera_avalon_jtag_uart_write.o)
 .debug_frame   0x000000000000025c       0x20 ../CLOCK_ALARM_bsp/\libhal_bsp.a(alt_dcache_flush_all.o)
 .debug_frame   0x000000000000027c       0x20 ../CLOCK_ALARM_bsp/\libhal_bsp.a(alt_icache_flush_all.o)
 .debug_frame   0x000000000000029c       0x30 ../CLOCK_ALARM_bsp/\libhal_bsp.a(alt_instruction_exception_entry.o)
 .debug_frame   0x00000000000002cc       0x20 ../CLOCK_ALARM_bsp/\libhal_bsp.a(altera_nios2_gen2_irq.o)
 .debug_frame   0x00000000000002ec       0x20 f:/intelfpga/nios2eds/bin/gnu/h-x86_64-mingw32/bin/../lib/gcc/nios2-elf/5.3.0/../../../../../H-x86_64-mingw32/nios2-elf/lib/mno-hw-mul\libsmallc.a(lib_a-strlen.o)

.debug_str      0x0000000000000000      0xcbb
 *(.debug_str)
 .debug_str     0x0000000000000000      0x1cb obj/default/hello_world_small.o
                                        0x211 (size before relaxing)
 .debug_str     0x00000000000001cb      0x152 ../CLOCK_ALARM_bsp/\libhal_bsp.a(alt_iic.o)
                                        0x261 (size before relaxing)
 .debug_str     0x000000000000031d       0x37 ../CLOCK_ALARM_bsp/\libhal_bsp.a(alt_iic_isr_register.o)
                                        0x21b (size before relaxing)
 .debug_str     0x0000000000000354       0x3a ../CLOCK_ALARM_bsp/\libhal_bsp.a(alt_irq_handler.o)
                                        0x1a5 (size before relaxing)
 .debug_str     0x000000000000038e       0x17 ../CLOCK_ALARM_bsp/\libhal_bsp.a(alt_irq_vars.o)
                                        0x148 (size before relaxing)
 .debug_str     0x00000000000003a5      0x113 ../CLOCK_ALARM_bsp/\libhal_bsp.a(alt_load.o)
                                        0x24a (size before relaxing)
 .debug_str     0x00000000000004b8       0x8f ../CLOCK_ALARM_bsp/\libhal_bsp.a(alt_main.o)
                                        0x1c3 (size before relaxing)
 .debug_str     0x0000000000000547       0x5f ../CLOCK_ALARM_bsp/\libhal_bsp.a(alt_putstr.o)
                                        0x199 (size before relaxing)
 .debug_str     0x00000000000005a6       0xb9 ../CLOCK_ALARM_bsp/\libhal_bsp.a(alt_sys_init.o)
                                        0x265 (size before relaxing)
 .debug_str     0x000000000000065f       0x39 ../CLOCK_ALARM_bsp/\libhal_bsp.a(altera_avalon_jtag_uart_write.o)
                                        0x223 (size before relaxing)
 .debug_str     0x0000000000000698       0x1f ../CLOCK_ALARM_bsp/\libhal_bsp.a(alt_dcache_flush_all.o)
                                        0x163 (size before relaxing)
 .debug_str     0x00000000000006b7       0x1f ../CLOCK_ALARM_bsp/\libhal_bsp.a(alt_icache_flush_all.o)
                                        0x163 (size before relaxing)
 .debug_str     0x00000000000006d6      0x48b ../CLOCK_ALARM_bsp/\libhal_bsp.a(alt_instruction_exception_entry.o)
                                        0x5ae (size before relaxing)
 .debug_str     0x0000000000000b61       0x20 ../CLOCK_ALARM_bsp/\libhal_bsp.a(altera_nios2_gen2_irq.o)
                                        0x16a (size before relaxing)
 .debug_str     0x0000000000000b81      0x13a f:/intelfpga/nios2eds/bin/gnu/h-x86_64-mingw32/bin/../lib/gcc/nios2-elf/5.3.0/../../../../../H-x86_64-mingw32/nios2-elf/lib/mno-hw-mul\libsmallc.a(lib_a-strlen.o)
                                        0x1e5 (size before relaxing)

.debug_loc      0x0000000000000000      0x51d
 *(.debug_loc)
 .debug_loc     0x0000000000000000       0x42 obj/default/hello_world_small.o
 .debug_loc     0x0000000000000042      0x170 ../CLOCK_ALARM_bsp/\libhal_bsp.a(alt_iic.o)
 .debug_loc     0x00000000000001b2      0x193 ../CLOCK_ALARM_bsp/\libhal_bsp.a(alt_iic_isr_register.o)
 .debug_loc     0x0000000000000345       0x72 ../CLOCK_ALARM_bsp/\libhal_bsp.a(alt_irq_handler.o)
 .debug_loc     0x00000000000003b7       0x37 ../CLOCK_ALARM_bsp/\libhal_bsp.a(alt_putstr.o)
 .debug_loc     0x00000000000003ee       0x21 ../CLOCK_ALARM_bsp/\libhal_bsp.a(alt_sys_init.o)
 .debug_loc     0x000000000000040f       0x8b ../CLOCK_ALARM_bsp/\libhal_bsp.a(altera_avalon_jtag_uart_write.o)
 .debug_loc     0x000000000000049a       0x65 ../CLOCK_ALARM_bsp/\libhal_bsp.a(alt_instruction_exception_entry.o)
 .debug_loc     0x00000000000004ff       0x1e f:/intelfpga/nios2eds/bin/gnu/h-x86_64-mingw32/bin/../lib/gcc/nios2-elf/5.3.0/../../../../../H-x86_64-mingw32/nios2-elf/lib/mno-hw-mul\libsmallc.a(lib_a-strlen.o)

.debug_macinfo
 *(.debug_macinfo)

.debug_weaknames
 *(.debug_weaknames)

.debug_funcnames
 *(.debug_funcnames)

.debug_typenames
 *(.debug_typenames)

.debug_varnames
 *(.debug_varnames)

.debug_alt_sim_info
                0x0000000000000000       0x10
 *(.debug_alt_sim_info)
 .debug_alt_sim_info
                0x0000000000000000       0x10 ../CLOCK_ALARM_bsp//obj/HAL/src/crt0.o
                0x0000000000002000                __alt_data_end = 0x2000
                0x0000000000002000                PROVIDE (__alt_stack_pointer, __alt_data_end)
                [!provide]                        PROVIDE (__alt_stack_limit, __alt_stack_base)
                [!provide]                        PROVIDE (__alt_heap_start, end)
                [!provide]                        PROVIDE (__alt_heap_limit, 0x2000)
OUTPUT(CLOCK_ALARM.elf elf32-littlenios2)

.debug_ranges   0x0000000000000000      0x110
 .debug_ranges  0x0000000000000000       0x20 ../CLOCK_ALARM_bsp//obj/HAL/src/crt0.o
 .debug_ranges  0x0000000000000020       0x18 obj/default/hello_world_small.o
 .debug_ranges  0x0000000000000038       0x28 ../CLOCK_ALARM_bsp/\libhal_bsp.a(alt_irq_entry.o)
 .debug_ranges  0x0000000000000060       0x10 ../CLOCK_ALARM_bsp/\libhal_bsp.a(alt_irq_handler.o)
 .debug_ranges  0x0000000000000070       0x48 ../CLOCK_ALARM_bsp/\libhal_bsp.a(alt_load.o)
 .debug_ranges  0x00000000000000b8       0x30 ../CLOCK_ALARM_bsp/\libhal_bsp.a(alt_exception_entry.o)
 .debug_ranges  0x00000000000000e8       0x18 ../CLOCK_ALARM_bsp/\libhal_bsp.a(alt_instruction_exception_entry.o)
 .debug_ranges  0x0000000000000100       0x10 f:/intelfpga/nios2eds/bin/gnu/h-x86_64-mingw32/bin/../lib/gcc/nios2-elf/5.3.0/../../../../../H-x86_64-mingw32/nios2-elf/lib/mno-hw-mul\libsmallc.a(lib_a-strlen.o)
