Archive member included to satisfy reference by file (symbol)

../alarmaSanti_bsp/\libhal_bsp.a(alt_load.o)
                              ../alarmaSanti_bsp//obj/HAL/src/crt0.o (alt_load)
../alarmaSanti_bsp/\libhal_bsp.a(alt_main.o)
                              ../alarmaSanti_bsp//obj/HAL/src/crt0.o (alt_main)
../alarmaSanti_bsp/\libhal_bsp.a(alt_putstr.o)
                              obj/default/hello_world_small.o (alt_putstr)
../alarmaSanti_bsp/\libhal_bsp.a(alt_sys_init.o)
                              ../alarmaSanti_bsp/\libhal_bsp.a(alt_main.o) (alt_irq_init)
../alarmaSanti_bsp/\libhal_bsp.a(altera_avalon_jtag_uart_write.o)
                              ../alarmaSanti_bsp/\libhal_bsp.a(alt_putstr.o) (altera_avalon_jtag_uart_write)
../alarmaSanti_bsp/\libhal_bsp.a(alt_dcache_flush_all.o)
                              ../alarmaSanti_bsp/\libhal_bsp.a(alt_load.o) (alt_dcache_flush_all)
../alarmaSanti_bsp/\libhal_bsp.a(alt_icache_flush_all.o)
                              ../alarmaSanti_bsp/\libhal_bsp.a(alt_load.o) (alt_icache_flush_all)
../alarmaSanti_bsp/\libhal_bsp.a(altera_nios2_gen2_irq.o)
                              ../alarmaSanti_bsp/\libhal_bsp.a(alt_sys_init.o) (altera_nios2_gen2_irq_init)
f:/intelfpga/nios2eds/bin/gnu/h-x86_64-mingw32/bin/../lib/gcc/nios2-elf/5.3.0/../../../../../H-x86_64-mingw32/nios2-elf/lib/mno-hw-mul\libsmallc.a(lib_a-strlen.o)
                              ../alarmaSanti_bsp/\libhal_bsp.a(alt_putstr.o) (strlen)

Memory Configuration

Name             Origin             Length             Attributes
reset            0x0000000000001000 0x0000000000000020
RAM              0x0000000000001020 0x0000000000000fe0
*default*        0x0000000000000000 0xffffffffffffffff

Linker script and memory map

LOAD ../alarmaSanti_bsp//obj/HAL/src/crt0.o
LOAD obj/default/hello_world_small.o
LOAD f:/intelfpga/nios2eds/bin/gnu/h-x86_64-mingw32/bin/../lib/gcc/nios2-elf/5.3.0/../../../../../H-x86_64-mingw32/nios2-elf/lib/mno-hw-mul\libstdc++.a
LOAD f:/intelfpga/nios2eds/bin/gnu/h-x86_64-mingw32/bin/../lib/gcc/nios2-elf/5.3.0/../../../../../H-x86_64-mingw32/nios2-elf/lib/mno-hw-mul\libm.a
LOAD f:/intelfpga/nios2eds/bin/gnu/h-x86_64-mingw32/bin/../lib/gcc/nios2-elf/5.3.0/mno-hw-mul\libgcc.a
START GROUP
LOAD f:/intelfpga/nios2eds/bin/gnu/h-x86_64-mingw32/bin/../lib/gcc/nios2-elf/5.3.0/../../../../../H-x86_64-mingw32/nios2-elf/lib/mno-hw-mul\libsmallc.a
LOAD f:/intelfpga/nios2eds/bin/gnu/h-x86_64-mingw32/bin/../lib/gcc/nios2-elf/5.3.0/mno-hw-mul\libgcc.a
LOAD ../alarmaSanti_bsp/\libhal_bsp.a
LOAD f:/intelfpga/nios2eds/bin/gnu/h-x86_64-mingw32/bin/../lib/gcc/nios2-elf/5.3.0/../../../../../H-x86_64-mingw32/nios2-elf/lib/mno-hw-mul\libm.a
END GROUP
LOAD f:/intelfpga/nios2eds/bin/gnu/h-x86_64-mingw32/bin/../lib/gcc/nios2-elf/5.3.0/mno-hw-mul\libgcc.a
                0x0000000000001000                __alt_mem_RAM = 0x1000

.entry          0x0000000000001000       0x20
 *(.entry)
 .entry         0x0000000000001000       0x20 ../alarmaSanti_bsp//obj/HAL/src/crt0.o
                0x0000000000001000                __reset
                0x000000000000100c                _exit

.exceptions     0x0000000000001020        0x0
                0x0000000000001020                PROVIDE (__ram_exceptions_start, ABSOLUTE (.))
                0x0000000000001020                . = ALIGN (0x20)
 *(.irq)
 *(.exceptions.entry.label)
 *(.exceptions.entry.user)
 *(.exceptions.entry.ecc_fatal)
 *(.exceptions.entry)
 *(.exceptions.irqtest.user)
 *(.exceptions.irqtest)
 *(.exceptions.irqhandler.user)
 *(.exceptions.irqhandler)
 *(.exceptions.irqreturn.user)
 *(.exceptions.irqreturn)
 *(.exceptions.notirq.label)
 *(.exceptions.notirq.user)
 *(.exceptions.notirq)
 *(.exceptions.soft.user)
 *(.exceptions.soft)
 *(.exceptions.unknown.user)
 *(.exceptions.unknown)
 *(.exceptions.exit.label)
 *(.exceptions.exit.user)
 *(.exceptions.exit)
 *(.exceptions)
                0x0000000000001020                PROVIDE (__ram_exceptions_end, ABSOLUTE (.))
                0x0000000000001020                PROVIDE (__flash_exceptions_start, LOADADDR (.exceptions))

.text           0x0000000000001020      0x40c
                [!provide]                        PROVIDE (stext, ABSOLUTE (.))
 *(.interp)
 *(.hash)
 *(.dynsym)
 *(.dynstr)
 *(.gnu.version)
 *(.gnu.version_d)
 *(.gnu.version_r)
 *(.rel.init)
 *(.rela.init)
 *(.rel.text .rel.text.* .rel.gnu.linkonce.t.*)
 *(.rela.text .rela.text.* .rela.gnu.linkonce.t.*)
 *(.rel.fini)
 *(.rela.fini)
 *(.rel.rodata .rel.rodata.* .rel.gnu.linkonce.r.*)
 *(.rela.rodata .rela.rodata.* .rela.gnu.linkonce.r.*)
 *(.rel.data .rel.data.* .rel.gnu.linkonce.d.*)
 *(.rela.data .rela.data.* .rela.gnu.linkonce.d.*)
 *(.rel.tdata .rel.tdata.* .rel.gnu.linkonce.td.*)
 *(.rela.tdata .rela.tdata.* .rela.gnu.linkonce.td.*)
 *(.rel.tbss .rel.tbss.* .rel.gnu.linkonce.tb.*)
 *(.rela.tbss .rela.tbss.* .rela.gnu.linkonce.tb.*)
 *(.rel.ctors)
 *(.rela.ctors)
 *(.rel.dtors)
 *(.rela.dtors)
 *(.rel.got)
 *(.rela.got)
 *(.rel.sdata .rel.sdata.* .rel.gnu.linkonce.s.*)
 *(.rela.sdata .rela.sdata.* .rela.gnu.linkonce.s.*)
 *(.rel.sbss .rel.sbss.* .rel.gnu.linkonce.sb.*)
 *(.rela.sbss .rela.sbss.* .rela.gnu.linkonce.sb.*)
 *(.rel.sdata2 .rel.sdata2.* .rel.gnu.linkonce.s2.*)
 *(.rela.sdata2 .rela.sdata2.* .rela.gnu.linkonce.s2.*)
 *(.rel.sbss2 .rel.sbss2.* .rel.gnu.linkonce.sb2.*)
 *(.rela.sbss2 .rela.sbss2.* .rela.gnu.linkonce.sb2.*)
 *(.rel.bss .rel.bss.* .rel.gnu.linkonce.b.*)
 *(.rela.bss .rela.bss.* .rela.gnu.linkonce.b.*)
 *(.rel.plt)
 *(.rela.plt)
 *(.rel.dyn)
 *(.init)
 *(.plt)
 *(.text .stub .text.* .gnu.linkonce.t.*)
 .text          0x0000000000001020       0x3c ../alarmaSanti_bsp//obj/HAL/src/crt0.o
                0x0000000000001020                _start
 .text          0x000000000000105c      0x16c obj/default/hello_world_small.o
                0x000000000000105c                init_time
                0x0000000000001090                increment_hours
                0x00000000000010fc                increment_minutes
                0x000000000000115c                increment_time
                0x00000000000011bc                SetupTimerCore
 .text.startup  0x00000000000011c8       0x9c obj/default/hello_world_small.o
                0x00000000000011c8                main
 .text          0x0000000000001264       0xe0 ../alarmaSanti_bsp/\libhal_bsp.a(alt_load.o)
                0x0000000000001264                alt_load
 .text          0x0000000000001344       0x2c ../alarmaSanti_bsp/\libhal_bsp.a(alt_main.o)
                0x0000000000001344                alt_main
 .text          0x0000000000001370       0x38 ../alarmaSanti_bsp/\libhal_bsp.a(alt_putstr.o)
                0x0000000000001370                alt_putstr
 .text          0x00000000000013a8       0x24 ../alarmaSanti_bsp/\libhal_bsp.a(alt_sys_init.o)
                0x00000000000013a8                alt_irq_init
                0x00000000000013c8                alt_sys_init
 .text          0x00000000000013cc       0x34 ../alarmaSanti_bsp/\libhal_bsp.a(altera_avalon_jtag_uart_write.o)
                0x00000000000013cc                altera_avalon_jtag_uart_write
 .text          0x0000000000001400        0x4 ../alarmaSanti_bsp/\libhal_bsp.a(alt_dcache_flush_all.o)
                0x0000000000001400                alt_dcache_flush_all
 .text          0x0000000000001404        0x4 ../alarmaSanti_bsp/\libhal_bsp.a(alt_icache_flush_all.o)
                0x0000000000001404                alt_icache_flush_all
 .text          0x0000000000001408        0x8 ../alarmaSanti_bsp/\libhal_bsp.a(altera_nios2_gen2_irq.o)
                0x0000000000001408                altera_nios2_gen2_irq_init
 .text          0x0000000000001410        0x0 f:/intelfpga/nios2eds/bin/gnu/h-x86_64-mingw32/bin/../lib/gcc/nios2-elf/5.3.0/../../../../../H-x86_64-mingw32/nios2-elf/lib/mno-hw-mul\libsmallc.a(lib_a-strlen.o)
 .text.strlen   0x0000000000001410       0x1c f:/intelfpga/nios2eds/bin/gnu/h-x86_64-mingw32/bin/../lib/gcc/nios2-elf/5.3.0/../../../../../H-x86_64-mingw32/nios2-elf/lib/mno-hw-mul\libsmallc.a(lib_a-strlen.o)
                0x0000000000001410                strlen
 *(.gnu.warning.*)
 *(.fini)
                [!provide]                        PROVIDE (__etext, ABSOLUTE (.))
                [!provide]                        PROVIDE (_etext, ABSOLUTE (.))
                [!provide]                        PROVIDE (etext, ABSOLUTE (.))
 *(.eh_frame_hdr)
                0x000000000000142c                . = ALIGN (0x4)
                [!provide]                        PROVIDE (__preinit_array_start, ABSOLUTE (.))
 *(.preinit_array)
                [!provide]                        PROVIDE (__preinit_array_end, ABSOLUTE (.))
                [!provide]                        PROVIDE (__init_array_start, ABSOLUTE (.))
 *(.init_array)
                [!provide]                        PROVIDE (__init_array_end, ABSOLUTE (.))
                [!provide]                        PROVIDE (__fini_array_start, ABSOLUTE (.))
 *(.fini_array)
                [!provide]                        PROVIDE (__fini_array_end, ABSOLUTE (.))
 *(.eh_frame)
 *(.gcc_except_table .gcc_except_table.*)
 *(.dynamic)
                [!provide]                        PROVIDE (__CTOR_LIST__, ABSOLUTE (.))
 *(.ctors)
 *(SORT(.ctors.*))
                [!provide]                        PROVIDE (__CTOR_END__, ABSOLUTE (.))
                [!provide]                        PROVIDE (__DTOR_LIST__, ABSOLUTE (.))
 *(.dtors)
 *(SORT(.dtors.*))
                [!provide]                        PROVIDE (__DTOR_END__, ABSOLUTE (.))
 *(.jcr)
                0x000000000000142c                . = ALIGN (0x4)

.rodata         0x000000000000142c       0x2c
                0x000000000000142c                PROVIDE (__ram_rodata_start, ABSOLUTE (.))
                0x000000000000142c                . = ALIGN (0x4)
 *(.rodata .rodata.* .gnu.linkonce.r.*)
 .rodata.str1.4
                0x000000000000142c       0x2c obj/default/hello_world_small.o
 *(.rodata1)
                0x0000000000001458                . = ALIGN (0x4)
                0x0000000000001458                PROVIDE (__ram_rodata_end, ABSOLUTE (.))
                0x000000000000142c                PROVIDE (__flash_rodata_start, LOADADDR (.rodata))

.rwdata         0x0000000000001458       0x24 load address 0x000000000000147c
                0x0000000000001458                PROVIDE (__ram_rwdata_start, ABSOLUTE (.))
                0x0000000000001458                . = ALIGN (0x4)
 *(.got.plt)
 *(.got)
 *(.data1)
 *(.data .data.* .gnu.linkonce.d.*)
 .data          0x0000000000001458        0x0 ../alarmaSanti_bsp//obj/HAL/src/crt0.o
 .data          0x0000000000001458        0x0 obj/default/hello_world_small.o
 .data          0x0000000000001458        0x0 ../alarmaSanti_bsp/\libhal_bsp.a(alt_load.o)
 .data          0x0000000000001458        0x0 ../alarmaSanti_bsp/\libhal_bsp.a(alt_main.o)
 .data          0x0000000000001458        0x0 ../alarmaSanti_bsp/\libhal_bsp.a(alt_putstr.o)
 .data          0x0000000000001458        0x0 ../alarmaSanti_bsp/\libhal_bsp.a(alt_sys_init.o)
 .data          0x0000000000001458        0x0 ../alarmaSanti_bsp/\libhal_bsp.a(altera_avalon_jtag_uart_write.o)
 .data          0x0000000000001458        0x0 ../alarmaSanti_bsp/\libhal_bsp.a(alt_dcache_flush_all.o)
 .data          0x0000000000001458        0x0 ../alarmaSanti_bsp/\libhal_bsp.a(alt_icache_flush_all.o)
 .data          0x0000000000001458        0x0 ../alarmaSanti_bsp/\libhal_bsp.a(altera_nios2_gen2_irq.o)
 .data          0x0000000000001458        0x0 f:/intelfpga/nios2eds/bin/gnu/h-x86_64-mingw32/bin/../lib/gcc/nios2-elf/5.3.0/../../../../../H-x86_64-mingw32/nios2-elf/lib/mno-hw-mul\libsmallc.a(lib_a-strlen.o)
                0x0000000000009458                _gp = ABSOLUTE ((. + 0x8000))
                [!provide]                        PROVIDE (gp, _gp)
 *(.rwdata .rwdata.*)
 *(.sdata .sdata.* .gnu.linkonce.s.*)
 .sdata         0x0000000000001458       0x20 obj/default/hello_world_small.o
                0x0000000000001458                alarm_S_1
                0x000000000000145c                alarm_M_2
                0x0000000000001460                S_2
                0x0000000000001464                S_1
                0x0000000000001468                M_2
                0x000000000000146c                M_1
                0x0000000000001470                H_2
                0x0000000000001474                H_1
 .sdata         0x0000000000001478        0x4 ../alarmaSanti_bsp/\libhal_bsp.a(alt_sys_init.o)
                0x0000000000001478                UART
 *(.sdata2 .sdata2.* .gnu.linkonce.s2.*)
                0x000000000000147c                . = ALIGN (0x4)
                0x000000000000147c                _edata = ABSOLUTE (.)
                [!provide]                        PROVIDE (edata, ABSOLUTE (.))
                0x000000000000147c                PROVIDE (__ram_rwdata_end, ABSOLUTE (.))
                0x000000000000147c                PROVIDE (__flash_rwdata_start, LOADADDR (.rwdata))

.bss            0x00000000000014a0       0x1c
                0x00000000000014a0                __bss_start = ABSOLUTE (.)
                [!provide]                        PROVIDE (__sbss_start, ABSOLUTE (.))
                [!provide]                        PROVIDE (___sbss_start, ABSOLUTE (.))
 *(.dynsbss)
 *(.sbss .sbss.* .gnu.linkonce.sb.*)
 .sbss          0x00000000000014a0       0x10 obj/default/hello_world_small.o
                0x00000000000014a0                alarm_S_2
                0x00000000000014a4                alarm_M_1
                0x00000000000014a8                alarm_H_2
                0x00000000000014ac                alarm_H_1
 .sbss          0x00000000000014b0        0xc ../alarmaSanti_bsp/\libhal_bsp.a(alt_main.o)
                0x00000000000014b0                alt_envp
                0x00000000000014b4                alt_argv
                0x00000000000014b8                alt_argc
 *(.sbss2 .sbss2.* .gnu.linkonce.sb2.*)
 *(.scommon)
                [!provide]                        PROVIDE (__sbss_end, ABSOLUTE (.))
                [!provide]                        PROVIDE (___sbss_end, ABSOLUTE (.))
 *(.dynbss)
 *(.bss .bss.* .gnu.linkonce.b.*)
 .bss           0x00000000000014bc        0x0 ../alarmaSanti_bsp//obj/HAL/src/crt0.o
 .bss           0x00000000000014bc        0x0 obj/default/hello_world_small.o
 .bss           0x00000000000014bc        0x0 ../alarmaSanti_bsp/\libhal_bsp.a(alt_load.o)
 .bss           0x00000000000014bc        0x0 ../alarmaSanti_bsp/\libhal_bsp.a(alt_main.o)
 .bss           0x00000000000014bc        0x0 ../alarmaSanti_bsp/\libhal_bsp.a(alt_putstr.o)
 .bss           0x00000000000014bc        0x0 ../alarmaSanti_bsp/\libhal_bsp.a(alt_sys_init.o)
 .bss           0x00000000000014bc        0x0 ../alarmaSanti_bsp/\libhal_bsp.a(altera_avalon_jtag_uart_write.o)
 .bss           0x00000000000014bc        0x0 ../alarmaSanti_bsp/\libhal_bsp.a(alt_dcache_flush_all.o)
 .bss           0x00000000000014bc        0x0 ../alarmaSanti_bsp/\libhal_bsp.a(alt_icache_flush_all.o)
 .bss           0x00000000000014bc        0x0 ../alarmaSanti_bsp/\libhal_bsp.a(altera_nios2_gen2_irq.o)
 .bss           0x00000000000014bc        0x0 f:/intelfpga/nios2eds/bin/gnu/h-x86_64-mingw32/bin/../lib/gcc/nios2-elf/5.3.0/../../../../../H-x86_64-mingw32/nios2-elf/lib/mno-hw-mul\libsmallc.a(lib_a-strlen.o)
 *(COMMON)
                0x00000000000014bc                . = ALIGN (0x4)
                0x00000000000014bc                __bss_end = ABSOLUTE (.)

.RAM            0x00000000000014bc        0x0
                [!provide]                        PROVIDE (_alt_partition_RAM_start, ABSOLUTE (.))
 *(.RAM .RAM. RAM.*)
                0x00000000000014bc                . = ALIGN (0x4)
                [!provide]                        PROVIDE (_alt_partition_RAM_end, ABSOLUTE (.))
                0x00000000000014bc                _end = ABSOLUTE (.)
                0x00000000000014bc                end = ABSOLUTE (.)
                0x00000000000014bc                __alt_stack_base = ABSOLUTE (.)
                [!provide]                        PROVIDE (_alt_partition_RAM_load_addr, LOADADDR (.RAM))

.stab
 *(.stab)

.stabstr
 *(.stabstr)

.stab.excl
 *(.stab.excl)

.stab.exclstr
 *(.stab.exclstr)

.stab.index
 *(.stab.index)

.stab.indexstr
 *(.stab.indexstr)

.comment        0x0000000000000000       0x23
 *(.comment)
 .comment       0x0000000000000000       0x23 obj/default/hello_world_small.o
                                         0x24 (size before relaxing)
 .comment       0x0000000000000023       0x24 ../alarmaSanti_bsp/\libhal_bsp.a(alt_load.o)
 .comment       0x0000000000000023       0x24 ../alarmaSanti_bsp/\libhal_bsp.a(alt_main.o)
 .comment       0x0000000000000023       0x24 ../alarmaSanti_bsp/\libhal_bsp.a(alt_putstr.o)
 .comment       0x0000000000000023       0x24 ../alarmaSanti_bsp/\libhal_bsp.a(alt_sys_init.o)
 .comment       0x0000000000000023       0x24 ../alarmaSanti_bsp/\libhal_bsp.a(altera_avalon_jtag_uart_write.o)
 .comment       0x0000000000000023       0x24 ../alarmaSanti_bsp/\libhal_bsp.a(alt_dcache_flush_all.o)
 .comment       0x0000000000000023       0x24 ../alarmaSanti_bsp/\libhal_bsp.a(alt_icache_flush_all.o)
 .comment       0x0000000000000023       0x24 ../alarmaSanti_bsp/\libhal_bsp.a(altera_nios2_gen2_irq.o)
 .comment       0x0000000000000023       0x24 f:/intelfpga/nios2eds/bin/gnu/h-x86_64-mingw32/bin/../lib/gcc/nios2-elf/5.3.0/../../../../../H-x86_64-mingw32/nios2-elf/lib/mno-hw-mul\libsmallc.a(lib_a-strlen.o)

.debug
 *(.debug)

.line
 *(.line)

.debug_srcinfo
 *(.debug_srcinfo)

.debug_sfnames
 *(.debug_sfnames)

.debug_aranges  0x0000000000000000      0x170
 *(.debug_aranges)
 .debug_aranges
                0x0000000000000000       0x28 ../alarmaSanti_bsp//obj/HAL/src/crt0.o
 .debug_aranges
                0x0000000000000028       0x28 obj/default/hello_world_small.o
 .debug_aranges
                0x0000000000000050       0x20 ../alarmaSanti_bsp/\libhal_bsp.a(alt_load.o)
 .debug_aranges
                0x0000000000000070       0x20 ../alarmaSanti_bsp/\libhal_bsp.a(alt_main.o)
 .debug_aranges
                0x0000000000000090       0x20 ../alarmaSanti_bsp/\libhal_bsp.a(alt_putstr.o)
 .debug_aranges
                0x00000000000000b0       0x20 ../alarmaSanti_bsp/\libhal_bsp.a(alt_sys_init.o)
 .debug_aranges
                0x00000000000000d0       0x20 ../alarmaSanti_bsp/\libhal_bsp.a(altera_avalon_jtag_uart_write.o)
 .debug_aranges
                0x00000000000000f0       0x20 ../alarmaSanti_bsp/\libhal_bsp.a(alt_dcache_flush_all.o)
 .debug_aranges
                0x0000000000000110       0x20 ../alarmaSanti_bsp/\libhal_bsp.a(alt_icache_flush_all.o)
 .debug_aranges
                0x0000000000000130       0x20 ../alarmaSanti_bsp/\libhal_bsp.a(altera_nios2_gen2_irq.o)
 .debug_aranges
                0x0000000000000150       0x20 f:/intelfpga/nios2eds/bin/gnu/h-x86_64-mingw32/bin/../lib/gcc/nios2-elf/5.3.0/../../../../../H-x86_64-mingw32/nios2-elf/lib/mno-hw-mul\libsmallc.a(lib_a-strlen.o)

.debug_pubnames
 *(.debug_pubnames)

.debug_info     0x0000000000000000      0xcb6
 *(.debug_info .gnu.linkonce.wi.*)
 .debug_info    0x0000000000000000       0x9e ../alarmaSanti_bsp//obj/HAL/src/crt0.o
 .debug_info    0x000000000000009e      0x211 obj/default/hello_world_small.o
 .debug_info    0x00000000000002af      0x1c9 ../alarmaSanti_bsp/\libhal_bsp.a(alt_load.o)
 .debug_info    0x0000000000000478      0x169 ../alarmaSanti_bsp/\libhal_bsp.a(alt_main.o)
 .debug_info    0x00000000000005e1      0x13a ../alarmaSanti_bsp/\libhal_bsp.a(alt_putstr.o)
 .debug_info    0x000000000000071b      0x185 ../alarmaSanti_bsp/\libhal_bsp.a(alt_sys_init.o)
 .debug_info    0x00000000000008a0      0x197 ../alarmaSanti_bsp/\libhal_bsp.a(altera_avalon_jtag_uart_write.o)
 .debug_info    0x0000000000000a37       0x92 ../alarmaSanti_bsp/\libhal_bsp.a(alt_dcache_flush_all.o)
 .debug_info    0x0000000000000ac9       0x92 ../alarmaSanti_bsp/\libhal_bsp.a(alt_icache_flush_all.o)
 .debug_info    0x0000000000000b5b       0x92 ../alarmaSanti_bsp/\libhal_bsp.a(altera_nios2_gen2_irq.o)
 .debug_info    0x0000000000000bed       0xc9 f:/intelfpga/nios2eds/bin/gnu/h-x86_64-mingw32/bin/../lib/gcc/nios2-elf/5.3.0/../../../../../H-x86_64-mingw32/nios2-elf/lib/mno-hw-mul\libsmallc.a(lib_a-strlen.o)

.debug_abbrev   0x0000000000000000      0x701
 *(.debug_abbrev)
 .debug_abbrev  0x0000000000000000       0x12 ../alarmaSanti_bsp//obj/HAL/src/crt0.o
 .debug_abbrev  0x0000000000000012      0x135 obj/default/hello_world_small.o
 .debug_abbrev  0x0000000000000147       0xd8 ../alarmaSanti_bsp/\libhal_bsp.a(alt_load.o)
 .debug_abbrev  0x000000000000021f       0xee ../alarmaSanti_bsp/\libhal_bsp.a(alt_main.o)
 .debug_abbrev  0x000000000000030d       0xd3 ../alarmaSanti_bsp/\libhal_bsp.a(alt_putstr.o)
 .debug_abbrev  0x00000000000003e0      0x107 ../alarmaSanti_bsp/\libhal_bsp.a(alt_sys_init.o)
 .debug_abbrev  0x00000000000004e7       0xd5 ../alarmaSanti_bsp/\libhal_bsp.a(altera_avalon_jtag_uart_write.o)
 .debug_abbrev  0x00000000000005bc       0x42 ../alarmaSanti_bsp/\libhal_bsp.a(alt_dcache_flush_all.o)
 .debug_abbrev  0x00000000000005fe       0x42 ../alarmaSanti_bsp/\libhal_bsp.a(alt_icache_flush_all.o)
 .debug_abbrev  0x0000000000000640       0x42 ../alarmaSanti_bsp/\libhal_bsp.a(altera_nios2_gen2_irq.o)
 .debug_abbrev  0x0000000000000682       0x7f f:/intelfpga/nios2eds/bin/gnu/h-x86_64-mingw32/bin/../lib/gcc/nios2-elf/5.3.0/../../../../../H-x86_64-mingw32/nios2-elf/lib/mno-hw-mul\libsmallc.a(lib_a-strlen.o)

.debug_line     0x0000000000000000      0x776
 *(.debug_line)
 .debug_line    0x0000000000000000       0x66 ../alarmaSanti_bsp//obj/HAL/src/crt0.o
 .debug_line    0x0000000000000066       0xe0 obj/default/hello_world_small.o
 .debug_line    0x0000000000000146       0xa4 ../alarmaSanti_bsp/\libhal_bsp.a(alt_load.o)
 .debug_line    0x00000000000001ea       0xbd ../alarmaSanti_bsp/\libhal_bsp.a(alt_main.o)
 .debug_line    0x00000000000002a7       0x96 ../alarmaSanti_bsp/\libhal_bsp.a(alt_putstr.o)
 .debug_line    0x000000000000033d      0x101 ../alarmaSanti_bsp/\libhal_bsp.a(alt_sys_init.o)
 .debug_line    0x000000000000043e       0xf0 ../alarmaSanti_bsp/\libhal_bsp.a(altera_avalon_jtag_uart_write.o)
 .debug_line    0x000000000000052e       0x4e ../alarmaSanti_bsp/\libhal_bsp.a(alt_dcache_flush_all.o)
 .debug_line    0x000000000000057c       0x4e ../alarmaSanti_bsp/\libhal_bsp.a(alt_icache_flush_all.o)
 .debug_line    0x00000000000005ca       0x50 ../alarmaSanti_bsp/\libhal_bsp.a(altera_nios2_gen2_irq.o)
 .debug_line    0x000000000000061a      0x15c f:/intelfpga/nios2eds/bin/gnu/h-x86_64-mingw32/bin/../lib/gcc/nios2-elf/5.3.0/../../../../../H-x86_64-mingw32/nios2-elf/lib/mno-hw-mul\libsmallc.a(lib_a-strlen.o)

.debug_frame    0x0000000000000000      0x1e0
 *(.debug_frame)
 .debug_frame   0x0000000000000000       0x78 obj/default/hello_world_small.o
 .debug_frame   0x0000000000000078       0x30 ../alarmaSanti_bsp/\libhal_bsp.a(alt_load.o)
 .debug_frame   0x00000000000000a8       0x2c ../alarmaSanti_bsp/\libhal_bsp.a(alt_main.o)
 .debug_frame   0x00000000000000d4       0x30 ../alarmaSanti_bsp/\libhal_bsp.a(alt_putstr.o)
 .debug_frame   0x0000000000000104       0x3c ../alarmaSanti_bsp/\libhal_bsp.a(alt_sys_init.o)
 .debug_frame   0x0000000000000140       0x20 ../alarmaSanti_bsp/\libhal_bsp.a(altera_avalon_jtag_uart_write.o)
 .debug_frame   0x0000000000000160       0x20 ../alarmaSanti_bsp/\libhal_bsp.a(alt_dcache_flush_all.o)
 .debug_frame   0x0000000000000180       0x20 ../alarmaSanti_bsp/\libhal_bsp.a(alt_icache_flush_all.o)
 .debug_frame   0x00000000000001a0       0x20 ../alarmaSanti_bsp/\libhal_bsp.a(altera_nios2_gen2_irq.o)
 .debug_frame   0x00000000000001c0       0x20 f:/intelfpga/nios2eds/bin/gnu/h-x86_64-mingw32/bin/../lib/gcc/nios2-elf/5.3.0/../../../../../H-x86_64-mingw32/nios2-elf/lib/mno-hw-mul\libsmallc.a(lib_a-strlen.o)

.debug_str      0x0000000000000000      0x689
 *(.debug_str)
 .debug_str     0x0000000000000000      0x162 obj/default/hello_world_small.o
                                        0x174 (size before relaxing)
 .debug_str     0x0000000000000162      0x1dc ../alarmaSanti_bsp/\libhal_bsp.a(alt_load.o)
                                        0x26c (size before relaxing)
 .debug_str     0x000000000000033e       0x8f ../alarmaSanti_bsp/\libhal_bsp.a(alt_main.o)
                                        0x1e5 (size before relaxing)
 .debug_str     0x00000000000003cd       0x5f ../alarmaSanti_bsp/\libhal_bsp.a(alt_putstr.o)
                                        0x1bb (size before relaxing)
 .debug_str     0x000000000000042c       0x86 ../alarmaSanti_bsp/\libhal_bsp.a(alt_sys_init.o)
                                        0x24f (size before relaxing)
 .debug_str     0x00000000000004b2       0x3f ../alarmaSanti_bsp/\libhal_bsp.a(altera_avalon_jtag_uart_write.o)
                                        0x245 (size before relaxing)
 .debug_str     0x00000000000004f1       0x1f ../alarmaSanti_bsp/\libhal_bsp.a(alt_dcache_flush_all.o)
                                        0x185 (size before relaxing)
 .debug_str     0x0000000000000510       0x1f ../alarmaSanti_bsp/\libhal_bsp.a(alt_icache_flush_all.o)
                                        0x185 (size before relaxing)
 .debug_str     0x000000000000052f       0x20 ../alarmaSanti_bsp/\libhal_bsp.a(altera_nios2_gen2_irq.o)
                                        0x18c (size before relaxing)
 .debug_str     0x000000000000054f      0x13a f:/intelfpga/nios2eds/bin/gnu/h-x86_64-mingw32/bin/../lib/gcc/nios2-elf/5.3.0/../../../../../H-x86_64-mingw32/nios2-elf/lib/mno-hw-mul\libsmallc.a(lib_a-strlen.o)
                                        0x1e5 (size before relaxing)

.debug_loc      0x0000000000000000      0x101
 *(.debug_loc)
 .debug_loc     0x0000000000000000       0x37 ../alarmaSanti_bsp/\libhal_bsp.a(alt_putstr.o)
 .debug_loc     0x0000000000000037       0x21 ../alarmaSanti_bsp/\libhal_bsp.a(alt_sys_init.o)
 .debug_loc     0x0000000000000058       0x8b ../alarmaSanti_bsp/\libhal_bsp.a(altera_avalon_jtag_uart_write.o)
 .debug_loc     0x00000000000000e3       0x1e f:/intelfpga/nios2eds/bin/gnu/h-x86_64-mingw32/bin/../lib/gcc/nios2-elf/5.3.0/../../../../../H-x86_64-mingw32/nios2-elf/lib/mno-hw-mul\libsmallc.a(lib_a-strlen.o)

.debug_macinfo
 *(.debug_macinfo)

.debug_weaknames
 *(.debug_weaknames)

.debug_funcnames
 *(.debug_funcnames)

.debug_typenames
 *(.debug_typenames)

.debug_varnames
 *(.debug_varnames)

.debug_alt_sim_info
                0x0000000000000000       0x10
 *(.debug_alt_sim_info)
 .debug_alt_sim_info
                0x0000000000000000       0x10 ../alarmaSanti_bsp//obj/HAL/src/crt0.o
                0x0000000000002000                __alt_data_end = 0x2000
                0x0000000000002000                PROVIDE (__alt_stack_pointer, __alt_data_end)
                [!provide]                        PROVIDE (__alt_stack_limit, __alt_stack_base)
                [!provide]                        PROVIDE (__alt_heap_start, end)
                [!provide]                        PROVIDE (__alt_heap_limit, 0x2000)
OUTPUT(alarmaSanti.elf elf32-littlenios2)

.debug_ranges   0x0000000000000000       0x90
 .debug_ranges  0x0000000000000000       0x20 ../alarmaSanti_bsp//obj/HAL/src/crt0.o
 .debug_ranges  0x0000000000000020       0x18 obj/default/hello_world_small.o
 .debug_ranges  0x0000000000000038       0x48 ../alarmaSanti_bsp/\libhal_bsp.a(alt_load.o)
 .debug_ranges  0x0000000000000080       0x10 f:/intelfpga/nios2eds/bin/gnu/h-x86_64-mingw32/bin/../lib/gcc/nios2-elf/5.3.0/../../../../../H-x86_64-mingw32/nios2-elf/lib/mno-hw-mul\libsmallc.a(lib_a-strlen.o)
